/home/geonu/.venvs/yard-rl/lib/python3.12/site-packages/torch/_subclasses/functional_tensor.py:368: UserWarning: Failed to initialize NumPy: No module named 'numpy' (Triggered internally at /__w/pytorch/pytorch/torch/csrc/utils/tensor_numpy.cpp:84.)
  cpu = _conversion_method_template(device=torch.device("cpu"))
[eval] SF 기준선 24
[eval] WAITON:88000
[eval] DIFF1:88000
[eval] WAITON:99000
[eval] DIFF1:99000
[eval] WAITON:123000
[eval] DIFF1:123000
[diag] P1 순위 재진단
[diag DIFF1 s88000] {"n_decisions": 1858, "R1_top1_agree": 0.2228, "R2_spearman_mean": 0.0427, "R3_confusion": {"both_wait": 225, "q_only": 421, "c_only": 187, "neither": 930}, "R3_p_cw_given_qw": 0.3483, "R3_n_mixed": 1763}
[diag DIFF1 s99000] {"n_decisions": 1437, "R1_top1_agree": 0.2909, "R2_spearman_mean": 0.1987, "R3_confusion": {"both_wait": 311, "q_only": 357, "c_only": 145, "neither": 519}, "R3_p_cw_given_qw": 0.4656, "R3_n_mixed": 1332}
[diag DIFF1 s123000] {"n_decisions": 1329, "R1_top1_agree": 0.2641, "R2_spearman_mean": -0.0401, "R3_confusion": {"both_wait": 174, "q_only": 348, "c_only": 129, "neither": 585}, "R3_p_cw_given_qw": 0.3333, "R3_n_mixed": 1236}
{
 "P1_rank": {
  "per_seed": {
   "88000": {
    "n_decisions": 1858,
    "R1_top1_agree": 0.2228,
    "R2_spearman_mean": 0.0427,
    "R3_confusion": {
     "both_wait": 225,
     "q_only": 421,
     "c_only": 187,
     "neither": 930
    },
    "R3_p_cw_given_qw": 0.3483,
    "R3_n_mixed": 1763
   },
   "99000": {
    "n_decisions": 1437,
    "R1_top1_agree": 0.2909,
    "R2_spearman_mean": 0.1987,
    "R3_confusion": {
     "both_wait": 311,
     "q_only": 357,
     "c_only": 145,
     "neither": 519
    },
    "R3_p_cw_given_qw": 0.4656,
    "R3_n_mixed": 1332
   },
   "123000": {
    "n_decisions": 1329,
    "R1_top1_agree": 0.2641,
    "R2_spearman_mean": -0.0401,
    "R3_confusion": {
     "both_wait": 174,
     "q_only": 348,
     "c_only": 129,
     "neither": 585
    },
    "R3_p_cw_given_qw": 0.3333,
    "R3_n_mixed": 1236
   }
  },
  "pass": false
 },
 "P2_wait": {
  "strategic_wait_rate": 0.3648,
  "wait_dominates": 2,
  "pass": false
 },
 "P3_cost": {
  "d_total": {
   "n": 72,
   "mean": 10.798,
   "sd": 46.042,
   "ci": [
    -0.022,
    21.617
   ],
   "mde80": 15.414,
   "label": "검출 실패(표본 부족 — MDE 15.41, δ=10.00, TOST 미통과)",
   "required_n_for_mean": 145,
   "required_n_for_delta": 169,
   "equivalent": false,
   "tost_ci90": [
    1.755,
    19.841
   ]
  },
  "d_a2o": {
   "n": 72,
   "mean": 1.553,
   "sd": 11.694,
   "ci": [
    -1.194,
    4.301
   ],
   "mde80": 3.915,
   "label": "검출 실패(표본 부족 — MDE 3.91, δ=1.00, TOST 미통과)",
   "required_n_for_mean": 447,
   "required_n_for_delta": 1076,
   "equivalent": false,
   "tost_ci90": [
    -0.743,
    3.85
   ]
  },
  "pass": false
 },
 "P4_balloon": {
  "repo_share_mean": 0.1595,
  "repo_dominates": 1,
  "pass": false
 },
 "P5_guard": {
  "compl_min": 0.6888888888888889,
  "backlog_max": 28,
  "unhealthy": {
   "DIFF1": 6,
   "WAITON": 3
  },
  "pass": false
 },
 "success": false,
 "reference_vs_sf": {
  "DIFF1_vs_SF": {
   "n": 72,
   "mean": 58.863,
   "sd": 35.884,
   "ci": [
    50.431,
    67.296
   ],
   "mde80": 12.013,
   "label": "유의(악화)",
   "required_n_for_mean": 6,
   "required_n_for_delta": 104,
   "equivalent": false,
   "tost_ci90": [
    51.815,
    65.911
   ]
  },
  "WAITON_vs_SF": {
   "n": 72,
   "mean": 48.066,
   "sd": 22.965,
   "ci": [
    42.669,
    53.462
   ],
   "mde80": 7.688,
   "label": "유의(악화)",
   "required_n_for_mean": 4,
   "required_n_for_delta": 44,
   "equivalent": false,
   "tost_ci90": [
    43.555,
    52.576
   ]
  }
 },
 "train_meta": {
  "88000": {
   "n_targets": 80782,
   "n_updates": 1024,
   "wall_s": 9110.2,
   "horizon_s": 600.0
  },
  "99000": {
   "n_targets": 80925,
   "n_updates": 1030,
   "wall_s": 8010.2,
   "horizon_s": 600.0
  },
  "123000": {
   "n_targets": 81817,
   "n_updates": 1038,
   "wall_s": 7456.1,
   "horizon_s": 600.0
  }
 }
}
DONE
