/home/geonu/.venvs/yard-rl/lib/python3.12/site-packages/torch/_subclasses/functional_tensor.py:368: UserWarning: Failed to initialize NumPy: No module named 'numpy' (Triggered internally at /__w/pytorch/pytorch/torch/csrc/utils/tensor_numpy.cpp:84.)
  cpu = _conversion_method_template(device=torch.device("cpu"))
[DIFF1 s123000 ep25] wait=18.40 berth=120.2 healthy=1.00 compl=1.000
[DIFF1 s123000 ep50] wait=22.64 berth=139.3 healthy=1.00 compl=0.992
[DIFF1 s123000 ep75] wait=22.21 berth=118.8 healthy=1.00 compl=0.992
[DIFF1 s123000 ep100] wait=26.37 berth=155.2 healthy=0.94 compl=1.000
[DIFF1 s123000 ep125] wait=29.23 berth=190.6 healthy=0.50 compl=0.991
[DIFF1 s123000 ep150] wait=23.62 berth=185.5 healthy=0.81 compl=0.993
[DIFF1 s123000 ep175] wait=25.89 berth=210.8 healthy=0.44 compl=0.985
[DIFF1 s123000 ep200] wait=28.51 berth=214.9 healthy=0.19 compl=0.963
[DIFF1 s123000 ep225] wait=25.69 berth=215.3 healthy=0.31 compl=0.939
[DIFF1 s123000 ep250] wait=26.88 berth=215.3 healthy=0.06 compl=0.837
[DIFF1 s123000 ep275] wait=27.32 berth=215.0 healthy=0.00 compl=0.848
[DIFF1 s123000 ep300] wait=25.85 berth=208.9 healthy=0.19 compl=0.965
[DIFF1 s123000 ep325] wait=24.32 berth=206.3 healthy=0.50 compl=0.971
[DIFF1 s123000 ep350] wait=23.54 berth=131.7 healthy=1.00 compl=0.974
[DIFF1 s123000 ep375] wait=21.92 berth=151.1 healthy=0.94 compl=0.989
[DIFF1 s123000 ep400] wait=18.96 berth=167.3 healthy=0.88 compl=0.976
[DIFF1 s123000 ep425] wait=14.39 berth=140.1 healthy=0.94 compl=1.000
[DIFF1 s123000 ep450] wait=19.26 berth=196.2 healthy=0.88 compl=0.985
[DIFF1 s123000 ep475] wait=12.27 berth=166.2 healthy=0.88 compl=0.980
[DIFF1 s123000 ep500] wait=11.36 berth=126.6 healthy=0.94 compl=1.000
[train DIFF1 s123000] {'n_targets': 81817, 'n_updates': 1038, 'wall_s': 7456.1, 'horizon_s': 600.0}
DONE
