/home/geonu/.venvs/yard-rl/lib/python3.12/site-packages/torch/_subclasses/functional_tensor.py:368: UserWarning: Failed to initialize NumPy: No module named 'numpy' (Triggered internally at /__w/pytorch/pytorch/torch/csrc/utils/tensor_numpy.cpp:84.)
  cpu = _conversion_method_template(device=torch.device("cpu"))
[DIFF1 s99000 ep25] wait=19.11 berth=208.0 healthy=0.94 compl=0.936
[DIFF1 s99000 ep50] wait=20.07 berth=208.2 healthy=1.00 compl=0.941
[DIFF1 s99000 ep75] wait=21.06 berth=215.6 healthy=0.62 compl=0.930
[DIFF1 s99000 ep100] wait=23.93 berth=214.5 healthy=0.31 compl=0.892
[DIFF1 s99000 ep125] wait=28.69 berth=215.6 healthy=0.25 compl=0.816
[DIFF1 s99000 ep150] wait=27.04 berth=215.6 healthy=0.12 compl=0.809
[DIFF1 s99000 ep175] wait=29.61 berth=215.6 healthy=0.12 compl=0.678
[DIFF1 s99000 ep200] wait=29.34 berth=215.6 healthy=0.12 compl=0.692
[DIFF1 s99000 ep225] wait=31.12 berth=215.6 healthy=0.12 compl=0.707
[DIFF1 s99000 ep250] wait=25.61 berth=215.6 healthy=0.38 compl=0.770
[DIFF1 s99000 ep275] wait=24.84 berth=215.6 healthy=0.38 compl=0.783
[DIFF1 s99000 ep300] wait=16.67 berth=215.6 healthy=0.69 compl=0.860
[DIFF1 s99000 ep325] wait=14.59 berth=215.6 healthy=0.81 compl=0.941
[DIFF1 s99000 ep350] wait=10.74 berth=204.5 healthy=0.94 compl=0.970
[DIFF1 s99000 ep375] wait=14.01 berth=201.2 healthy=0.88 compl=0.972
[DIFF1 s99000 ep400] wait=14.63 berth=215.6 healthy=0.94 compl=0.962
[DIFF1 s99000 ep425] wait=22.61 berth=211.5 healthy=0.81 compl=0.937
[DIFF1 s99000 ep450] wait=26.50 berth=215.6 healthy=0.19 compl=0.917
[DIFF1 s99000 ep475] wait=36.47 berth=213.5 healthy=0.25 compl=0.913
[DIFF1 s99000 ep500] wait=43.01 berth=215.6 healthy=0.06 compl=0.808
[train DIFF1 s99000] {'n_targets': 80925, 'n_updates': 1030, 'wall_s': 8010.2, 'horizon_s': 600.0}
DONE
