/home/geonu/.venvs/yard-rl/lib/python3.12/site-packages/torch/_subclasses/functional_tensor.py:368: UserWarning: Failed to initialize NumPy: No module named 'numpy' (Triggered internally at /__w/pytorch/pytorch/torch/csrc/utils/tensor_numpy.cpp:84.)
  cpu = _conversion_method_template(device=torch.device("cpu"))
[DIFF1 s88000 ep25] wait=26.61 berth=170.8 healthy=0.62 compl=0.924
[DIFF1 s88000 ep50] wait=28.62 berth=215.6 healthy=0.50 compl=0.829
[DIFF1 s88000 ep75] wait=26.37 berth=215.6 healthy=0.56 compl=0.901
[DIFF1 s88000 ep100] wait=44.07 berth=215.6 healthy=0.00 compl=0.878
[DIFF1 s88000 ep125] wait=55.34 berth=210.7 healthy=0.00 compl=0.794
[DIFF1 s88000 ep150] wait=43.93 berth=215.6 healthy=0.00 compl=0.862
[DIFF1 s88000 ep175] wait=32.20 berth=214.4 healthy=0.06 compl=0.927
[DIFF1 s88000 ep200] wait=29.19 berth=214.9 healthy=0.06 compl=0.930
[DIFF1 s88000 ep225] wait=24.67 berth=212.9 healthy=0.19 compl=0.932
[DIFF1 s88000 ep250] wait=24.20 berth=215.6 healthy=0.12 compl=0.850
[DIFF1 s88000 ep275] wait=19.44 berth=209.9 healthy=0.44 compl=0.918
[DIFF1 s88000 ep300] wait=19.05 berth=215.6 healthy=0.56 compl=0.901
[DIFF1 s88000 ep325] wait=23.97 berth=215.6 healthy=0.12 compl=0.938
[DIFF1 s88000 ep350] wait=99.38 berth=215.6 healthy=0.00 compl=0.796
[DIFF1 s88000 ep375] wait=66.11 berth=215.6 healthy=0.00 compl=0.758
[DIFF1 s88000 ep400] wait=56.37 berth=215.6 healthy=0.00 compl=0.863
[DIFF1 s88000 ep425] wait=35.56 berth=183.7 healthy=0.31 compl=0.997
[DIFF1 s88000 ep450] wait=33.83 berth=176.3 healthy=0.19 compl=0.995
[DIFF1 s88000 ep475] wait=46.63 berth=202.2 healthy=0.00 compl=0.958
[DIFF1 s88000 ep500] wait=41.20 berth=214.5 healthy=0.00 compl=0.898
[train DIFF1 s88000] {'n_targets': 80782, 'n_updates': 1024, 'wall_s': 9110.2, 'horizon_s': 600.0}
DONE
