/home/geonu/.venvs/yard-rl/lib/python3.12/site-packages/torch/_subclasses/functional_tensor.py:368: UserWarning: Failed to initialize NumPy: No module named 'numpy' (Triggered internally at /__w/pytorch/pytorch/torch/csrc/utils/tensor_numpy.cpp:84.)
  cpu = _conversion_method_template(device=torch.device("cpu"))
[mid-loose:830000] 트럭 61(검열 0) 본선 1(검열 0)
[mid-loose:830001] 트럭 54(검열 0) 본선 1(검열 0)
[mid-loose:830002] 트럭 57(검열 0) 본선 1(검열 0)
[mid-loose:830003] 트럭 62(검열 0) 본선 1(검열 0)
[high-loose:830100] 트럭 92(검열 0) 본선 1(검열 0)
[high-loose:830101] 트럭 77(검열 0) 본선 1(검열 0)
[high-loose:830102] 트럭 79(검열 0) 본선 1(검열 0)
[high-loose:830103] 트럭 96(검열 0) 본선 1(검열 0)
[mid-tight:830200] 트럭 49(검열 0) 본선 1(검열 0)
[mid-tight:830201] 트럭 45(검열 0) 본선 1(검열 0)
[mid-tight:830202] 트럭 59(검열 0) 본선 1(검열 0)
[mid-tight:830203] 트럭 57(검열 0) 본선 1(검열 0)
[high-tight:830300] 트럭 80(검열 0) 본선 1(검열 0)
[high-tight:830301] 트럭 80(검열 0) 본선 1(검열 0)
[high-tight:830302] 트럭 74(검열 0) 본선 1(검열 0)
[high-tight:830303] 트럭 92(검열 0) 본선 1(검열 0)
{"kappa_t_s": 438.3, "bias_t_s": 289.6, "kappa_v_s": 1189.2, "bias_v_s": 5363.0, "n_truck": 1114, "n_vessel": 16, "censored_truck": 0, "censored_vessel": 0, "sd_truck_s": 794.9, "sd_vessel_s": 2157.0, "protocol": "SF 정책·4셀×4시드·트럭 첫 WAITING/본선 개시 후 첫 결정·b=mean, κ=(√3/π)·SD — spec v2.1 동결"}
DONE
