/home/geonu/.venvs/yard-rl/lib/python3.12/site-packages/torch/_subclasses/functional_tensor.py:368: UserWarning: Failed to initialize NumPy: No module named 'numpy' (Triggered internally at /__w/pytorch/pytorch/torch/csrc/utils/tensor_numpy.cpp:84.)
  cpu = _conversion_method_template(device=torch.device("cpu"))
[v2p mid-loose:832000] 트럭 63(검열 0) 본선 1(검열 0)
[v2p mid-loose:832001] 트럭 68(검열 0) 본선 1(검열 0)
[v2p mid-loose:832002] 트럭 48(검열 0) 본선 1(검열 0)
[v2p mid-loose:832003] 트럭 54(검열 0) 본선 1(검열 0)
[v2p mid-loose:832004] 트럭 55(검열 0) 본선 1(검열 0)
[v2p mid-loose:832005] 트럭 55(검열 0) 본선 1(검열 0)
[v2p mid-loose:832006] 트럭 63(검열 0) 본선 1(검열 0)
[v2p mid-loose:832007] 트럭 55(검열 0) 본선 1(검열 0)
[v2p high-loose:832100] 트럭 63(검열 0) 본선 1(검열 0)
[v2p high-loose:832101] 트럭 92(검열 0) 본선 1(검열 0)
[v2p high-loose:832102] 트럭 79(검열 0) 본선 1(검열 0)
[v2p high-loose:832103] 트럭 73(검열 0) 본선 1(검열 0)
[v2p high-loose:832104] 트럭 66(검열 0) 본선 1(검열 0)
[v2p high-loose:832105] 트럭 71(검열 0) 본선 1(검열 0)
[v2p high-loose:832106] 트럭 84(검열 0) 본선 1(검열 0)
[v2p high-loose:832107] 트럭 68(검열 0) 본선 1(검열 0)
[v2p mid-tight:832200] 트럭 64(검열 0) 본선 1(검열 0)
[v2p mid-tight:832201] 트럭 61(검열 0) 본선 1(검열 0)
[v2p mid-tight:832202] 트럭 59(검열 0) 본선 1(검열 0)
[v2p mid-tight:832203] 트럭 54(검열 0) 본선 1(검열 0)
[v2p mid-tight:832204] 트럭 57(검열 0) 본선 1(검열 0)
[v2p mid-tight:832205] 트럭 48(검열 0) 본선 1(검열 0)
[v2p mid-tight:832206] 트럭 64(검열 0) 본선 1(검열 0)
[v2p mid-tight:832207] 트럭 57(검열 0) 본선 1(검열 0)
[v2p high-tight:832300] 트럭 88(검열 0) 본선 1(검열 0)
[v2p high-tight:832301] 트럭 64(검열 0) 본선 1(검열 0)
[v2p high-tight:832302] 트럭 70(검열 0) 본선 1(검열 0)
[v2p high-tight:832303] 트럭 74(검열 0) 본선 1(검열 0)
[v2p high-tight:832304] 트럭 79(검열 0) 본선 1(검열 0)
[v2p high-tight:832305] 트럭 84(검열 0) 본선 1(검열 0)
[v2p high-tight:832306] 트럭 84(검열 0) 본선 1(검열 0)
[v2p high-tight:832307] 트럭 92(검열 0) 본선 1(검열 0)
{"kappa_t_s": 383.7, "bias_t_s": 256.1, "kappa_v_s": 919.7, "bias_v_s": 5213.6, "n_truck": 2156, "n_vessel": 32, "censored_truck": 0, "censored_vessel": 0, "sd_truck_s": 695.9, "sd_vessel_s": 1668.1, "protocol": "계약 물리(gate_block_contract)·SF·4셀×8 미열람 시드(BASE+2000..)·b=mean, κ=(√3/π)·SD — YR-137 ② 동결"}
DONE
