SWEEP_START 2026-08-10 05:29:25
/mnt/c/Users/geonu/Desktop/port_reinforcement/.venv/lib/python3.12/site-packages/torch/_subclasses/functional_tensor.py:368: UserWarning: Failed to initialize NumPy: No module named 'numpy' (Triggered internally at /__w/pytorch/pytorch/torch/csrc/utils/tensor_numpy.cpp:84.)
  cpu = _conversion_method_template(device=torch.device("cpu"))
/mnt/c/Users/geonu/Desktop/port_reinforcement/.venv/lib/python3.12/site-packages/torch/_subclasses/functional_tensor.py:368: UserWarning: Failed to initialize NumPy: No module named 'numpy' (Triggered internally at /__w/pytorch/pytorch/torch/csrc/utils/tensor_numpy.cpp:84.)
  cpu = _conversion_method_template(device=torch.device("cpu"))
/mnt/c/Users/geonu/Desktop/port_reinforcement/.venv/lib/python3.12/site-packages/torch/_subclasses/functional_tensor.py:368: UserWarning: Failed to initialize NumPy: No module named 'numpy' (Triggered internally at /__w/pytorch/pytorch/torch/csrc/utils/tensor_numpy.cpp:84.)
  cpu = _conversion_method_template(device=torch.device("cpu"))
{"idx": 1, "rep": 0, "axis": "SPACE", "quartile": 0, "delta_j": -0.276773, "executed": true, "paired_state_equal": true, "gain_realized": 4.662963, "throughput_base": 491, "throughput_treat": 496, "throughput_ok": true, "wip_contract_base": true, "wip_contract_treat": true, "stamp": {"code_commit": "404dd018487ba5859df5f1eef0fdc315e1c36688", "code_dirty": false, "prereg_sha256": "04c2677bdbdc0dd16399c1dc99eed9451e50d188ad7d8ac9f37f972a45313bc0", "gate_sha256": "f154deda47d15e30b54f15c24d849bb1f4c696a562f6ba696a1b42971c8a45a7"}, "samples_sha256": "9e204a16903143829be5651347cdd4e585ee5d93dc5db33a3936fde795bba96f"}
DONE
/mnt/c/Users/geonu/Desktop/port_reinforcement/.venv/lib/python3.12/site-packages/torch/_subclasses/functional_tensor.py:368: UserWarning: Failed to initialize NumPy: No module named 'numpy' (Triggered internally at /__w/pytorch/pytorch/torch/csrc/utils/tensor_numpy.cpp:84.)
  cpu = _conversion_method_template(device=torch.device("cpu"))
{"idx": 2, "rep": 0, "axis": "SPACE", "quartile": 1, "delta_j": -0.098068, "executed": true, "paired_state_equal": true, "gain_realized": 2.876081, "throughput_base": 491, "throughput_treat": 495, "throughput_ok": true, "wip_contract_base": true, "wip_contract_treat": true, "stamp": {"code_commit": "404dd018487ba5859df5f1eef0fdc315e1c36688", "code_dirty": false, "prereg_sha256": "04c2677bdbdc0dd16399c1dc99eed9451e50d188ad7d8ac9f37f972a45313bc0", "gate_sha256": "f154deda47d15e30b54f15c24d849bb1f4c696a562f6ba696a1b42971c8a45a7"}, "samples_sha256": "9e204a16903143829be5651347cdd4e585ee5d93dc5db33a3936fde795bba96f"}
DONE
{"idx": 0, "rep": 0, "axis": "SPACE", "quartile": 0, "delta_j": -0.182922, "executed": true, "paired_state_equal": true, "gain_realized": 0.057999, "throughput_base": 491, "throughput_treat": 491, "throughput_ok": true, "wip_contract_base": true, "wip_contract_treat": true, "stamp": {"code_commit": "404dd018487ba5859df5f1eef0fdc315e1c36688", "code_dirty": false, "prereg_sha256": "04c2677bdbdc0dd16399c1dc99eed9451e50d188ad7d8ac9f37f972a45313bc0", "gate_sha256": "f154deda47d15e30b54f15c24d849bb1f4c696a562f6ba696a1b42971c8a45a7"}, "samples_sha256": "9e204a16903143829be5651347cdd4e585ee5d93dc5db33a3936fde795bba96f"}
DONE
/mnt/c/Users/geonu/Desktop/port_reinforcement/.venv/lib/python3.12/site-packages/torch/_subclasses/functional_tensor.py:368: UserWarning: Failed to initialize NumPy: No module named 'numpy' (Triggered internally at /__w/pytorch/pytorch/torch/csrc/utils/tensor_numpy.cpp:84.)
  cpu = _conversion_method_template(device=torch.device("cpu"))
/mnt/c/Users/geonu/Desktop/port_reinforcement/.venv/lib/python3.12/site-packages/torch/_subclasses/functional_tensor.py:368: UserWarning: Failed to initialize NumPy: No module named 'numpy' (Triggered internally at /__w/pytorch/pytorch/torch/csrc/utils/tensor_numpy.cpp:84.)
  cpu = _conversion_method_template(device=torch.device("cpu"))
{"idx": 3, "rep": 0, "axis": "SPACE", "quartile": 1, "delta_j": -0.129654, "executed": true, "paired_state_equal": true, "gain_realized": 2.514423, "throughput_base": 491, "throughput_treat": 496, "throughput_ok": true, "wip_contract_base": true, "wip_contract_treat": true, "stamp": {"code_commit": "404dd018487ba5859df5f1eef0fdc315e1c36688", "code_dirty": false, "prereg_sha256": "04c2677bdbdc0dd16399c1dc99eed9451e50d188ad7d8ac9f37f972a45313bc0", "gate_sha256": "f154deda47d15e30b54f15c24d849bb1f4c696a562f6ba696a1b42971c8a45a7"}, "samples_sha256": "9e204a16903143829be5651347cdd4e585ee5d93dc5db33a3936fde795bba96f"}
DONE
/mnt/c/Users/geonu/Desktop/port_reinforcement/.venv/lib/python3.12/site-packages/torch/_subclasses/functional_tensor.py:368: UserWarning: Failed to initialize NumPy: No module named 'numpy' (Triggered internally at /__w/pytorch/pytorch/torch/csrc/utils/tensor_numpy.cpp:84.)
  cpu = _conversion_method_template(device=torch.device("cpu"))
{"idx": 4, "rep": 0, "axis": "SPACE", "quartile": 2, "delta_j": -0.052547, "executed": true, "paired_state_equal": true, "gain_realized": 1.838078, "throughput_base": 491, "throughput_treat": 492, "throughput_ok": true, "wip_contract_base": true, "wip_contract_treat": true, "stamp": {"code_commit": "404dd018487ba5859df5f1eef0fdc315e1c36688", "code_dirty": false, "prereg_sha256": "04c2677bdbdc0dd16399c1dc99eed9451e50d188ad7d8ac9f37f972a45313bc0", "gate_sha256": "f154deda47d15e30b54f15c24d849bb1f4c696a562f6ba696a1b42971c8a45a7"}, "samples_sha256": "9e204a16903143829be5651347cdd4e585ee5d93dc5db33a3936fde795bba96f"}
DONE
/mnt/c/Users/geonu/Desktop/port_reinforcement/.venv/lib/python3.12/site-packages/torch/_subclasses/functional_tensor.py:368: UserWarning: Failed to initialize NumPy: No module named 'numpy' (Triggered internally at /__w/pytorch/pytorch/torch/csrc/utils/tensor_numpy.cpp:84.)
  cpu = _conversion_method_template(device=torch.device("cpu"))
{"idx": 5, "rep": 0, "axis": "SPACE", "quartile": 2, "delta_j": -0.046363, "executed": true, "paired_state_equal": true, "gain_realized": 0.916376, "throughput_base": 491, "throughput_treat": 495, "throughput_ok": true, "wip_contract_base": true, "wip_contract_treat": true, "stamp": {"code_commit": "404dd018487ba5859df5f1eef0fdc315e1c36688", "code_dirty": false, "prereg_sha256": "04c2677bdbdc0dd16399c1dc99eed9451e50d188ad7d8ac9f37f972a45313bc0", "gate_sha256": "f154deda47d15e30b54f15c24d849bb1f4c696a562f6ba696a1b42971c8a45a7"}, "samples_sha256": "9e204a16903143829be5651347cdd4e585ee5d93dc5db33a3936fde795bba96f"}
DONE
/mnt/c/Users/geonu/Desktop/port_reinforcement/.venv/lib/python3.12/site-packages/torch/_subclasses/functional_tensor.py:368: UserWarning: Failed to initialize NumPy: No module named 'numpy' (Triggered internally at /__w/pytorch/pytorch/torch/csrc/utils/tensor_numpy.cpp:84.)
  cpu = _conversion_method_template(device=torch.device("cpu"))
{"idx": 6, "rep": 0, "axis": "SPACE", "quartile": 3, "delta_j": -0.026616, "executed": true, "paired_state_equal": true, "gain_realized": 2.514423, "throughput_base": 491, "throughput_treat": 496, "throughput_ok": true, "wip_contract_base": true, "wip_contract_treat": true, "stamp": {"code_commit": "404dd018487ba5859df5f1eef0fdc315e1c36688", "code_dirty": false, "prereg_sha256": "04c2677bdbdc0dd16399c1dc99eed9451e50d188ad7d8ac9f37f972a45313bc0", "gate_sha256": "f154deda47d15e30b54f15c24d849bb1f4c696a562f6ba696a1b42971c8a45a7"}, "samples_sha256": "9e204a16903143829be5651347cdd4e585ee5d93dc5db33a3936fde795bba96f"}
DONE
/mnt/c/Users/geonu/Desktop/port_reinforcement/.venv/lib/python3.12/site-packages/torch/_subclasses/functional_tensor.py:368: UserWarning: Failed to initialize NumPy: No module named 'numpy' (Triggered internally at /__w/pytorch/pytorch/torch/csrc/utils/tensor_numpy.cpp:84.)
  cpu = _conversion_method_template(device=torch.device("cpu"))
{"idx": 8, "rep": 1, "axis": "SPACE", "quartile": 0, "delta_j": -0.423297, "executed": true, "paired_state_equal": true, "gain_realized": -0.091833, "throughput_base": 498, "throughput_treat": 500, "throughput_ok": true, "wip_contract_base": true, "wip_contract_treat": true, "stamp": {"code_commit": "404dd018487ba5859df5f1eef0fdc315e1c36688", "code_dirty": false, "prereg_sha256": "04c2677bdbdc0dd16399c1dc99eed9451e50d188ad7d8ac9f37f972a45313bc0", "gate_sha256": "f154deda47d15e30b54f15c24d849bb1f4c696a562f6ba696a1b42971c8a45a7"}, "samples_sha256": "9e204a16903143829be5651347cdd4e585ee5d93dc5db33a3936fde795bba96f"}
DONE
/mnt/c/Users/geonu/Desktop/port_reinforcement/.venv/lib/python3.12/site-packages/torch/_subclasses/functional_tensor.py:368: UserWarning: Failed to initialize NumPy: No module named 'numpy' (Triggered internally at /__w/pytorch/pytorch/torch/csrc/utils/tensor_numpy.cpp:84.)
  cpu = _conversion_method_template(device=torch.device("cpu"))
{"idx": 7, "rep": 0, "axis": "SPACE", "quartile": 3, "delta_j": -0.014246, "executed": true, "paired_state_equal": true, "gain_realized": 0.197985, "throughput_base": 491, "throughput_treat": 493, "throughput_ok": true, "wip_contract_base": true, "wip_contract_treat": true, "stamp": {"code_commit": "404dd018487ba5859df5f1eef0fdc315e1c36688", "code_dirty": false, "prereg_sha256": "04c2677bdbdc0dd16399c1dc99eed9451e50d188ad7d8ac9f37f972a45313bc0", "gate_sha256": "f154deda47d15e30b54f15c24d849bb1f4c696a562f6ba696a1b42971c8a45a7"}, "samples_sha256": "9e204a16903143829be5651347cdd4e585ee5d93dc5db33a3936fde795bba96f"}
DONE
/mnt/c/Users/geonu/Desktop/port_reinforcement/.venv/lib/python3.12/site-packages/torch/_subclasses/functional_tensor.py:368: UserWarning: Failed to initialize NumPy: No module named 'numpy' (Triggered internally at /__w/pytorch/pytorch/torch/csrc/utils/tensor_numpy.cpp:84.)
  cpu = _conversion_method_template(device=torch.device("cpu"))
{"idx": 9, "rep": 1, "axis": "SPACE", "quartile": 0, "delta_j": -0.377378, "executed": true, "paired_state_equal": true, "gain_realized": -0.14515, "throughput_base": 498, "throughput_treat": 502, "throughput_ok": true, "wip_contract_base": true, "wip_contract_treat": true, "stamp": {"code_commit": "404dd018487ba5859df5f1eef0fdc315e1c36688", "code_dirty": false, "prereg_sha256": "04c2677bdbdc0dd16399c1dc99eed9451e50d188ad7d8ac9f37f972a45313bc0", "gate_sha256": "f154deda47d15e30b54f15c24d849bb1f4c696a562f6ba696a1b42971c8a45a7"}, "samples_sha256": "9e204a16903143829be5651347cdd4e585ee5d93dc5db33a3936fde795bba96f"}
DONE
/mnt/c/Users/geonu/Desktop/port_reinforcement/.venv/lib/python3.12/site-packages/torch/_subclasses/functional_tensor.py:368: UserWarning: Failed to initialize NumPy: No module named 'numpy' (Triggered internally at /__w/pytorch/pytorch/torch/csrc/utils/tensor_numpy.cpp:84.)
  cpu = _conversion_method_template(device=torch.device("cpu"))
{"idx": 10, "rep": 1, "axis": "SPACE", "quartile": 1, "delta_j": -0.136195, "executed": true, "paired_state_equal": true, "gain_realized": -0.01295, "throughput_base": 498, "throughput_treat": 498, "throughput_ok": true, "wip_contract_base": true, "wip_contract_treat": true, "stamp": {"code_commit": "404dd018487ba5859df5f1eef0fdc315e1c36688", "code_dirty": false, "prereg_sha256": "04c2677bdbdc0dd16399c1dc99eed9451e50d188ad7d8ac9f37f972a45313bc0", "gate_sha256": "f154deda47d15e30b54f15c24d849bb1f4c696a562f6ba696a1b42971c8a45a7"}, "samples_sha256": "9e204a16903143829be5651347cdd4e585ee5d93dc5db33a3936fde795bba96f"}
DONE
/mnt/c/Users/geonu/Desktop/port_reinforcement/.venv/lib/python3.12/site-packages/torch/_subclasses/functional_tensor.py:368: UserWarning: Failed to initialize NumPy: No module named 'numpy' (Triggered internally at /__w/pytorch/pytorch/torch/csrc/utils/tensor_numpy.cpp:84.)
  cpu = _conversion_method_template(device=torch.device("cpu"))
{"idx": 11, "rep": 1, "axis": "SPACE", "quartile": 1, "delta_j": -0.110605, "executed": true, "paired_state_equal": true, "gain_realized": -0.01295, "throughput_base": 498, "throughput_treat": 498, "throughput_ok": true, "wip_contract_base": true, "wip_contract_treat": true, "stamp": {"code_commit": "404dd018487ba5859df5f1eef0fdc315e1c36688", "code_dirty": false, "prereg_sha256": "04c2677bdbdc0dd16399c1dc99eed9451e50d188ad7d8ac9f37f972a45313bc0", "gate_sha256": "f154deda47d15e30b54f15c24d849bb1f4c696a562f6ba696a1b42971c8a45a7"}, "samples_sha256": "9e204a16903143829be5651347cdd4e585ee5d93dc5db33a3936fde795bba96f"}
DONE
/mnt/c/Users/geonu/Desktop/port_reinforcement/.venv/lib/python3.12/site-packages/torch/_subclasses/functional_tensor.py:368: UserWarning: Failed to initialize NumPy: No module named 'numpy' (Triggered internally at /__w/pytorch/pytorch/torch/csrc/utils/tensor_numpy.cpp:84.)
  cpu = _conversion_method_template(device=torch.device("cpu"))
{"idx": 12, "rep": 1, "axis": "SPACE", "quartile": 2, "delta_j": -0.032798, "executed": true, "paired_state_equal": true, "gain_realized": -0.000122, "throughput_base": 498, "throughput_treat": 499, "throughput_ok": true, "wip_contract_base": true, "wip_contract_treat": true, "stamp": {"code_commit": "404dd018487ba5859df5f1eef0fdc315e1c36688", "code_dirty": false, "prereg_sha256": "04c2677bdbdc0dd16399c1dc99eed9451e50d188ad7d8ac9f37f972a45313bc0", "gate_sha256": "f154deda47d15e30b54f15c24d849bb1f4c696a562f6ba696a1b42971c8a45a7"}, "samples_sha256": "9e204a16903143829be5651347cdd4e585ee5d93dc5db33a3936fde795bba96f"}
DONE
/mnt/c/Users/geonu/Desktop/port_reinforcement/.venv/lib/python3.12/site-packages/torch/_subclasses/functional_tensor.py:368: UserWarning: Failed to initialize NumPy: No module named 'numpy' (Triggered internally at /__w/pytorch/pytorch/torch/csrc/utils/tensor_numpy.cpp:84.)
  cpu = _conversion_method_template(device=torch.device("cpu"))
{"idx": 13, "rep": 1, "axis": "SPACE", "quartile": 2, "delta_j": -0.033629, "executed": true, "paired_state_equal": true, "gain_realized": -0.482588, "throughput_base": 498, "throughput_treat": 498, "throughput_ok": true, "wip_contract_base": true, "wip_contract_treat": true, "stamp": {"code_commit": "404dd018487ba5859df5f1eef0fdc315e1c36688", "code_dirty": false, "prereg_sha256": "04c2677bdbdc0dd16399c1dc99eed9451e50d188ad7d8ac9f37f972a45313bc0", "gate_sha256": "f154deda47d15e30b54f15c24d849bb1f4c696a562f6ba696a1b42971c8a45a7"}, "samples_sha256": "9e204a16903143829be5651347cdd4e585ee5d93dc5db33a3936fde795bba96f"}
DONE
/mnt/c/Users/geonu/Desktop/port_reinforcement/.venv/lib/python3.12/site-packages/torch/_subclasses/functional_tensor.py:368: UserWarning: Failed to initialize NumPy: No module named 'numpy' (Triggered internally at /__w/pytorch/pytorch/torch/csrc/utils/tensor_numpy.cpp:84.)
  cpu = _conversion_method_template(device=torch.device("cpu"))
{"idx": 14, "rep": 1, "axis": "SPACE", "quartile": 3, "delta_j": -0.013354, "executed": true, "paired_state_equal": true, "gain_realized": -1.447259, "throughput_base": 498, "throughput_treat": 496, "throughput_ok": false, "wip_contract_base": true, "wip_contract_treat": true, "stamp": {"code_commit": "404dd018487ba5859df5f1eef0fdc315e1c36688", "code_dirty": false, "prereg_sha256": "04c2677bdbdc0dd16399c1dc99eed9451e50d188ad7d8ac9f37f972a45313bc0", "gate_sha256": "f154deda47d15e30b54f15c24d849bb1f4c696a562f6ba696a1b42971c8a45a7"}, "samples_sha256": "9e204a16903143829be5651347cdd4e585ee5d93dc5db33a3936fde795bba96f"}
DONE
/mnt/c/Users/geonu/Desktop/port_reinforcement/.venv/lib/python3.12/site-packages/torch/_subclasses/functional_tensor.py:368: UserWarning: Failed to initialize NumPy: No module named 'numpy' (Triggered internally at /__w/pytorch/pytorch/torch/csrc/utils/tensor_numpy.cpp:84.)
  cpu = _conversion_method_template(device=torch.device("cpu"))
{"idx": 16, "rep": 2, "axis": "SPACE", "quartile": 0, "delta_j": -0.313094, "executed": true, "paired_state_equal": true, "gain_realized": 0.584388, "throughput_base": 507, "throughput_treat": 509, "throughput_ok": true, "wip_contract_base": true, "wip_contract_treat": true, "stamp": {"code_commit": "404dd018487ba5859df5f1eef0fdc315e1c36688", "code_dirty": false, "prereg_sha256": "04c2677bdbdc0dd16399c1dc99eed9451e50d188ad7d8ac9f37f972a45313bc0", "gate_sha256": "f154deda47d15e30b54f15c24d849bb1f4c696a562f6ba696a1b42971c8a45a7"}, "samples_sha256": "9e204a16903143829be5651347cdd4e585ee5d93dc5db33a3936fde795bba96f"}
DONE
/mnt/c/Users/geonu/Desktop/port_reinforcement/.venv/lib/python3.12/site-packages/torch/_subclasses/functional_tensor.py:368: UserWarning: Failed to initialize NumPy: No module named 'numpy' (Triggered internally at /__w/pytorch/pytorch/torch/csrc/utils/tensor_numpy.cpp:84.)
  cpu = _conversion_method_template(device=torch.device("cpu"))
{"idx": 15, "rep": 1, "axis": "SPACE", "quartile": 3, "delta_j": -0.013354, "executed": true, "paired_state_equal": true, "gain_realized": -1.447259, "throughput_base": 498, "throughput_treat": 496, "throughput_ok": false, "wip_contract_base": true, "wip_contract_treat": true, "stamp": {"code_commit": "404dd018487ba5859df5f1eef0fdc315e1c36688", "code_dirty": false, "prereg_sha256": "04c2677bdbdc0dd16399c1dc99eed9451e50d188ad7d8ac9f37f972a45313bc0", "gate_sha256": "f154deda47d15e30b54f15c24d849bb1f4c696a562f6ba696a1b42971c8a45a7"}, "samples_sha256": "9e204a16903143829be5651347cdd4e585ee5d93dc5db33a3936fde795bba96f"}
DONE
/mnt/c/Users/geonu/Desktop/port_reinforcement/.venv/lib/python3.12/site-packages/torch/_subclasses/functional_tensor.py:368: UserWarning: Failed to initialize NumPy: No module named 'numpy' (Triggered internally at /__w/pytorch/pytorch/torch/csrc/utils/tensor_numpy.cpp:84.)
  cpu = _conversion_method_template(device=torch.device("cpu"))
{"idx": 17, "rep": 2, "axis": "SPACE", "quartile": 0, "delta_j": -0.282941, "executed": true, "paired_state_equal": true, "gain_realized": 0.584388, "throughput_base": 507, "throughput_treat": 509, "throughput_ok": true, "wip_contract_base": true, "wip_contract_treat": true, "stamp": {"code_commit": "404dd018487ba5859df5f1eef0fdc315e1c36688", "code_dirty": false, "prereg_sha256": "04c2677bdbdc0dd16399c1dc99eed9451e50d188ad7d8ac9f37f972a45313bc0", "gate_sha256": "f154deda47d15e30b54f15c24d849bb1f4c696a562f6ba696a1b42971c8a45a7"}, "samples_sha256": "9e204a16903143829be5651347cdd4e585ee5d93dc5db33a3936fde795bba96f"}
DONE
/mnt/c/Users/geonu/Desktop/port_reinforcement/.venv/lib/python3.12/site-packages/torch/_subclasses/functional_tensor.py:368: UserWarning: Failed to initialize NumPy: No module named 'numpy' (Triggered internally at /__w/pytorch/pytorch/torch/csrc/utils/tensor_numpy.cpp:84.)
  cpu = _conversion_method_template(device=torch.device("cpu"))
{"idx": 18, "rep": 2, "axis": "SPACE", "quartile": 1, "delta_j": -0.091905, "executed": true, "paired_state_equal": true, "gain_realized": -0.031967, "throughput_base": 507, "throughput_treat": 507, "throughput_ok": true, "wip_contract_base": true, "wip_contract_treat": true, "stamp": {"code_commit": "404dd018487ba5859df5f1eef0fdc315e1c36688", "code_dirty": false, "prereg_sha256": "04c2677bdbdc0dd16399c1dc99eed9451e50d188ad7d8ac9f37f972a45313bc0", "gate_sha256": "f154deda47d15e30b54f15c24d849bb1f4c696a562f6ba696a1b42971c8a45a7"}, "samples_sha256": "9e204a16903143829be5651347cdd4e585ee5d93dc5db33a3936fde795bba96f"}
DONE
/mnt/c/Users/geonu/Desktop/port_reinforcement/.venv/lib/python3.12/site-packages/torch/_subclasses/functional_tensor.py:368: UserWarning: Failed to initialize NumPy: No module named 'numpy' (Triggered internally at /__w/pytorch/pytorch/torch/csrc/utils/tensor_numpy.cpp:84.)
  cpu = _conversion_method_template(device=torch.device("cpu"))
{"idx": 20, "rep": 2, "axis": "SPACE", "quartile": 2, "delta_j": -0.033989, "executed": true, "paired_state_equal": true, "gain_realized": 2.199832, "throughput_base": 507, "throughput_treat": 513, "throughput_ok": true, "wip_contract_base": true, "wip_contract_treat": true, "stamp": {"code_commit": "404dd018487ba5859df5f1eef0fdc315e1c36688", "code_dirty": false, "prereg_sha256": "04c2677bdbdc0dd16399c1dc99eed9451e50d188ad7d8ac9f37f972a45313bc0", "gate_sha256": "f154deda47d15e30b54f15c24d849bb1f4c696a562f6ba696a1b42971c8a45a7"}, "samples_sha256": "9e204a16903143829be5651347cdd4e585ee5d93dc5db33a3936fde795bba96f"}
DONE
{"idx": 19, "rep": 2, "axis": "SPACE", "quartile": 1, "delta_j": -0.174573, "executed": true, "paired_state_equal": true, "gain_realized": 0.003042, "throughput_base": 507, "throughput_treat": 507, "throughput_ok": true, "wip_contract_base": true, "wip_contract_treat": true, "stamp": {"code_commit": "404dd018487ba5859df5f1eef0fdc315e1c36688", "code_dirty": false, "prereg_sha256": "04c2677bdbdc0dd16399c1dc99eed9451e50d188ad7d8ac9f37f972a45313bc0", "gate_sha256": "f154deda47d15e30b54f15c24d849bb1f4c696a562f6ba696a1b42971c8a45a7"}, "samples_sha256": "9e204a16903143829be5651347cdd4e585ee5d93dc5db33a3936fde795bba96f"}
DONE
/mnt/c/Users/geonu/Desktop/port_reinforcement/.venv/lib/python3.12/site-packages/torch/_subclasses/functional_tensor.py:368: UserWarning: Failed to initialize NumPy: No module named 'numpy' (Triggered internally at /__w/pytorch/pytorch/torch/csrc/utils/tensor_numpy.cpp:84.)
  cpu = _conversion_method_template(device=torch.device("cpu"))
/mnt/c/Users/geonu/Desktop/port_reinforcement/.venv/lib/python3.12/site-packages/torch/_subclasses/functional_tensor.py:368: UserWarning: Failed to initialize NumPy: No module named 'numpy' (Triggered internally at /__w/pytorch/pytorch/torch/csrc/utils/tensor_numpy.cpp:84.)
  cpu = _conversion_method_template(device=torch.device("cpu"))
{"idx": 21, "rep": 2, "axis": "SPACE", "quartile": 2, "delta_j": -0.033087, "executed": true, "paired_state_equal": true, "gain_realized": 2.157376, "throughput_base": 507, "throughput_treat": 511, "throughput_ok": true, "wip_contract_base": true, "wip_contract_treat": true, "stamp": {"code_commit": "404dd018487ba5859df5f1eef0fdc315e1c36688", "code_dirty": false, "prereg_sha256": "04c2677bdbdc0dd16399c1dc99eed9451e50d188ad7d8ac9f37f972a45313bc0", "gate_sha256": "f154deda47d15e30b54f15c24d849bb1f4c696a562f6ba696a1b42971c8a45a7"}, "samples_sha256": "9e204a16903143829be5651347cdd4e585ee5d93dc5db33a3936fde795bba96f"}
DONE
/mnt/c/Users/geonu/Desktop/port_reinforcement/.venv/lib/python3.12/site-packages/torch/_subclasses/functional_tensor.py:368: UserWarning: Failed to initialize NumPy: No module named 'numpy' (Triggered internally at /__w/pytorch/pytorch/torch/csrc/utils/tensor_numpy.cpp:84.)
  cpu = _conversion_method_template(device=torch.device("cpu"))
{"idx": 22, "rep": 2, "axis": "SPACE", "quartile": 3, "delta_j": -0.013354, "executed": true, "paired_state_equal": true, "gain_realized": 2.141599, "throughput_base": 507, "throughput_treat": 509, "throughput_ok": true, "wip_contract_base": true, "wip_contract_treat": true, "stamp": {"code_commit": "404dd018487ba5859df5f1eef0fdc315e1c36688", "code_dirty": false, "prereg_sha256": "04c2677bdbdc0dd16399c1dc99eed9451e50d188ad7d8ac9f37f972a45313bc0", "gate_sha256": "f154deda47d15e30b54f15c24d849bb1f4c696a562f6ba696a1b42971c8a45a7"}, "samples_sha256": "9e204a16903143829be5651347cdd4e585ee5d93dc5db33a3936fde795bba96f"}
DONE
/mnt/c/Users/geonu/Desktop/port_reinforcement/.venv/lib/python3.12/site-packages/torch/_subclasses/functional_tensor.py:368: UserWarning: Failed to initialize NumPy: No module named 'numpy' (Triggered internally at /__w/pytorch/pytorch/torch/csrc/utils/tensor_numpy.cpp:84.)
  cpu = _conversion_method_template(device=torch.device("cpu"))
{"idx": 23, "rep": 2, "axis": "SPACE", "quartile": 3, "delta_j": -0.020432, "executed": true, "paired_state_equal": true, "gain_realized": -0.00432, "throughput_base": 507, "throughput_treat": 507, "throughput_ok": true, "wip_contract_base": true, "wip_contract_treat": true, "stamp": {"code_commit": "404dd018487ba5859df5f1eef0fdc315e1c36688", "code_dirty": false, "prereg_sha256": "04c2677bdbdc0dd16399c1dc99eed9451e50d188ad7d8ac9f37f972a45313bc0", "gate_sha256": "f154deda47d15e30b54f15c24d849bb1f4c696a562f6ba696a1b42971c8a45a7"}, "samples_sha256": "9e204a16903143829be5651347cdd4e585ee5d93dc5db33a3936fde795bba96f"}
DONE
/mnt/c/Users/geonu/Desktop/port_reinforcement/.venv/lib/python3.12/site-packages/torch/_subclasses/functional_tensor.py:368: UserWarning: Failed to initialize NumPy: No module named 'numpy' (Triggered internally at /__w/pytorch/pytorch/torch/csrc/utils/tensor_numpy.cpp:84.)
  cpu = _conversion_method_template(device=torch.device("cpu"))
{"idx": 24, "rep": 3, "axis": "SPACE", "quartile": 0, "delta_j": -0.182922, "executed": true, "paired_state_equal": true, "gain_realized": 0.371685, "throughput_base": 469, "throughput_treat": 470, "throughput_ok": true, "wip_contract_base": true, "wip_contract_treat": true, "stamp": {"code_commit": "404dd018487ba5859df5f1eef0fdc315e1c36688", "code_dirty": false, "prereg_sha256": "04c2677bdbdc0dd16399c1dc99eed9451e50d188ad7d8ac9f37f972a45313bc0", "gate_sha256": "f154deda47d15e30b54f15c24d849bb1f4c696a562f6ba696a1b42971c8a45a7"}, "samples_sha256": "9e204a16903143829be5651347cdd4e585ee5d93dc5db33a3936fde795bba96f"}
DONE
/mnt/c/Users/geonu/Desktop/port_reinforcement/.venv/lib/python3.12/site-packages/torch/_subclasses/functional_tensor.py:368: UserWarning: Failed to initialize NumPy: No module named 'numpy' (Triggered internally at /__w/pytorch/pytorch/torch/csrc/utils/tensor_numpy.cpp:84.)
  cpu = _conversion_method_template(device=torch.device("cpu"))
{"idx": 25, "rep": 3, "axis": "SPACE", "quartile": 0, "delta_j": -0.182922, "executed": true, "paired_state_equal": true, "gain_realized": 0.276868, "throughput_base": 469, "throughput_treat": 470, "throughput_ok": true, "wip_contract_base": true, "wip_contract_treat": true, "stamp": {"code_commit": "404dd018487ba5859df5f1eef0fdc315e1c36688", "code_dirty": false, "prereg_sha256": "04c2677bdbdc0dd16399c1dc99eed9451e50d188ad7d8ac9f37f972a45313bc0", "gate_sha256": "f154deda47d15e30b54f15c24d849bb1f4c696a562f6ba696a1b42971c8a45a7"}, "samples_sha256": "9e204a16903143829be5651347cdd4e585ee5d93dc5db33a3936fde795bba96f"}
DONE
/mnt/c/Users/geonu/Desktop/port_reinforcement/.venv/lib/python3.12/site-packages/torch/_subclasses/functional_tensor.py:368: UserWarning: Failed to initialize NumPy: No module named 'numpy' (Triggered internally at /__w/pytorch/pytorch/torch/csrc/utils/tensor_numpy.cpp:84.)
  cpu = _conversion_method_template(device=torch.device("cpu"))
{"idx": 26, "rep": 3, "axis": "SPACE", "quartile": 1, "delta_j": -0.144341, "executed": true, "paired_state_equal": true, "gain_realized": 0.95597, "throughput_base": 469, "throughput_treat": 467, "throughput_ok": false, "wip_contract_base": true, "wip_contract_treat": true, "stamp": {"code_commit": "404dd018487ba5859df5f1eef0fdc315e1c36688", "code_dirty": false, "prereg_sha256": "04c2677bdbdc0dd16399c1dc99eed9451e50d188ad7d8ac9f37f972a45313bc0", "gate_sha256": "f154deda47d15e30b54f15c24d849bb1f4c696a562f6ba696a1b42971c8a45a7"}, "samples_sha256": "9e204a16903143829be5651347cdd4e585ee5d93dc5db33a3936fde795bba96f"}
DONE
/mnt/c/Users/geonu/Desktop/port_reinforcement/.venv/lib/python3.12/site-packages/torch/_subclasses/functional_tensor.py:368: UserWarning: Failed to initialize NumPy: No module named 'numpy' (Triggered internally at /__w/pytorch/pytorch/torch/csrc/utils/tensor_numpy.cpp:84.)
  cpu = _conversion_method_template(device=torch.device("cpu"))
{"idx": 27, "rep": 3, "axis": "SPACE", "quartile": 1, "delta_j": -0.144341, "executed": true, "paired_state_equal": true, "gain_realized": 0.95597, "throughput_base": 469, "throughput_treat": 467, "throughput_ok": false, "wip_contract_base": true, "wip_contract_treat": true, "stamp": {"code_commit": "404dd018487ba5859df5f1eef0fdc315e1c36688", "code_dirty": false, "prereg_sha256": "04c2677bdbdc0dd16399c1dc99eed9451e50d188ad7d8ac9f37f972a45313bc0", "gate_sha256": "f154deda47d15e30b54f15c24d849bb1f4c696a562f6ba696a1b42971c8a45a7"}, "samples_sha256": "9e204a16903143829be5651347cdd4e585ee5d93dc5db33a3936fde795bba96f"}
DONE
/mnt/c/Users/geonu/Desktop/port_reinforcement/.venv/lib/python3.12/site-packages/torch/_subclasses/functional_tensor.py:368: UserWarning: Failed to initialize NumPy: No module named 'numpy' (Triggered internally at /__w/pytorch/pytorch/torch/csrc/utils/tensor_numpy.cpp:84.)
  cpu = _conversion_method_template(device=torch.device("cpu"))
{"idx": 28, "rep": 3, "axis": "SPACE", "quartile": 2, "delta_j": -0.040177, "executed": true, "paired_state_equal": true, "gain_realized": -0.006956, "throughput_base": 469, "throughput_treat": 469, "throughput_ok": true, "wip_contract_base": true, "wip_contract_treat": true, "stamp": {"code_commit": "404dd018487ba5859df5f1eef0fdc315e1c36688", "code_dirty": false, "prereg_sha256": "04c2677bdbdc0dd16399c1dc99eed9451e50d188ad7d8ac9f37f972a45313bc0", "gate_sha256": "f154deda47d15e30b54f15c24d849bb1f4c696a562f6ba696a1b42971c8a45a7"}, "samples_sha256": "9e204a16903143829be5651347cdd4e585ee5d93dc5db33a3936fde795bba96f"}
DONE
/mnt/c/Users/geonu/Desktop/port_reinforcement/.venv/lib/python3.12/site-packages/torch/_subclasses/functional_tensor.py:368: UserWarning: Failed to initialize NumPy: No module named 'numpy' (Triggered internally at /__w/pytorch/pytorch/torch/csrc/utils/tensor_numpy.cpp:84.)
  cpu = _conversion_method_template(device=torch.device("cpu"))
{"idx": 29, "rep": 3, "axis": "SPACE", "quartile": 2, "delta_j": -0.039284, "executed": true, "paired_state_equal": true, "gain_realized": 3.749496, "throughput_base": 469, "throughput_treat": 473, "throughput_ok": true, "wip_contract_base": true, "wip_contract_treat": true, "stamp": {"code_commit": "404dd018487ba5859df5f1eef0fdc315e1c36688", "code_dirty": false, "prereg_sha256": "04c2677bdbdc0dd16399c1dc99eed9451e50d188ad7d8ac9f37f972a45313bc0", "gate_sha256": "f154deda47d15e30b54f15c24d849bb1f4c696a562f6ba696a1b42971c8a45a7"}, "samples_sha256": "9e204a16903143829be5651347cdd4e585ee5d93dc5db33a3936fde795bba96f"}
DONE
/mnt/c/Users/geonu/Desktop/port_reinforcement/.venv/lib/python3.12/site-packages/torch/_subclasses/functional_tensor.py:368: UserWarning: Failed to initialize NumPy: No module named 'numpy' (Triggered internally at /__w/pytorch/pytorch/torch/csrc/utils/tensor_numpy.cpp:84.)
  cpu = _conversion_method_template(device=torch.device("cpu"))
{"idx": 32, "rep": 4, "axis": "SPACE", "quartile": 0, "delta_j": -0.35696, "executed": true, "paired_state_equal": true, "gain_realized": -1.37985, "throughput_base": 502, "throughput_treat": 503, "throughput_ok": true, "wip_contract_base": true, "wip_contract_treat": true, "stamp": {"code_commit": "404dd018487ba5859df5f1eef0fdc315e1c36688", "code_dirty": false, "prereg_sha256": "04c2677bdbdc0dd16399c1dc99eed9451e50d188ad7d8ac9f37f972a45313bc0", "gate_sha256": "f154deda47d15e30b54f15c24d849bb1f4c696a562f6ba696a1b42971c8a45a7"}, "samples_sha256": "9e204a16903143829be5651347cdd4e585ee5d93dc5db33a3936fde795bba96f"}
DONE
/mnt/c/Users/geonu/Desktop/port_reinforcement/.venv/lib/python3.12/site-packages/torch/_subclasses/functional_tensor.py:368: UserWarning: Failed to initialize NumPy: No module named 'numpy' (Triggered internally at /__w/pytorch/pytorch/torch/csrc/utils/tensor_numpy.cpp:84.)
  cpu = _conversion_method_template(device=torch.device("cpu"))
{"idx": 30, "rep": 3, "axis": "SPACE", "quartile": 3, "delta_j": -0.020432, "executed": true, "paired_state_equal": true, "gain_realized": 0.395334, "throughput_base": 469, "throughput_treat": 469, "throughput_ok": true, "wip_contract_base": true, "wip_contract_treat": true, "stamp": {"code_commit": "404dd018487ba5859df5f1eef0fdc315e1c36688", "code_dirty": false, "prereg_sha256": "04c2677bdbdc0dd16399c1dc99eed9451e50d188ad7d8ac9f37f972a45313bc0", "gate_sha256": "f154deda47d15e30b54f15c24d849bb1f4c696a562f6ba696a1b42971c8a45a7"}, "samples_sha256": "9e204a16903143829be5651347cdd4e585ee5d93dc5db33a3936fde795bba96f"}
DONE
/mnt/c/Users/geonu/Desktop/port_reinforcement/.venv/lib/python3.12/site-packages/torch/_subclasses/functional_tensor.py:368: UserWarning: Failed to initialize NumPy: No module named 'numpy' (Triggered internally at /__w/pytorch/pytorch/torch/csrc/utils/tensor_numpy.cpp:84.)
  cpu = _conversion_method_template(device=torch.device("cpu"))
{"idx": 31, "rep": 3, "axis": "SPACE", "quartile": 3, "delta_j": -0.020432, "executed": true, "paired_state_equal": true, "gain_realized": 0.395334, "throughput_base": 469, "throughput_treat": 469, "throughput_ok": true, "wip_contract_base": true, "wip_contract_treat": true, "stamp": {"code_commit": "404dd018487ba5859df5f1eef0fdc315e1c36688", "code_dirty": false, "prereg_sha256": "04c2677bdbdc0dd16399c1dc99eed9451e50d188ad7d8ac9f37f972a45313bc0", "gate_sha256": "f154deda47d15e30b54f15c24d849bb1f4c696a562f6ba696a1b42971c8a45a7"}, "samples_sha256": "9e204a16903143829be5651347cdd4e585ee5d93dc5db33a3936fde795bba96f"}
DONE
/mnt/c/Users/geonu/Desktop/port_reinforcement/.venv/lib/python3.12/site-packages/torch/_subclasses/functional_tensor.py:368: UserWarning: Failed to initialize NumPy: No module named 'numpy' (Triggered internally at /__w/pytorch/pytorch/torch/csrc/utils/tensor_numpy.cpp:84.)
  cpu = _conversion_method_template(device=torch.device("cpu"))
{"idx": 33, "rep": 4, "axis": "SPACE", "quartile": 0, "delta_j": -0.395096, "executed": true, "paired_state_equal": true, "gain_realized": -2.372401, "throughput_base": 502, "throughput_treat": 503, "throughput_ok": true, "wip_contract_base": true, "wip_contract_treat": true, "stamp": {"code_commit": "404dd018487ba5859df5f1eef0fdc315e1c36688", "code_dirty": false, "prereg_sha256": "04c2677bdbdc0dd16399c1dc99eed9451e50d188ad7d8ac9f37f972a45313bc0", "gate_sha256": "f154deda47d15e30b54f15c24d849bb1f4c696a562f6ba696a1b42971c8a45a7"}, "samples_sha256": "9e204a16903143829be5651347cdd4e585ee5d93dc5db33a3936fde795bba96f"}
DONE
/mnt/c/Users/geonu/Desktop/port_reinforcement/.venv/lib/python3.12/site-packages/torch/_subclasses/functional_tensor.py:368: UserWarning: Failed to initialize NumPy: No module named 'numpy' (Triggered internally at /__w/pytorch/pytorch/torch/csrc/utils/tensor_numpy.cpp:84.)
  cpu = _conversion_method_template(device=torch.device("cpu"))
{"idx": 34, "rep": 4, "axis": "SPACE", "quartile": 1, "delta_j": -0.150106, "executed": true, "paired_state_equal": true, "gain_realized": -1.970112, "throughput_base": 502, "throughput_treat": 500, "throughput_ok": false, "wip_contract_base": true, "wip_contract_treat": true, "stamp": {"code_commit": "404dd018487ba5859df5f1eef0fdc315e1c36688", "code_dirty": false, "prereg_sha256": "04c2677bdbdc0dd16399c1dc99eed9451e50d188ad7d8ac9f37f972a45313bc0", "gate_sha256": "f154deda47d15e30b54f15c24d849bb1f4c696a562f6ba696a1b42971c8a45a7"}, "samples_sha256": "9e204a16903143829be5651347cdd4e585ee5d93dc5db33a3936fde795bba96f"}
DONE
/mnt/c/Users/geonu/Desktop/port_reinforcement/.venv/lib/python3.12/site-packages/torch/_subclasses/functional_tensor.py:368: UserWarning: Failed to initialize NumPy: No module named 'numpy' (Triggered internally at /__w/pytorch/pytorch/torch/csrc/utils/tensor_numpy.cpp:84.)
  cpu = _conversion_method_template(device=torch.device("cpu"))
{"idx": 35, "rep": 4, "axis": "SPACE", "quartile": 1, "delta_j": -0.12597, "executed": true, "paired_state_equal": true, "gain_realized": -1.970112, "throughput_base": 502, "throughput_treat": 500, "throughput_ok": false, "wip_contract_base": true, "wip_contract_treat": true, "stamp": {"code_commit": "404dd018487ba5859df5f1eef0fdc315e1c36688", "code_dirty": false, "prereg_sha256": "04c2677bdbdc0dd16399c1dc99eed9451e50d188ad7d8ac9f37f972a45313bc0", "gate_sha256": "f154deda47d15e30b54f15c24d849bb1f4c696a562f6ba696a1b42971c8a45a7"}, "samples_sha256": "9e204a16903143829be5651347cdd4e585ee5d93dc5db33a3936fde795bba96f"}
DONE
/mnt/c/Users/geonu/Desktop/port_reinforcement/.venv/lib/python3.12/site-packages/torch/_subclasses/functional_tensor.py:368: UserWarning: Failed to initialize NumPy: No module named 'numpy' (Triggered internally at /__w/pytorch/pytorch/torch/csrc/utils/tensor_numpy.cpp:84.)
  cpu = _conversion_method_template(device=torch.device("cpu"))
{"idx": 36, "rep": 4, "axis": "SPACE", "quartile": 2, "delta_j": -0.039284, "executed": true, "paired_state_equal": true, "gain_realized": -2.260668, "throughput_base": 502, "throughput_treat": 501, "throughput_ok": false, "wip_contract_base": true, "wip_contract_treat": true, "stamp": {"code_commit": "404dd018487ba5859df5f1eef0fdc315e1c36688", "code_dirty": false, "prereg_sha256": "04c2677bdbdc0dd16399c1dc99eed9451e50d188ad7d8ac9f37f972a45313bc0", "gate_sha256": "f154deda47d15e30b54f15c24d849bb1f4c696a562f6ba696a1b42971c8a45a7"}, "samples_sha256": "9e204a16903143829be5651347cdd4e585ee5d93dc5db33a3936fde795bba96f"}
DONE
/mnt/c/Users/geonu/Desktop/port_reinforcement/.venv/lib/python3.12/site-packages/torch/_subclasses/functional_tensor.py:368: UserWarning: Failed to initialize NumPy: No module named 'numpy' (Triggered internally at /__w/pytorch/pytorch/torch/csrc/utils/tensor_numpy.cpp:84.)
  cpu = _conversion_method_template(device=torch.device("cpu"))
{"idx": 37, "rep": 4, "axis": "SPACE", "quartile": 2, "delta_j": -0.065732, "executed": true, "paired_state_equal": true, "gain_realized": 0.249114, "throughput_base": 502, "throughput_treat": 501, "throughput_ok": false, "wip_contract_base": true, "wip_contract_treat": true, "stamp": {"code_commit": "404dd018487ba5859df5f1eef0fdc315e1c36688", "code_dirty": false, "prereg_sha256": "04c2677bdbdc0dd16399c1dc99eed9451e50d188ad7d8ac9f37f972a45313bc0", "gate_sha256": "f154deda47d15e30b54f15c24d849bb1f4c696a562f6ba696a1b42971c8a45a7"}, "samples_sha256": "9e204a16903143829be5651347cdd4e585ee5d93dc5db33a3936fde795bba96f"}
DONE
{"idx": 38, "rep": 4, "axis": "SPACE", "quartile": 3, "delta_j": -0.014479, "executed": true, "paired_state_equal": true, "gain_realized": -1.005475, "throughput_base": 502, "throughput_treat": 501, "throughput_ok": false, "wip_contract_base": true, "wip_contract_treat": true, "stamp": {"code_commit": "404dd018487ba5859df5f1eef0fdc315e1c36688", "code_dirty": false, "prereg_sha256": "04c2677bdbdc0dd16399c1dc99eed9451e50d188ad7d8ac9f37f972a45313bc0", "gate_sha256": "f154deda47d15e30b54f15c24d849bb1f4c696a562f6ba696a1b42971c8a45a7"}, "samples_sha256": "9e204a16903143829be5651347cdd4e585ee5d93dc5db33a3936fde795bba96f"}
DONE
{"idx": 39, "rep": 4, "axis": "SPACE", "quartile": 3, "delta_j": -0.014479, "executed": true, "paired_state_equal": true, "gain_realized": -1.005475, "throughput_base": 502, "throughput_treat": 501, "throughput_ok": false, "wip_contract_base": true, "wip_contract_treat": true, "stamp": {"code_commit": "404dd018487ba5859df5f1eef0fdc315e1c36688", "code_dirty": false, "prereg_sha256": "04c2677bdbdc0dd16399c1dc99eed9451e50d188ad7d8ac9f37f972a45313bc0", "gate_sha256": "f154deda47d15e30b54f15c24d849bb1f4c696a562f6ba696a1b42971c8a45a7"}, "samples_sha256": "9e204a16903143829be5651347cdd4e585ee5d93dc5db33a3936fde795bba96f"}
DONE
/mnt/c/Users/geonu/Desktop/port_reinforcement/.venv/lib/python3.12/site-packages/torch/_subclasses/functional_tensor.py:368: UserWarning: Failed to initialize NumPy: No module named 'numpy' (Triggered internally at /__w/pytorch/pytorch/torch/csrc/utils/tensor_numpy.cpp:84.)
  cpu = _conversion_method_template(device=torch.device("cpu"))
{"verdict": {"signal_go": false, "invalid": false, "axis1_run_sums_all_positive": false, "axis2_median_run_rho": -0.2036, "rho_min": 0.3, "run_sums": {"0": 15.5783, "1": -3.6401, "2": 7.6343, "3": 5.1818, "4": -11.9641}, "run_rhos": {"0": 0.3593, "1": 0.4364, "2": -0.2036, "3": -0.4785, "4": -0.5576}, "n_pairs": 40, "n_invalid_or_unexecuted": 0, "n_stale_version_rejected": 0, "samples_sha256": "9e204a16903143829be5651347cdd4e585ee5d93dc5db33a3936fde795bba96f", "n_throughput_fail": 10, "median_gain_all": 0.127992, "note": "반사실 실현 이득 판정 — 런(군집) 단위. 성능 주장 없음. 무오차 조건 한정(YR-162B 전)."}, "dirty": false}
DONE
SWEEP_END 2026-08-10 06:30:33
