/home/geonu/.venvs/yard-rl/lib/python3.12/site-packages/torch/_subclasses/functional_tensor.py:368: UserWarning: Failed to initialize NumPy: No module named 'numpy' (Triggered internally at /__w/pytorch/pytorch/torch/csrc/utils/tensor_numpy.cpp:84.)
  cpu = _conversion_method_template(device=torch.device("cpu"))
[pilot] quote pair0
[pilot] keep pair0
[pilot] quote pair1
[pilot] keep pair1
[pilot] quote pair2
[pilot] keep pair2
[pilot] quote pair3
[pilot] keep pair3
[pilot] quote pair4
[pilot] keep pair4
[pilot] quote pair5
[pilot] keep pair5
[pilot] quote pair6
[pilot] keep pair6
[pilot] quote pair7
[pilot] keep pair7
{"완주": true, "예외0": true, "epoch1건": true, "이송상한": true, "KEEP무이송": true, "이송발생": false, "success": false, "compl_min": 1.0, "backlog_max": 0, "policy_exceptions": 0, "max_epoch_transfers": 0, "max_transfer_count_per_job": 0, "n_transferred_total": 0, "diff_mean_참고": 0.0}
DONE
