/home/geonu/.venvs/yard-rl/lib/python3.12/site-packages/torch/_subclasses/functional_tensor.py:368: UserWarning: Failed to initialize NumPy: No module named 'numpy' (Triggered internally at /__w/pytorch/pytorch/torch/csrc/utils/tensor_numpy.cpp:84.)
  cpu = _conversion_method_template(device=torch.device("cpu"))
/mnt/c/Users/geonu/Desktop/port_reinforcement/src/yard_rl/experiments/yr147_defer.py:248: UserWarning: Converting a tensor with requires_grad=True to a scalar may lead to unexpected behavior.
Consider using tensor.detach() first. (Triggered internally at /__w/pytorch/pytorch/torch/csrc/autograd/generated/python_variable_methods.cpp:822.)
  log["rank_loss"].append(float(loss_rank))
[r s88000 it1] mean 36.73 labels 4
[r s88000 it5] mean 43.07 labels 20
[r s88000 it10] mean 37.70 labels 40
[r s88000 it15] mean 38.94 labels 60
[r s88000 it20] mean 37.47 labels 80
[r s88000 it25] mean 35.46 labels 100
[r s88000 it30] mean 34.47 labels 120
[r s88000 it35] mean 41.26 labels 140
[r s88000 it40] mean 36.61 labels 160
[r s88000 it45] mean 38.75 labels 180
[r s88000 it50] mean 39.52 labels 199
[r s88000 it55] mean 33.98 labels 219
[r s88000 it60] mean 40.25 labels 235
[r s88000] 완료 labels=235
DONE
