/home/geonu/.venvs/yard-rl/lib/python3.12/site-packages/torch/_subclasses/functional_tensor.py:368: UserWarning: Failed to initialize NumPy: No module named 'numpy' (Triggered internally at /__w/pytorch/pytorch/torch/csrc/utils/tensor_numpy.cpp:84.)
  cpu = _conversion_method_template(device=torch.device("cpu"))
/mnt/c/Users/geonu/Desktop/port_reinforcement/src/yard_rl/experiments/yr147_defer.py:248: UserWarning: Converting a tensor with requires_grad=True to a scalar may lead to unexpected behavior.
Consider using tensor.detach() first. (Triggered internally at /__w/pytorch/pytorch/torch/csrc/autograd/generated/python_variable_methods.cpp:822.)
  log["rank_loss"].append(float(loss_rank))
[r s228000 it1] mean 35.68 labels 4
[r s228000 it5] mean 33.72 labels 20
[r s228000 it10] mean 52.03 labels 40
[r s228000 it15] mean 34.95 labels 60
[r s228000 it20] mean 42.61 labels 80
[r s228000 it25] mean 36.71 labels 100
[r s228000 it30] mean 44.09 labels 120
[r s228000 it35] mean 36.45 labels 140
[r s228000 it40] mean 29.87 labels 160
[r s228000 it45] mean 37.89 labels 180
[r s228000 it50] mean 37.42 labels 200
[r s228000 it55] mean 37.35 labels 220
[r s228000 it60] mean 37.82 labels 240
[r s228000] 완료 labels=240
DONE
