/home/geonu/.venvs/yard-rl/lib/python3.12/site-packages/torch/_subclasses/functional_tensor.py:368: UserWarning: Failed to initialize NumPy: No module named 'numpy' (Triggered internally at /__w/pytorch/pytorch/torch/csrc/utils/tensor_numpy.cpp:84.)
  cpu = _conversion_method_template(device=torch.device("cpu"))
/mnt/c/Users/geonu/Desktop/port_reinforcement/src/yard_rl/experiments/yr147_defer.py:248: UserWarning: Converting a tensor with requires_grad=True to a scalar may lead to unexpected behavior.
Consider using tensor.detach() first. (Triggered internally at /__w/pytorch/pytorch/torch/csrc/autograd/generated/python_variable_methods.cpp:822.)
  log["rank_loss"].append(float(loss_rank))
[r s225000 it1] mean 42.50 labels 4
[r s225000 it5] mean 39.79 labels 20
[r s225000 it10] mean 40.84 labels 40
[r s225000 it15] mean 47.52 labels 60
[r s225000 it20] mean 34.12 labels 80
[r s225000 it25] mean 39.96 labels 100
[r s225000 it30] mean 38.38 labels 120
[r s225000 it35] mean 44.00 labels 139
[r s225000 it40] mean 34.64 labels 159
[r s225000 it45] mean 37.84 labels 179
[r s225000 it50] mean 42.89 labels 199
[r s225000 it55] mean 32.51 labels 219
[r s225000 it60] mean 36.23 labels 239
[r s225000] 완료 labels=239
DONE
