/home/geonu/.venvs/yard-rl/lib/python3.12/site-packages/torch/_subclasses/functional_tensor.py:368: UserWarning: Failed to initialize NumPy: No module named 'numpy' (Triggered internally at /__w/pytorch/pytorch/torch/csrc/utils/tensor_numpy.cpp:84.)
  cpu = _conversion_method_template(device=torch.device("cpu"))
/mnt/c/Users/geonu/Desktop/port_reinforcement/src/yard_rl/experiments/yr147_defer.py:248: UserWarning: Converting a tensor with requires_grad=True to a scalar may lead to unexpected behavior.
Consider using tensor.detach() first. (Triggered internally at /__w/pytorch/pytorch/torch/csrc/autograd/generated/python_variable_methods.cpp:822.)
  log["rank_loss"].append(float(loss_rank))
[r s226000 it1] mean 45.44 labels 4
[r s226000 it5] mean 42.52 labels 20
[r s226000 it10] mean 34.75 labels 40
[r s226000 it15] mean 43.34 labels 60
[r s226000 it20] mean 37.30 labels 80
[r s226000 it25] mean 31.48 labels 100
[r s226000 it30] mean 33.44 labels 120
[r s226000 it35] mean 35.84 labels 140
[r s226000 it40] mean 36.82 labels 160
[r s226000 it45] mean 35.62 labels 180
[r s226000 it50] mean 32.78 labels 200
[r s226000 it55] mean 36.32 labels 220
[r s226000 it60] mean 35.49 labels 238
[r s226000] 완료 labels=238
DONE
