/home/geonu/.venvs/yard-rl/lib/python3.12/site-packages/torch/_subclasses/functional_tensor.py:368: UserWarning: Failed to initialize NumPy: No module named 'numpy' (Triggered internally at /__w/pytorch/pytorch/torch/csrc/utils/tensor_numpy.cpp:84.)
  cpu = _conversion_method_template(device=torch.device("cpu"))
/mnt/c/Users/geonu/Desktop/port_reinforcement/src/yard_rl/experiments/yr147_defer.py:249: UserWarning: Converting a tensor with requires_grad=True to a scalar may lead to unexpected behavior.
Consider using tensor.detach() first. (Triggered internally at /__w/pytorch/pytorch/torch/csrc/autograd/generated/python_variable_methods.cpp:822.)
  log["ppo_loss"].append(float(loss_pi / nmb))
[b s99000 it1] mean 39.00 labels 0
[b s99000 it5] mean 41.63 labels 0
[b s99000 it10] mean 43.44 labels 0
[b s99000 it15] mean 35.89 labels 0
[b s99000 it20] mean 37.57 labels 0
[b s99000 it25] mean 41.20 labels 0
[b s99000 it30] mean 43.46 labels 0
[b s99000 it35] mean 36.59 labels 0
[b s99000 it40] mean 42.37 labels 0
[b s99000 it45] mean 35.46 labels 0
[b s99000 it50] mean 37.86 labels 0
[b s99000 it55] mean 39.46 labels 0
[b s99000 it60] mean 39.07 labels 0
[b s99000] 완료 labels=0
DONE
