/home/geonu/.venvs/yard-rl/lib/python3.12/site-packages/torch/_subclasses/functional_tensor.py:368: UserWarning: Failed to initialize NumPy: No module named 'numpy' (Triggered internally at /__w/pytorch/pytorch/torch/csrc/utils/tensor_numpy.cpp:84.)
  cpu = _conversion_method_template(device=torch.device("cpu"))
/mnt/c/Users/geonu/Desktop/port_reinforcement/src/yard_rl/experiments/yr147_defer.py:248: UserWarning: Converting a tensor with requires_grad=True to a scalar may lead to unexpected behavior.
Consider using tensor.detach() first. (Triggered internally at /__w/pytorch/pytorch/torch/csrc/autograd/generated/python_variable_methods.cpp:822.)
  log["rank_loss"].append(float(loss_rank))
[r s223000 it1] mean 46.02 labels 4
[r s223000 it5] mean 43.21 labels 20
[r s223000 it10] mean 36.61 labels 40
[r s223000 it15] mean 36.19 labels 60
[r s223000 it20] mean 37.84 labels 80
[r s223000 it25] mean 40.64 labels 100
[r s223000 it30] mean 43.10 labels 120
[r s223000 it35] mean 31.95 labels 140
[r s223000 it40] mean 34.73 labels 160
[r s223000 it45] mean 35.54 labels 180
[r s223000 it50] mean 34.02 labels 200
[r s223000 it55] mean 36.05 labels 220
[r s223000 it60] mean 39.48 labels 236
[r s223000] 완료 labels=236
DONE
