/home/geonu/.venvs/yard-rl/lib/python3.12/site-packages/torch/_subclasses/functional_tensor.py:368: UserWarning: Failed to initialize NumPy: No module named 'numpy' (Triggered internally at /__w/pytorch/pytorch/torch/csrc/utils/tensor_numpy.cpp:84.)
  cpu = _conversion_method_template(device=torch.device("cpu"))
/mnt/c/Users/geonu/Desktop/port_reinforcement/src/yard_rl/experiments/yr147_defer.py:248: UserWarning: Converting a tensor with requires_grad=True to a scalar may lead to unexpected behavior.
Consider using tensor.detach() first. (Triggered internally at /__w/pytorch/pytorch/torch/csrc/autograd/generated/python_variable_methods.cpp:822.)
  log["rank_loss"].append(float(loss_rank))
[r s222000 it1] mean 43.17 labels 4
[r s222000 it5] mean 38.20 labels 20
[r s222000 it10] mean 35.98 labels 40
[r s222000 it15] mean 42.37 labels 60
[r s222000 it20] mean 37.93 labels 80
[r s222000 it25] mean 42.63 labels 100
[r s222000 it30] mean 35.77 labels 120
[r s222000 it35] mean 37.09 labels 140
[r s222000 it40] mean 39.23 labels 160
[r s222000 it45] mean 30.82 labels 180
[r s222000 it50] mean 34.27 labels 200
[r s222000 it55] mean 35.72 labels 220
[r s222000 it60] mean 42.15 labels 240
[r s222000] 완료 labels=240
DONE
