/home/geonu/.venvs/yard-rl/lib/python3.12/site-packages/torch/_subclasses/functional_tensor.py:368: UserWarning: Failed to initialize NumPy: No module named 'numpy' (Triggered internally at /__w/pytorch/pytorch/torch/csrc/utils/tensor_numpy.cpp:84.)
  cpu = _conversion_method_template(device=torch.device("cpu"))
/mnt/c/Users/geonu/Desktop/port_reinforcement/src/yard_rl/experiments/yr147_defer.py:248: UserWarning: Converting a tensor with requires_grad=True to a scalar may lead to unexpected behavior.
Consider using tensor.detach() first. (Triggered internally at /__w/pytorch/pytorch/torch/csrc/autograd/generated/python_variable_methods.cpp:822.)
  log["rank_loss"].append(float(loss_rank))
[r s227000 it1] mean 39.43 labels 4
[r s227000 it5] mean 39.82 labels 20
[r s227000 it10] mean 40.13 labels 40
[r s227000 it15] mean 39.45 labels 60
[r s227000 it20] mean 46.34 labels 80
[r s227000 it25] mean 41.03 labels 100
[r s227000 it30] mean 42.37 labels 120
[r s227000 it35] mean 38.30 labels 140
[r s227000 it40] mean 32.25 labels 160
[r s227000 it45] mean 43.30 labels 180
[r s227000 it50] mean 40.12 labels 200
[r s227000 it55] mean 40.66 labels 220
[r s227000 it60] mean 37.35 labels 240
[r s227000] 완료 labels=240
DONE
