/home/geonu/.venvs/yard-rl/lib/python3.12/site-packages/torch/_subclasses/functional_tensor.py:368: UserWarning: Failed to initialize NumPy: No module named 'numpy' (Triggered internally at /__w/pytorch/pytorch/torch/csrc/utils/tensor_numpy.cpp:84.)
  cpu = _conversion_method_template(device=torch.device("cpu"))
/mnt/c/Users/geonu/Desktop/port_reinforcement/src/yard_rl/experiments/yr147_defer.py:248: UserWarning: Converting a tensor with requires_grad=True to a scalar may lead to unexpected behavior.
Consider using tensor.detach() first. (Triggered internally at /__w/pytorch/pytorch/torch/csrc/autograd/generated/python_variable_methods.cpp:822.)
  log["rank_loss"].append(float(loss_rank))
[r s221000 it1] mean 45.50 labels 4
[r s221000 it5] mean 44.02 labels 20
[r s221000 it10] mean 36.50 labels 40
[r s221000 it15] mean 39.69 labels 60
[r s221000 it20] mean 41.06 labels 80
[r s221000 it25] mean 39.14 labels 100
[r s221000 it30] mean 37.84 labels 120
[r s221000 it35] mean 38.17 labels 140
[r s221000 it40] mean 36.64 labels 158
[r s221000 it45] mean 42.03 labels 178
[r s221000 it50] mean 36.12 labels 198
[r s221000 it55] mean 39.88 labels 218
[r s221000 it60] mean 35.01 labels 237
[r s221000] 완료 labels=237
DONE
