/home/geonu/.venvs/yard-rl/lib/python3.12/site-packages/torch/_subclasses/functional_tensor.py:368: UserWarning: Failed to initialize NumPy: No module named 'numpy' (Triggered internally at /__w/pytorch/pytorch/torch/csrc/utils/tensor_numpy.cpp:84.)
  cpu = _conversion_method_template(device=torch.device("cpu"))
/mnt/c/Users/geonu/Desktop/port_reinforcement/src/yard_rl/experiments/yr147_defer.py:248: UserWarning: Converting a tensor with requires_grad=True to a scalar may lead to unexpected behavior.
Consider using tensor.detach() first. (Triggered internally at /__w/pytorch/pytorch/torch/csrc/autograd/generated/python_variable_methods.cpp:822.)
  log["rank_loss"].append(float(loss_rank))
[r s212000 it1] mean 39.42 labels 4
[r s212000 it5] mean 39.73 labels 20
[r s212000 it10] mean 35.32 labels 40
[r s212000 it15] mean 40.27 labels 60
[r s212000 it20] mean 35.64 labels 80
[r s212000 it25] mean 35.60 labels 100
[r s212000 it30] mean 42.19 labels 119
[r s212000 it35] mean 38.43 labels 139
[r s212000 it40] mean 38.15 labels 159
[r s212000 it45] mean 38.11 labels 179
[r s212000 it50] mean 39.31 labels 199
[r s212000 it55] mean 32.83 labels 219
[r s212000 it60] mean 37.52 labels 239
[r s212000] 완료 labels=239
DONE
