/home/geonu/.venvs/yard-rl/lib/python3.12/site-packages/torch/_subclasses/functional_tensor.py:368: UserWarning: Failed to initialize NumPy: No module named 'numpy' (Triggered internally at /__w/pytorch/pytorch/torch/csrc/utils/tensor_numpy.cpp:84.)
  cpu = _conversion_method_template(device=torch.device("cpu"))
/mnt/c/Users/geonu/Desktop/port_reinforcement/src/yard_rl/experiments/yr147_defer.py:248: UserWarning: Converting a tensor with requires_grad=True to a scalar may lead to unexpected behavior.
Consider using tensor.detach() first. (Triggered internally at /__w/pytorch/pytorch/torch/csrc/autograd/generated/python_variable_methods.cpp:822.)
  log["rank_loss"].append(float(loss_rank))
[r s221000 it1] mean 47.50 labels 4
[r s221000 it5] mean 36.04 labels 20
[r s221000 it10] mean 39.43 labels 40
[r s221000 it15] mean 33.59 labels 60
[r s221000 it20] mean 30.03 labels 80
[r s221000 it25] mean 37.50 labels 100
[r s221000 it30] mean 37.40 labels 120
[r s221000 it35] mean 39.37 labels 140
[r s221000 it40] mean 30.42 labels 160
[r s221000 it45] mean 36.30 labels 180
[r s221000 it50] mean 35.19 labels 200
[r s221000 it55] mean 32.92 labels 220
[r s221000 it60] mean 36.38 labels 240
[r s221000] 완료 labels=240
DONE
