/home/geonu/.venvs/yard-rl/lib/python3.12/site-packages/torch/_subclasses/functional_tensor.py:368: UserWarning: Failed to initialize NumPy: No module named 'numpy' (Triggered internally at /__w/pytorch/pytorch/torch/csrc/utils/tensor_numpy.cpp:84.)
  cpu = _conversion_method_template(device=torch.device("cpu"))
/mnt/c/Users/geonu/Desktop/port_reinforcement/src/yard_rl/experiments/yr147_defer.py:248: UserWarning: Converting a tensor with requires_grad=True to a scalar may lead to unexpected behavior.
Consider using tensor.detach() first. (Triggered internally at /__w/pytorch/pytorch/torch/csrc/autograd/generated/python_variable_methods.cpp:822.)
  log["rank_loss"].append(float(loss_rank))
[r s224000 it1] mean 51.20 labels 4
[r s224000 it5] mean 42.50 labels 20
[r s224000 it10] mean 37.67 labels 40
[r s224000 it15] mean 35.26 labels 60
[r s224000 it20] mean 41.81 labels 80
[r s224000 it25] mean 37.48 labels 100
[r s224000 it30] mean 45.90 labels 118
[r s224000 it35] mean 32.64 labels 134
[r s224000 it40] mean 40.55 labels 153
[r s224000 it45] mean 33.45 labels 171
[r s224000 it50] mean 34.54 labels 190
[r s224000 it55] mean 39.56 labels 209
[r s224000 it60] mean 37.42 labels 229
[r s224000] 완료 labels=229
DONE
