/home/geonu/.venvs/yard-rl/lib/python3.12/site-packages/torch/_subclasses/functional_tensor.py:368: UserWarning: Failed to initialize NumPy: No module named 'numpy' (Triggered internally at /__w/pytorch/pytorch/torch/csrc/utils/tensor_numpy.cpp:84.)
  cpu = _conversion_method_template(device=torch.device("cpu"))
/mnt/c/Users/geonu/Desktop/port_reinforcement/src/yard_rl/experiments/yr147_defer.py:249: UserWarning: Converting a tensor with requires_grad=True to a scalar may lead to unexpected behavior.
Consider using tensor.detach() first. (Triggered internally at /__w/pytorch/pytorch/torch/csrc/autograd/generated/python_variable_methods.cpp:822.)
  log["ppo_loss"].append(float(loss_pi / nmb))
[b s123000 it1] mean 39.30 labels 0
[b s123000 it5] mean 42.52 labels 0
[b s123000 it10] mean 46.56 labels 0
[b s123000 it15] mean 39.24 labels 0
[b s123000 it20] mean 36.22 labels 0
[b s123000 it25] mean 38.82 labels 0
[b s123000 it30] mean 42.87 labels 0
[b s123000 it35] mean 41.54 labels 0
[b s123000 it40] mean 33.33 labels 0
[b s123000 it45] mean 37.54 labels 0
[b s123000 it50] mean 42.00 labels 0
[b s123000 it55] mean 35.89 labels 0
[b s123000 it60] mean 38.35 labels 0
[b s123000] 완료 labels=0
DONE
