/home/geonu/.venvs/yard-rl/lib/python3.12/site-packages/torch/_subclasses/functional_tensor.py:368: UserWarning: Failed to initialize NumPy: No module named 'numpy' (Triggered internally at /__w/pytorch/pytorch/torch/csrc/utils/tensor_numpy.cpp:84.)
  cpu = _conversion_method_template(device=torch.device("cpu"))
/mnt/c/Users/geonu/Desktop/port_reinforcement/src/yard_rl/experiments/yr147_defer.py:249: UserWarning: Converting a tensor with requires_grad=True to a scalar may lead to unexpected behavior.
Consider using tensor.detach() first. (Triggered internally at /__w/pytorch/pytorch/torch/csrc/autograd/generated/python_variable_methods.cpp:822.)
  log["ppo_loss"].append(float(loss_pi / nmb))
[b s88000 it1] mean 36.73 labels 0
[b s88000 it5] mean 35.07 labels 0
[b s88000 it10] mean 41.40 labels 0
[b s88000 it15] mean 37.82 labels 0
[b s88000 it20] mean 40.07 labels 0
[b s88000 it25] mean 38.60 labels 0
[b s88000 it30] mean 37.77 labels 0
[b s88000 it35] mean 41.23 labels 0
[b s88000 it40] mean 40.01 labels 0
[b s88000 it45] mean 35.61 labels 0
[b s88000 it50] mean 37.68 labels 0
[b s88000 it55] mean 36.86 labels 0
[b s88000 it60] mean 35.71 labels 0
[b s88000] 완료 labels=0
DONE
