/home/geonu/.venvs/yard-rl/lib/python3.12/site-packages/torch/_subclasses/functional_tensor.py:368: UserWarning: Failed to initialize NumPy: No module named 'numpy' (Triggered internally at /__w/pytorch/pytorch/torch/csrc/utils/tensor_numpy.cpp:84.)
  cpu = _conversion_method_template(device=torch.device("cpu"))
/mnt/c/Users/geonu/Desktop/port_reinforcement/src/yard_rl/experiments/yr147_defer.py:248: UserWarning: Converting a tensor with requires_grad=True to a scalar may lead to unexpected behavior.
Consider using tensor.detach() first. (Triggered internally at /__w/pytorch/pytorch/torch/csrc/autograd/generated/python_variable_methods.cpp:822.)
  log["rank_loss"].append(float(loss_rank))
[r s226000 it1] mean 44.95 labels 4
[r s226000 it5] mean 45.36 labels 20
[r s226000 it10] mean 41.88 labels 40
[r s226000 it15] mean 37.96 labels 60
[r s226000 it20] mean 38.77 labels 80
[r s226000 it25] mean 33.10 labels 100
[r s226000 it30] mean 34.33 labels 120
[r s226000 it35] mean 37.40 labels 139
[r s226000 it40] mean 40.27 labels 159
[r s226000 it45] mean 42.64 labels 179
[r s226000 it50] mean 42.90 labels 195
[r s226000 it55] mean 32.65 labels 209
[r s226000 it60] mean 43.40 labels 228
[r s226000] 완료 labels=228
DONE
