/home/geonu/.venvs/yard-rl/lib/python3.12/site-packages/torch/_subclasses/functional_tensor.py:368: UserWarning: Failed to initialize NumPy: No module named 'numpy' (Triggered internally at /__w/pytorch/pytorch/torch/csrc/utils/tensor_numpy.cpp:84.)
  cpu = _conversion_method_template(device=torch.device("cpu"))
/mnt/c/Users/geonu/Desktop/port_reinforcement/src/yard_rl/experiments/yr147_defer.py:248: UserWarning: Converting a tensor with requires_grad=True to a scalar may lead to unexpected behavior.
Consider using tensor.detach() first. (Triggered internally at /__w/pytorch/pytorch/torch/csrc/autograd/generated/python_variable_methods.cpp:822.)
  log["rank_loss"].append(float(loss_rank))
[r s213000 it1] mean 38.23 labels 4
[r s213000 it5] mean 46.40 labels 20
[r s213000 it10] mean 33.01 labels 40
[r s213000 it15] mean 38.22 labels 60
[r s213000 it20] mean 42.23 labels 80
[r s213000 it25] mean 39.20 labels 100
[r s213000 it30] mean 38.34 labels 120
[r s213000 it35] mean 35.63 labels 140
[r s213000 it40] mean 37.46 labels 160
[r s213000 it45] mean 31.30 labels 180
[r s213000 it50] mean 38.56 labels 200
[r s213000 it55] mean 32.15 labels 220
[r s213000 it60] mean 34.99 labels 240
[r s213000] 완료 labels=240
DONE
