/home/geonu/.venvs/yard-rl/lib/python3.12/site-packages/torch/_subclasses/functional_tensor.py:368: UserWarning: Failed to initialize NumPy: No module named 'numpy' (Triggered internally at /__w/pytorch/pytorch/torch/csrc/utils/tensor_numpy.cpp:84.)
  cpu = _conversion_method_template(device=torch.device("cpu"))
/mnt/c/Users/geonu/Desktop/port_reinforcement/src/yard_rl/experiments/yr147_defer.py:248: UserWarning: Converting a tensor with requires_grad=True to a scalar may lead to unexpected behavior.
Consider using tensor.detach() first. (Triggered internally at /__w/pytorch/pytorch/torch/csrc/autograd/generated/python_variable_methods.cpp:822.)
  log["rank_loss"].append(float(loss_rank))
[r s123000 it1] mean 39.30 labels 4
[r s123000 it5] mean 41.62 labels 20
[r s123000 it10] mean 37.37 labels 40
[r s123000 it15] mean 39.30 labels 60
[r s123000 it20] mean 35.24 labels 78
[r s123000 it25] mean 36.42 labels 98
[r s123000 it30] mean 35.44 labels 118
[r s123000 it35] mean 31.37 labels 138
[r s123000 it40] mean 36.55 labels 154
[r s123000 it45] mean 41.91 labels 171
[r s123000 it50] mean 34.32 labels 191
[r s123000 it55] mean 36.83 labels 211
[r s123000 it60] mean 38.79 labels 229
[r s123000] 완료 labels=229
DONE
