/home/geonu/.venvs/yard-rl/lib/python3.12/site-packages/torch/_subclasses/functional_tensor.py:368: UserWarning: Failed to initialize NumPy: No module named 'numpy' (Triggered internally at /__w/pytorch/pytorch/torch/csrc/utils/tensor_numpy.cpp:84.)
  cpu = _conversion_method_template(device=torch.device("cpu"))
[confirm] c0:221000
[confirm] c0:222000
[confirm] c0:223000
[confirm] c0:224000
[confirm] c0:225000
[confirm] c0:226000
[confirm] c0:227000
[confirm] c0:228000
[confirm] c1:221000
[confirm] c1:222000
[confirm] c1:223000
[confirm] c1:224000
[confirm] c1:225000
[confirm] c1:226000
[confirm] c1:227000
[confirm] c1:228000
{"판정": "C0_GUARD_FAIL(C1 유지)", "민감도_δx0.5": "C0_GUARD_FAIL(C1 유지)", "민감도_δx1.5": "C0_GUARD_FAIL(C1 유지)", "guards": {"c0": false, "c1": false}, "v2": {"mean": -1.5986, "sd": 2.2279, "U": -1.034, "L": -2.1631, "delta": 1.0, "mde_achieved": 0.9831}, "berth": {"mean": -0.6375, "sd": 8.1066, "U": 1.4168, "L": -2.6919, "delta": 3.0, "mde_achieved": 3.5772}, "v1": {"mean": -2.0375, "sd": 4.5731, "U": -0.8785, "L": -3.1964, "delta": 2.0, "mde_achieved": 2.018}}
DONE
