/home/geonu/.venvs/yard-rl/lib/python3.12/site-packages/torch/_subclasses/functional_tensor.py:368: UserWarning: Failed to initialize NumPy: No module named 'numpy' (Triggered internally at /__w/pytorch/pytorch/torch/csrc/utils/tensor_numpy.cpp:84.)
  cpu = _conversion_method_template(device=torch.device("cpu"))
/mnt/c/Users/geonu/Desktop/port_reinforcement/src/yard_rl/experiments/yr147_defer.py:248: UserWarning: Converting a tensor with requires_grad=True to a scalar may lead to unexpected behavior.
Consider using tensor.detach() first. (Triggered internally at /__w/pytorch/pytorch/torch/csrc/autograd/generated/python_variable_methods.cpp:822.)
  log["rank_loss"].append(float(loss_rank))
[r s224000 it1] mean 49.48 labels 4
[r s224000 it5] mean 42.35 labels 20
[r s224000 it10] mean 40.51 labels 40
[r s224000 it15] mean 38.43 labels 60
[r s224000 it20] mean 39.08 labels 80
[r s224000 it25] mean 36.35 labels 100
[r s224000 it30] mean 32.85 labels 120
[r s224000 it35] mean 31.89 labels 140
[r s224000 it40] mean 43.92 labels 160
[r s224000 it45] mean 40.15 labels 180
[r s224000 it50] mean 35.93 labels 200
[r s224000 it55] mean 35.76 labels 220
[r s224000 it60] mean 35.03 labels 240
[r s224000] 완료 labels=240
DONE
