/home/geonu/.venvs/yard-rl/lib/python3.12/site-packages/torch/_subclasses/functional_tensor.py:368: UserWarning: Failed to initialize NumPy: No module named 'numpy' (Triggered internally at /__w/pytorch/pytorch/torch/csrc/utils/tensor_numpy.cpp:84.)
  cpu = _conversion_method_template(device=torch.device("cpu"))
/mnt/c/Users/geonu/Desktop/port_reinforcement/src/yard_rl/experiments/yr147_defer.py:248: UserWarning: Converting a tensor with requires_grad=True to a scalar may lead to unexpected behavior.
Consider using tensor.detach() first. (Triggered internally at /__w/pytorch/pytorch/torch/csrc/autograd/generated/python_variable_methods.cpp:822.)
  log["rank_loss"].append(float(loss_rank))
[r s214000 it1] mean 41.07 labels 4
[r s214000 it5] mean 42.95 labels 20
[r s214000 it10] mean 44.03 labels 40
[r s214000 it15] mean 36.36 labels 60
[r s214000 it20] mean 41.39 labels 80
[r s214000 it25] mean 42.19 labels 100
[r s214000 it30] mean 36.02 labels 120
[r s214000 it35] mean 35.82 labels 140
[r s214000 it40] mean 31.92 labels 160
[r s214000 it45] mean 41.19 labels 180
[r s214000 it50] mean 35.63 labels 200
[r s214000 it55] mean 36.01 labels 220
[r s214000 it60] mean 36.22 labels 240
[r s214000] 완료 labels=240
DONE
