/home/geonu/.venvs/yard-rl/lib/python3.12/site-packages/torch/_subclasses/functional_tensor.py:368: UserWarning: Failed to initialize NumPy: No module named 'numpy' (Triggered internally at /__w/pytorch/pytorch/torch/csrc/utils/tensor_numpy.cpp:84.)
  cpu = _conversion_method_template(device=torch.device("cpu"))
/mnt/c/Users/geonu/Desktop/port_reinforcement/src/yard_rl/experiments/yr147_defer.py:248: UserWarning: Converting a tensor with requires_grad=True to a scalar may lead to unexpected behavior.
Consider using tensor.detach() first. (Triggered internally at /__w/pytorch/pytorch/torch/csrc/autograd/generated/python_variable_methods.cpp:822.)
  log["rank_loss"].append(float(loss_rank))
[r s99000 it1] mean 39.00 labels 4
[r s99000 it5] mean 36.37 labels 20
[r s99000 it10] mean 42.27 labels 40
[r s99000 it15] mean 40.26 labels 60
[r s99000 it20] mean 35.49 labels 80
[r s99000 it25] mean 37.71 labels 100
[r s99000 it30] mean 36.45 labels 120
[r s99000 it35] mean 40.93 labels 140
[r s99000 it40] mean 37.15 labels 160
[r s99000 it45] mean 38.71 labels 178
[r s99000 it50] mean 42.67 labels 194
[r s99000 it55] mean 43.39 labels 214
[r s99000 it60] mean 39.00 labels 233
[r s99000] 완료 labels=233
DONE
