/home/geonu/.venvs/yard-rl/lib/python3.12/site-packages/torch/_subclasses/functional_tensor.py:368: UserWarning: Failed to initialize NumPy: No module named 'numpy' (Triggered internally at /__w/pytorch/pytorch/torch/csrc/utils/tensor_numpy.cpp:84.)
  cpu = _conversion_method_template(device=torch.device("cpu"))
/mnt/c/Users/geonu/Desktop/port_reinforcement/src/yard_rl/experiments/yr147_defer.py:248: UserWarning: Converting a tensor with requires_grad=True to a scalar may lead to unexpected behavior.
Consider using tensor.detach() first. (Triggered internally at /__w/pytorch/pytorch/torch/csrc/autograd/generated/python_variable_methods.cpp:822.)
  log["rank_loss"].append(float(loss_rank))
[r s222000 it1] mean 46.72 labels 4
[r s222000 it5] mean 39.86 labels 20
[r s222000 it10] mean 41.49 labels 40
[r s222000 it15] mean 40.32 labels 60
[r s222000 it20] mean 35.48 labels 80
[r s222000 it25] mean 36.67 labels 100
[r s222000 it30] mean 39.84 labels 119
[r s222000 it35] mean 38.72 labels 139
[r s222000 it40] mean 37.45 labels 159
[r s222000 it45] mean 36.50 labels 179
[r s222000 it50] mean 31.50 labels 196
[r s222000 it55] mean 35.13 labels 211
[r s222000 it60] mean 33.03 labels 229
[r s222000] 완료 labels=229
DONE
