/home/geonu/.venvs/yard-rl/lib/python3.12/site-packages/torch/_subclasses/functional_tensor.py:368: UserWarning: Failed to initialize NumPy: No module named 'numpy' (Triggered internally at /__w/pytorch/pytorch/torch/csrc/utils/tensor_numpy.cpp:84.)
  cpu = _conversion_method_template(device=torch.device("cpu"))
/mnt/c/Users/geonu/Desktop/port_reinforcement/src/yard_rl/experiments/yr147_defer.py:248: UserWarning: Converting a tensor with requires_grad=True to a scalar may lead to unexpected behavior.
Consider using tensor.detach() first. (Triggered internally at /__w/pytorch/pytorch/torch/csrc/autograd/generated/python_variable_methods.cpp:822.)
  log["rank_loss"].append(float(loss_rank))
[r s223000 it1] mean 48.76 labels 4
[r s223000 it5] mean 48.03 labels 20
[r s223000 it10] mean 51.89 labels 40
[r s223000 it15] mean 41.59 labels 60
[r s223000 it20] mean 36.30 labels 80
[r s223000 it25] mean 30.18 labels 100
[r s223000 it30] mean 35.77 labels 120
[r s223000 it35] mean 43.22 labels 140
[r s223000 it40] mean 36.85 labels 160
[r s223000 it45] mean 38.65 labels 179
[r s223000 it50] mean 38.45 labels 198
[r s223000 it55] mean 42.77 labels 218
[r s223000 it60] mean 36.05 labels 238
[r s223000] 완료 labels=238
DONE
