/home/geonu/.venvs/yard-rl/lib/python3.12/site-packages/torch/_subclasses/functional_tensor.py:368: UserWarning: Failed to initialize NumPy: No module named 'numpy' (Triggered internally at /__w/pytorch/pytorch/torch/csrc/utils/tensor_numpy.cpp:84.)
  cpu = _conversion_method_template(device=torch.device("cpu"))
/mnt/c/Users/geonu/Desktop/port_reinforcement/src/yard_rl/experiments/yr147_defer.py:248: UserWarning: Converting a tensor with requires_grad=True to a scalar may lead to unexpected behavior.
Consider using tensor.detach() first. (Triggered internally at /__w/pytorch/pytorch/torch/csrc/autograd/generated/python_variable_methods.cpp:822.)
  log["rank_loss"].append(float(loss_rank))
[r s212000 it1] mean 40.76 labels 4
[r s212000 it5] mean 43.62 labels 20
[r s212000 it10] mean 42.50 labels 40
[r s212000 it15] mean 35.13 labels 60
[r s212000 it20] mean 39.93 labels 80
[r s212000 it25] mean 32.55 labels 100
[r s212000 it30] mean 40.60 labels 120
[r s212000 it35] mean 36.72 labels 140
[r s212000 it40] mean 33.58 labels 160
[r s212000 it45] mean 44.21 labels 177
[r s212000 it50] mean 39.07 labels 191
[r s212000 it55] mean 39.18 labels 211
[r s212000 it60] mean 31.02 labels 226
[r s212000] 완료 labels=226
DONE
