ISO_START 2026-08-10 13:04:59
/mnt/c/Users/geonu/Desktop/port_reinforcement/.venv/lib/python3.12/site-packages/torch/_subclasses/functional_tensor.py:368: UserWarning: Failed to initialize NumPy: No module named 'numpy' (Triggered internally at /__w/pytorch/pytorch/torch/csrc/utils/tensor_numpy.cpp:84.)
  cpu = _conversion_method_template(device=torch.device("cpu"))
/mnt/c/Users/geonu/Desktop/port_reinforcement/.venv/lib/python3.12/site-packages/torch/_subclasses/functional_tensor.py:368: UserWarning: Failed to initialize NumPy: No module named 'numpy' (Triggered internally at /__w/pytorch/pytorch/torch/csrc/utils/tensor_numpy.cpp:84.)
  cpu = _conversion_method_template(device=torch.device("cpu"))
/mnt/c/Users/geonu/Desktop/port_reinforcement/.venv/lib/python3.12/site-packages/torch/_subclasses/functional_tensor.py:368: UserWarning: Failed to initialize NumPy: No module named 'numpy' (Triggered internally at /__w/pytorch/pytorch/torch/csrc/utils/tensor_numpy.cpp:84.)
  cpu = _conversion_method_template(device=torch.device("cpu"))
{"idx": 0, "gain_realized": -0.985562531, "parts": {"T_src": -0.946884865, "T_dst": -0.041733221, "T_other": 0.0, "V_all": 0.0, "R_wait": 0.003055556}, "admission_identical": true}
DONE
{"idx": 1, "gain_realized": -5.228067874, "parts": {"T_src": -3.952863271, "T_dst": -1.266037937, "T_other": 0.0, "V_all": 0.0, "R_wait": -0.009166667}, "admission_identical": true}
DONE
{"idx": 2, "gain_realized": 0.852764475, "parts": {"T_src": 0.942653794, "T_dst": -0.083778208, "T_other": 0.0, "V_all": 0.0, "R_wait": -0.006111111}, "admission_identical": true}
DONE
/mnt/c/Users/geonu/Desktop/port_reinforcement/.venv/lib/python3.12/site-packages/torch/_subclasses/functional_tensor.py:368: UserWarning: Failed to initialize NumPy: No module named 'numpy' (Triggered internally at /__w/pytorch/pytorch/torch/csrc/utils/tensor_numpy.cpp:84.)
  cpu = _conversion_method_template(device=torch.device("cpu"))
/mnt/c/Users/geonu/Desktop/port_reinforcement/.venv/lib/python3.12/site-packages/torch/_subclasses/functional_tensor.py:368: UserWarning: Failed to initialize NumPy: No module named 'numpy' (Triggered internally at /__w/pytorch/pytorch/torch/csrc/utils/tensor_numpy.cpp:84.)
  cpu = _conversion_method_template(device=torch.device("cpu"))
/mnt/c/Users/geonu/Desktop/port_reinforcement/.venv/lib/python3.12/site-packages/torch/_subclasses/functional_tensor.py:368: UserWarning: Failed to initialize NumPy: No module named 'numpy' (Triggered internally at /__w/pytorch/pytorch/torch/csrc/utils/tensor_numpy.cpp:84.)
  cpu = _conversion_method_template(device=torch.device("cpu"))
{"idx": 4, "gain_realized": 1.207433965, "parts": {"T_src": 1.348571494, "T_dst": -0.144193085, "T_other": 0.0, "V_all": 0.0, "R_wait": 0.003055556}, "admission_identical": true}
DONE
{"idx": 5, "gain_realized": 0.019012918, "parts": {"T_src": 0.235253388, "T_dst": -0.200962692, "T_other": 0.0, "V_all": 0.0, "R_wait": -0.015277778}, "admission_identical": true}
DONE
/mnt/c/Users/geonu/Desktop/port_reinforcement/.venv/lib/python3.12/site-packages/torch/_subclasses/functional_tensor.py:368: UserWarning: Failed to initialize NumPy: No module named 'numpy' (Triggered internally at /__w/pytorch/pytorch/torch/csrc/utils/tensor_numpy.cpp:84.)
  cpu = _conversion_method_template(device=torch.device("cpu"))
/mnt/c/Users/geonu/Desktop/port_reinforcement/.venv/lib/python3.12/site-packages/torch/_subclasses/functional_tensor.py:368: UserWarning: Failed to initialize NumPy: No module named 'numpy' (Triggered internally at /__w/pytorch/pytorch/torch/csrc/utils/tensor_numpy.cpp:84.)
  cpu = _conversion_method_template(device=torch.device("cpu"))
{"idx": 3, "gain_realized": -0.958363725, "parts": {"T_src": 0.236121571, "T_dst": -1.182263074, "T_other": 0.0, "V_all": 0.0, "R_wait": -0.012222222}, "admission_identical": true}
DONE
{"idx": 6, "gain_realized": -0.380488898, "parts": {"T_src": -0.117153791, "T_dst": -0.25416844, "T_other": 0.0, "V_all": 0.0, "R_wait": -0.009166667}, "admission_identical": true}
DONE
{"idx": 7, "gain_realized": -0.02770875, "parts": {"T_src": 0.19531272, "T_dst": -0.204688137, "T_other": 0.0, "V_all": 0.0, "R_wait": -0.018333333}, "admission_identical": true}
DONE
/mnt/c/Users/geonu/Desktop/port_reinforcement/.venv/lib/python3.12/site-packages/torch/_subclasses/functional_tensor.py:368: UserWarning: Failed to initialize NumPy: No module named 'numpy' (Triggered internally at /__w/pytorch/pytorch/torch/csrc/utils/tensor_numpy.cpp:84.)
  cpu = _conversion_method_template(device=torch.device("cpu"))
{"verdict": "A_device_effect", "n": 8, "max_abs_T_other": 0.0, "admission_identical_all": true, "identity_max_gap": 0.0, "gain_frozen": [-0.985563, -5.228068, 0.852764, -0.958364, 1.207434, 0.019013, -0.380489, -0.027709], "gain_frozen_positive": 3, "note": "장치 타당성 검사 — 성능·GO 주장 없음. 고정 투입 하 이득은 예비 신호이며 정식 판정은 재판정 0B 에서만."}
DONE
ISO_END 2026-08-10 13:12:32
