/home/geonu/.venvs/yard-rl/lib/python3.12/site-packages/torch/_subclasses/functional_tensor.py:368: UserWarning: Failed to initialize NumPy: No module named 'numpy' (Triggered internally at /__w/pytorch/pytorch/torch/csrc/utils/tensor_numpy.cpp:84.)
  cpu = _conversion_method_template(device=torch.device("cpu"))
[eval] SF 기준선 24 에피소드
[eval] WAITON:88000
[eval] BUDGET20:88000
[eval] WAITON:99000
[eval] BUDGET20:99000
[eval] WAITON:123000
[eval] BUDGET20:123000
[diag] N1 보정 진단
{
 "N1_calibration": {
  "per_seed": {
   "88000": {
    "bias": 74.844,
    "G_scale": 109.25,
    "bias_ratio": 0.6851,
    "n": 1407
   },
   "99000": {
    "bias": 77.396,
    "G_scale": 111.84,
    "bias_ratio": 0.6921,
    "n": 1430
   },
   "123000": {
    "bias": 82.909,
    "G_scale": 119.18,
    "bias_ratio": 0.6957,
    "n": 1512
   }
  },
  "pass": false
 },
 "N2_strategic_wait": {
  "strategic_wait_rate_budget20": 0.5352,
  "strategic_wait_rate_waiton": 0.479,
  "wait_dominates_any": true,
  "pass": false
 },
 "N3_cost": {
  "d_total_budget20_minus_waiton": {
   "n": 72,
   "mean": 1.461,
   "sd": 26.384,
   "ci": [
    -4.739,
    7.661
   ],
   "mde80": 8.833,
   "label": "효과 없음(TOST 통과 — 90% CI ⊂ ±10.00)",
   "required_n_for_mean": 2562,
   "required_n_for_delta": 57,
   "equivalent": true,
   "tost_ci90": [
    -3.721,
    6.643
   ]
  },
  "unhealthy": {
   "BUDGET20": 13,
   "WAITON": 3
  },
  "pass": false
 },
 "success": false,
 "train_meta": {
  "88000": {
   "updates_performed": 22200,
   "update_mult": 20,
   "episodes": 500,
   "wall_s": 2696.3
  },
  "99000": {
   "updates_performed": 21960,
   "update_mult": 20,
   "episodes": 500,
   "wall_s": 2439.0
  },
  "123000": {
   "updates_performed": 22100,
   "update_mult": 20,
   "episodes": 500,
   "wall_s": 2839.2
  }
 }
}
DONE
