/home/geonu/.venvs/yard-rl/lib/python3.12/site-packages/torch/_subclasses/functional_tensor.py:368: UserWarning: Failed to initialize NumPy: No module named 'numpy' (Triggered internally at /__w/pytorch/pytorch/torch/csrc/utils/tensor_numpy.cpp:84.)
  cpu = _conversion_method_template(device=torch.device("cpu"))
[BUDGET20 s123000 ep25] wait=85.68 berth=208.7 healthy=0.00 compl=0.860
[BUDGET20 s123000 ep50] wait=137.88 berth=214.1 healthy=0.00 compl=0.599
[BUDGET20 s123000 ep75] wait=117.07 berth=214.8 healthy=0.00 compl=0.486
[BUDGET20 s123000 ep100] wait=95.05 berth=215.6 healthy=0.00 compl=0.516
[BUDGET20 s123000 ep125] wait=81.46 berth=215.6 healthy=0.00 compl=0.548
[BUDGET20 s123000 ep150] wait=57.28 berth=215.6 healthy=0.00 compl=0.655
[BUDGET20 s123000 ep175] wait=53.04 berth=215.6 healthy=0.00 compl=0.665
[BUDGET20 s123000 ep200] wait=43.76 berth=215.6 healthy=0.06 compl=0.739
[BUDGET20 s123000 ep225] wait=37.50 berth=215.6 healthy=0.06 compl=0.811
[BUDGET20 s123000 ep250] wait=37.59 berth=215.6 healthy=0.06 compl=0.795
[BUDGET20 s123000 ep275] wait=33.46 berth=211.8 healthy=0.12 compl=0.825
[BUDGET20 s123000 ep300] wait=31.88 berth=209.4 healthy=0.12 compl=0.863
[BUDGET20 s123000 ep325] wait=30.53 berth=197.5 healthy=0.12 compl=0.986
[BUDGET20 s123000 ep350] wait=28.68 berth=187.1 healthy=0.25 compl=0.984
[BUDGET20 s123000 ep375] wait=26.61 berth=181.5 healthy=0.31 compl=0.995
[BUDGET20 s123000 ep400] wait=28.52 berth=174.0 healthy=0.31 compl=0.996
[BUDGET20 s123000 ep425] wait=25.53 berth=169.2 healthy=0.50 compl=1.000
[BUDGET20 s123000 ep450] wait=21.32 berth=151.5 healthy=0.75 compl=1.000
[BUDGET20 s123000 ep475] wait=22.23 berth=162.1 healthy=0.62 compl=0.995
[BUDGET20 s123000 ep500] wait=21.36 berth=145.7 healthy=0.81 compl=1.000
[train BUDGET20 s123000] {'updates_performed': 22100, 'update_mult': 20, 'episodes': 500, 'wall_s': 2839.2}
DONE
