/home/geonu/.venvs/yard-rl/lib/python3.12/site-packages/torch/_subclasses/functional_tensor.py:368: UserWarning: Failed to initialize NumPy: No module named 'numpy' (Triggered internally at /__w/pytorch/pytorch/torch/csrc/utils/tensor_numpy.cpp:84.)
  cpu = _conversion_method_template(device=torch.device("cpu"))
[BUDGET20 s99000 ep25] wait=28.41 berth=171.6 healthy=0.44 compl=0.997
[BUDGET20 s99000 ep50] wait=51.71 berth=207.5 healthy=0.00 compl=0.893
[BUDGET20 s99000 ep75] wait=44.80 berth=209.1 healthy=0.00 compl=0.896
[BUDGET20 s99000 ep100] wait=47.84 berth=212.6 healthy=0.00 compl=0.815
[BUDGET20 s99000 ep125] wait=47.25 berth=215.6 healthy=0.00 compl=0.688
[BUDGET20 s99000 ep150] wait=51.10 berth=215.6 healthy=0.00 compl=0.685
[BUDGET20 s99000 ep175] wait=43.79 berth=215.6 healthy=0.00 compl=0.683
[BUDGET20 s99000 ep200] wait=40.87 berth=215.1 healthy=0.00 compl=0.755
[BUDGET20 s99000 ep225] wait=41.09 berth=214.8 healthy=0.06 compl=0.835
[BUDGET20 s99000 ep250] wait=36.01 berth=215.6 healthy=0.06 compl=0.819
[BUDGET20 s99000 ep275] wait=34.11 berth=204.7 healthy=0.06 compl=0.952
[BUDGET20 s99000 ep300] wait=32.07 berth=204.8 healthy=0.12 compl=0.891
[BUDGET20 s99000 ep325] wait=30.83 berth=198.7 healthy=0.12 compl=0.976
[BUDGET20 s99000 ep350] wait=28.24 berth=180.0 healthy=0.25 compl=1.000
[BUDGET20 s99000 ep375] wait=26.66 berth=187.0 healthy=0.38 compl=0.978
[BUDGET20 s99000 ep400] wait=24.49 berth=179.9 healthy=0.50 compl=0.986
[BUDGET20 s99000 ep425] wait=23.05 berth=181.5 healthy=0.56 compl=0.975
[BUDGET20 s99000 ep450] wait=24.45 berth=173.6 healthy=0.56 compl=0.999
[BUDGET20 s99000 ep475] wait=18.98 berth=156.5 healthy=0.69 compl=1.000
[BUDGET20 s99000 ep500] wait=19.56 berth=151.1 healthy=0.75 compl=1.000
[train BUDGET20 s99000] {'updates_performed': 21960, 'update_mult': 20, 'episodes': 500, 'wall_s': 2439.0}
DONE
