/home/geonu/.venvs/yard-rl/lib/python3.12/site-packages/torch/_subclasses/functional_tensor.py:368: UserWarning: Failed to initialize NumPy: No module named 'numpy' (Triggered internally at /__w/pytorch/pytorch/torch/csrc/utils/tensor_numpy.cpp:84.)
  cpu = _conversion_method_template(device=torch.device("cpu"))
[BUDGET20 s88000 ep25] wait=32.80 berth=162.9 healthy=0.25 compl=1.000
[BUDGET20 s88000 ep50] wait=43.23 berth=203.3 healthy=0.12 compl=0.917
[BUDGET20 s88000 ep75] wait=37.58 berth=203.4 healthy=0.06 compl=0.924
[BUDGET20 s88000 ep100] wait=49.51 berth=210.6 healthy=0.00 compl=0.783
[BUDGET20 s88000 ep125] wait=50.01 berth=211.1 healthy=0.00 compl=0.803
[BUDGET20 s88000 ep150] wait=54.40 berth=212.2 healthy=0.00 compl=0.786
[BUDGET20 s88000 ep175] wait=48.29 berth=210.8 healthy=0.00 compl=0.847
[BUDGET20 s88000 ep200] wait=44.86 berth=215.6 healthy=0.00 compl=0.745
[BUDGET20 s88000 ep225] wait=39.24 berth=215.6 healthy=0.00 compl=0.843
[BUDGET20 s88000 ep250] wait=42.36 berth=215.6 healthy=0.00 compl=0.766
[BUDGET20 s88000 ep275] wait=37.04 berth=213.5 healthy=0.00 compl=0.829
[BUDGET20 s88000 ep300] wait=30.27 berth=204.6 healthy=0.00 compl=0.902
[BUDGET20 s88000 ep325] wait=24.54 berth=187.3 healthy=0.31 compl=0.935
[BUDGET20 s88000 ep350] wait=26.90 berth=184.6 healthy=0.19 compl=0.986
[BUDGET20 s88000 ep375] wait=26.83 berth=207.3 healthy=0.19 compl=0.873
[BUDGET20 s88000 ep400] wait=25.11 berth=188.5 healthy=0.19 compl=0.994
[BUDGET20 s88000 ep425] wait=25.97 berth=188.2 healthy=0.25 compl=0.989
[BUDGET20 s88000 ep450] wait=24.03 berth=178.2 healthy=0.50 compl=0.987
[BUDGET20 s88000 ep475] wait=21.49 berth=167.1 healthy=0.69 compl=0.997
[BUDGET20 s88000 ep500] wait=20.45 berth=147.9 healthy=0.69 compl=1.000
[train BUDGET20 s88000] {'updates_performed': 22200, 'update_mult': 20, 'episodes': 500, 'wall_s': 2696.3}
DONE
