/home/geonu/.venvs/yard-rl/lib/python3.12/site-packages/torch/_subclasses/functional_tensor.py:368: UserWarning: Failed to initialize NumPy: No module named 'numpy' (Triggered internally at /__w/pytorch/pytorch/torch/csrc/utils/tensor_numpy.cpp:84.)
  cpu = _conversion_method_template(device=torch.device("cpu"))
[label train s88000 mid-loose:830000] 1925 누적 1925
[label train s88000 mid-loose:830001] 1807 누적 3732
[label train s88000 high-loose:830100] 2446 누적 6178
[label train s88000 high-loose:830101] 1732 누적 7910
[label train s88000 mid-tight:830200] 2881 누적 10791
[label train s88000 mid-tight:830201] 5284 누적 16075
[label train s88000 high-tight:830300] 5914 누적 21989
[label train s88000 high-tight:830301] 1823 누적 23812
[label train s99000 mid-loose:830000] 1609 누적 1609
[label train s99000 mid-loose:830001] 2876 누적 4485
[label train s99000 high-loose:830100] 2094 누적 6579
[label train s99000 high-loose:830101] 1668 누적 8247
[label train s99000 mid-tight:830200] 1944 누적 10191
[label train s99000 mid-tight:830201] 4858 누적 15049
[label train s99000 high-tight:830300] 2092 누적 17141
[label train s99000 high-tight:830301] 1683 누적 18824
[label train s123000 mid-loose:830000] 1220 누적 1220
[label train s123000 mid-loose:830001] 926 누적 2146
[label train s123000 high-loose:830100] 1490 누적 3636
[label train s123000 high-loose:830101] 1012 누적 4648
[label train s123000 mid-tight:830200] 1248 누적 5896
[label train s123000 mid-tight:830201] 1157 누적 7053
[label train s123000 high-tight:830300] 1484 누적 8537
[label train s123000 high-tight:830301] 1627 누적 10164
[label select s88000 mid-loose:830700] 1370 누적 1370
[label select s88000 mid-loose:830701] 2575 누적 3945
[label select s88000 high-loose:830800] 3164 누적 7109
[label select s88000 high-loose:830801] 2000 누적 9109
[label select s88000 mid-tight:830900] 1917 누적 11026
[label select s88000 mid-tight:830901] 4964 누적 15990
[label select s88000 high-tight:831000] 2286 누적 18276
[label select s88000 high-tight:831001] 3365 누적 21641
[label select s99000 mid-loose:830700] 2311 누적 2311
[label select s99000 mid-loose:830701] 1914 누적 4225
[label select s99000 high-loose:830800] 1817 누적 6042
[label select s99000 high-loose:830801] 1815 누적 7857
[label select s99000 mid-tight:830900] 1976 누적 9833
[label select s99000 mid-tight:830901] 2515 누적 12348
[label select s99000 high-tight:831000] 1861 누적 14209
[label select s99000 high-tight:831001] 2352 누적 16561
[label select s123000 mid-loose:830700] 2913 누적 2913
[label select s123000 mid-loose:830701] 1459 누적 4372
[label select s123000 high-loose:830800] 2605 누적 6977
[label select s123000 high-loose:830801] 1190 누적 8167
[label select s123000 mid-tight:830900] 1446 누적 9613
[label select s123000 mid-tight:830901] 1316 누적 10929
[label select s123000 high-tight:831000] 1623 누적 12552
[label select s123000 high-tight:831001] 1225 누적 13777
[label judge s88000 mid-loose:831100] 2278 누적 2278
[label judge s88000 mid-loose:831101] 4893 누적 7171
[label judge s88000 high-loose:831200] 1687 누적 8858
[label judge s88000 high-loose:831201] 2276 누적 11134
[label judge s88000 mid-tight:831300] 2123 누적 13257
[label judge s88000 mid-tight:831301] 3449 누적 16706
[label judge s88000 high-tight:831400] 2685 누적 19391
[label judge s88000 high-tight:831401] 2611 누적 22002
[label judge s99000 mid-loose:831100] 1996 누적 1996
[label judge s99000 mid-loose:831101] 1989 누적 3985
[label judge s99000 high-loose:831200] 1786 누적 5771
[label judge s99000 high-loose:831201] 1557 누적 7328
[label judge s99000 mid-tight:831300] 2119 누적 9447
[label judge s99000 mid-tight:831301] 3076 누적 12523
[label judge s99000 high-tight:831400] 2792 누적 15315
[label judge s99000 high-tight:831401] 4149 누적 19464
[label judge s123000 mid-loose:831100] 1484 누적 1484
[label judge s123000 mid-loose:831101] 1678 누적 3162
[label judge s123000 high-loose:831200] 1459 누적 4621
[label judge s123000 high-loose:831201] 1612 누적 6233
[label judge s123000 mid-tight:831300] 1348 누적 7581
[label judge s123000 mid-tight:831301] 1359 누적 8940
[label judge s123000 high-tight:831400] 1714 누적 10654
[label judge s123000 high-tight:831401] 1692 누적 12346
[135 s88000] best_ep 138 select r 0.5568
[135 s99000] best_ep 38 select r 0.5821
[135 s123000] best_ep 24 select r 0.6103
[judge s88000] {"VAQ": {"r_abs": 0.6897, "top1": 0.2858, "rho": 0.2877, "regret_mean": 0.3072, "n_decisions": 2414}, "ref_131b": {"r_abs": -0.1509, "top1": 0.297, "rho": 0.3395, "regret_mean": 0.2296, "n_decisions": 2414}}
[judge s99000] {"VAQ": {"r_abs": 0.5131, "top1": 0.2212, "rho": 0.1364, "regret_mean": 0.369, "n_decisions": 1433}, "ref_131b": {"r_abs": 0.0895, "top1": 0.2889, "rho": 0.255, "regret_mean": 0.5956, "n_decisions": 1433}}
[judge s123000] {"VAQ": {"r_abs": 0.6114, "top1": 0.1578, "rho": -0.0368, "regret_mean": 1.0498, "n_decisions": 1185}, "ref_131b": {"r_abs": -0.2007, "top1": 0.3139, "rho": 0.2069, "regret_mean": 1.2279, "n_decisions": 1185}}
{"J1": false, "J2": true, "J3": false, "success": false}
DONE
