/home/geonu/.venvs/yard-rl/lib/python3.12/site-packages/torch/_subclasses/functional_tensor.py:368: UserWarning: Failed to initialize NumPy: No module named 'numpy' (Triggered internally at /__w/pytorch/pytorch/torch/csrc/utils/tensor_numpy.cpp:84.)
  cpu = _conversion_method_template(device=torch.device("cpu"))
[label3 train s88000 mid-loose:830000] 1368 누적 1368
[label3 train s88000 mid-loose:830001] 1566 누적 2934
[label3 train s88000 high-loose:830100] 2343 누적 5277
[label3 train s88000 high-loose:830101] 2713 누적 7990
[label3 train s88000 mid-tight:830200] 2420 누적 10410
[label3 train s88000 mid-tight:830201] 4406 누적 14816
[label3 train s88000 high-tight:830300] 4367 누적 19183
[label3 train s88000 high-tight:830301] 1486 누적 20669
[label3 train s99000 mid-loose:830000] 2153 누적 2153
[label3 train s99000 mid-loose:830001] 3054 누적 5207
[label3 train s99000 high-loose:830100] 1566 누적 6773
[label3 train s99000 high-loose:830101] 1594 누적 8367
[label3 train s99000 mid-tight:830200] 1689 누적 10056
[label3 train s99000 mid-tight:830201] 3621 누적 13677
[label3 train s99000 high-tight:830300] 2348 누적 16025
[label3 train s99000 high-tight:830301] 1992 누적 18017
[label3 train s123000 mid-loose:830000] 1155 누적 1155
[label3 train s123000 mid-loose:830001] 839 누적 1994
[label3 train s123000 high-loose:830100] 1741 누적 3735
[label3 train s123000 high-loose:830101] 1216 누적 4951
[label3 train s123000 mid-tight:830200] 1345 누적 6296
[label3 train s123000 mid-tight:830201] 1119 누적 7415
[label3 train s123000 high-tight:830300] 1788 누적 9203
[label3 train s123000 high-tight:830301] 1330 누적 10533
[label3 select s88000 mid-loose:830700] 1482 누적 1482
[label3 select s88000 mid-loose:830701] 2797 누적 4279
[label3 select s88000 high-loose:830800] 2283 누적 6562
[label3 select s88000 high-loose:830801] 2107 누적 8669
[label3 select s88000 mid-tight:830900] 3832 누적 12501
[label3 select s88000 mid-tight:830901] 3820 누적 16321
[label3 select s88000 high-tight:831000] 1952 누적 18273
[label3 select s88000 high-tight:831001] 2345 누적 20618
[label3 select s99000 mid-loose:830700] 5063 누적 5063
[label3 select s99000 mid-loose:830701] 1702 누적 6765
[label3 select s99000 high-loose:830800] 1688 누적 8453
[label3 select s99000 high-loose:830801] 1791 누적 10244
[label3 select s99000 mid-tight:830900] 2270 누적 12514
[label3 select s99000 mid-tight:830901] 2838 누적 15352
[label3 select s99000 high-tight:831000] 1742 누적 17094
[label3 select s99000 high-tight:831001] 1777 누적 18871
[label3 select s123000 mid-loose:830700] 1141 누적 1141
[label3 select s123000 mid-loose:830701] 3205 누적 4346
[label3 select s123000 high-loose:830800] 2224 누적 6570
[label3 select s123000 high-loose:830801] 1641 누적 8211
[label3 select s123000 mid-tight:830900] 1254 누적 9465
[label3 select s123000 mid-tight:830901] 1082 누적 10547
[label3 select s123000 high-tight:831000] 1684 누적 12231
[label3 select s123000 high-tight:831001] 1147 누적 13378
[label3 judge4 s88000 mid-loose:831700] 2302 누적 2302
[label3 judge4 s88000 mid-loose:831701] 3239 누적 5541
[label3 judge4 s88000 high-loose:831800] 2017 누적 7558
[label3 judge4 s88000 high-loose:831801] 2057 누적 9615
[label3 judge4 s88000 mid-tight:831900] 3436 누적 13051
[label3 judge4 s88000 mid-tight:831901] 2592 누적 15643
[label3 judge4 s88000 high-tight:832000] 2079 누적 17722
[label3 judge4 s88000 high-tight:832001] 2057 누적 19779
[label3 judge4 s99000 mid-loose:831700] 1849 누적 1849
[label3 judge4 s99000 mid-loose:831701] 1711 누적 3560
[label3 judge4 s99000 high-loose:831800] 2675 누적 6235
[label3 judge4 s99000 high-loose:831801] 1828 누적 8063
[label3 judge4 s99000 mid-tight:831900] 3873 누적 11936
[label3 judge4 s99000 mid-tight:831901] 2332 누적 14268
[label3 judge4 s99000 high-tight:832000] 2368 누적 16636
[label3 judge4 s99000 high-tight:832001] 1719 누적 18355
[label3 judge4 s123000 mid-loose:831700] 1370 누적 1370
[label3 judge4 s123000 mid-loose:831701] 1418 누적 2788
[label3 judge4 s123000 high-loose:831800] 1328 누적 4116
[label3 judge4 s123000 high-loose:831801] 1328 누적 5444
[label3 judge4 s123000 mid-tight:831900] 1616 누적 7060
[label3 judge4 s123000 mid-tight:831901] 897 누적 7957
[label3 judge4 s123000 high-tight:832000] 1561 누적 9518
[label3 judge4 s123000 high-tight:832001] 1761 누적 11279
[137-4 A s88000] best_ep 15 sel -0.1478
[137-4 B s88000] best_ep 46 sel -0.1210
[137-4 C s88000] best_ep 185 sel -0.1182
[137-4 D s88000] best_ep 64 sel -0.1242
[137-4 E_rankonly s88000] best_ep 45 sel -0.1195
[137-4 A s99000] best_ep 41 sel -0.1358
[137-4 B s99000] best_ep 7 sel -0.1048
[137-4 C s99000] best_ep 27 sel -0.1026
[137-4 D s99000] best_ep 160 sel -0.1021
[137-4 E_rankonly s99000] best_ep 113 sel -0.0976
[137-4 A s123000] best_ep 43 sel -0.1169
[137-4 B s123000] best_ep 19 sel -0.0941
[137-4 C s123000] best_ep 9 sel -0.0938
[137-4 D s123000] best_ep 20 sel -0.0945
[137-4 E_rankonly s123000] best_ep 27 sel -0.0934
[judge4 s88000] {"A": {"pearson_r": 0.5046, "mae": 0.9627, "calib_slope": 0.7505, "calib_intercept": 0.0129, "top1_eps": 0.4965, "rho": 0.3842, "ep_regret_mean": 0.1525, "ep_regret_ci_hw": 0.0337, "n_episodes": 8}, "B": {"pearson_r": 0.483, "mae": 0.9111, "calib_slope": 0.5603, "calib_intercept": 0.5151, "top1_eps": 0.5317, "rho": 0.4424, "ep_regret_mean": 0.1358, "ep_regret_ci_hw": 0.0436, "n_episodes": 8}, "C": {"pearson_r": 0.3132, "mae": 1.0117, "calib_slope": 0.4332, "calib_intercept": 0.84, "top1_eps": 0.4859, "rho": 0.3608, "ep_regret_mean": 0.1569, "ep_regret_ci_hw": 0.028, "n_episodes": 8}, "D": {"pearson_r": 0.3676, "mae": 0.9182, "calib_slope": 0.5384, "calib_intercept": 0.6528, "top1_eps": 0.5554, "rho": 0.474, "ep_regret_mean": 0.1271, "ep_regret_ci_hw": 0.0431, "n_episodes": 8}, "E_rankonly": {"pearson_r": 0.0652, "mae": 1.0324, "calib_slope": 0.1998, "calib_intercept": 1.219, "top1_eps": 0.5287, "rho": 0.4796, "ep_regret_mean": 0.1311, "ep_regret_ci_hw": 0.0443, "n_episodes": 8}}
[judge4 s99000] {"A": {"pearson_r": 0.7016, "mae": 0.7744, "calib_slope": 0.9343, "calib_intercept": 0.1387, "top1_eps": 0.5347, "rho": 0.3395, "ep_regret_mean": 0.1373, "ep_regret_ci_hw": 0.0397, "n_episodes": 8}, "B": {"pearson_r": 0.6905, "mae": 0.7885, "calib_slope": 1.0837, "calib_intercept": 0.1479, "top1_eps": 0.5738, "rho": 0.4397, "ep_regret_mean": 0.1232, "ep_regret_ci_hw": 0.0453, "n_episodes": 8}, "C": {"pearson_r": 0.667, "mae": 0.9156, "calib_slope": 0.8494, "calib_intercept": 0.5866, "top1_eps": 0.5455, "rho": 0.4221, "ep_regret_mean": 0.1097, "ep_regret_ci_hw": 0.0374, "n_episodes": 8}, "D": {"pearson_r": 0.5866, "mae": 1.0007, "calib_slope": 0.6068, "calib_intercept": 0.3626, "top1_eps": 0.5772, "rho": 0.452, "ep_regret_mean": 0.1113, "ep_regret_ci_hw": 0.0347, "n_episodes": 8}, "E_rankonly": {"pearson_r": -0.2795, "mae": 2.5122, "calib_slope": -0.4303, "calib_intercept": 2.7398, "top1_eps": 0.5152, "rho": 0.4011, "ep_regret_mean": 0.1329, "ep_regret_ci_hw": 0.0346, "n_episodes": 8}}
[judge4 s123000] {"A": {"pearson_r": 0.5424, "mae": 0.9148, "calib_slope": 0.8575, "calib_intercept": 0.1274, "top1_eps": 0.5318, "rho": 0.3604, "ep_regret_mean": 0.1513, "ep_regret_ci_hw": 0.0539, "n_episodes": 8}, "B": {"pearson_r": 0.5707, "mae": 0.8916, "calib_slope": 1.105, "calib_intercept": -0.254, "top1_eps": 0.6132, "rho": 0.4692, "ep_regret_mean": 0.1216, "ep_regret_ci_hw": 0.0552, "n_episodes": 8}, "C": {"pearson_r": 0.5133, "mae": 0.9372, "calib_slope": 0.9645, "calib_intercept": 0.4469, "top1_eps": 0.5931, "rho": 0.4022, "ep_regret_mean": 0.1232, "ep_regret_ci_hw": 0.0617, "n_episodes": 8}, "D": {"pearson_r": 0.5013, "mae": 1.0312, "calib_slope": 0.8824, "calib_intercept": -0.1384, "top1_eps": 0.6108, "rho": 0.4866, "ep_regret_mean": 0.1217, "ep_regret_ci_hw": 0.0603, "n_episodes": 8}, "E_rankonly": {"pearson_r": 0.09, "mae": 2.1966, "calib_slope": 0.3094, "calib_intercept": 1.7129, "top1_eps": 0.6035, "rho": 0.466, "ep_regret_mean": 0.1283, "ep_regret_ci_hw": 0.0548, "n_episodes": 8}}
{"J1": true, "J2": false, "J3": true, "success": false}
DONE
