/home/geonu/.venvs/yard-rl/lib/python3.12/site-packages/torch/_subclasses/functional_tensor.py:368: UserWarning: Failed to initialize NumPy: No module named 'numpy' (Triggered internally at /__w/pytorch/pytorch/torch/csrc/utils/tensor_numpy.cpp:84.)
  cpu = _conversion_method_template(device=torch.device("cpu"))
[label judge2 s88000 mid-loose:831300] 2296 누적 2296
[label judge2 s88000 mid-loose:831301] 2299 누적 4595
[label judge2 s88000 high-loose:831400] 2294 누적 6889
[label judge2 s88000 high-loose:831401] 2298 누적 9187
[label judge2 s88000 mid-tight:831500] 3102 누적 12289
[label judge2 s88000 mid-tight:831501] 2988 누적 15277
[label judge2 s88000 high-tight:831600] 2988 누적 18265
[label judge2 s88000 high-tight:831601] 3694 누적 21959
[label judge2 s99000 mid-loose:831300] 1901 누적 1901
[label judge2 s99000 mid-loose:831301] 2095 누적 3996
[label judge2 s99000 high-loose:831400] 1787 누적 5783
[label judge2 s99000 high-loose:831401] 1715 누적 7498
[label judge2 s99000 mid-tight:831500] 1559 누적 9057
[label judge2 s99000 mid-tight:831501] 1974 누적 11031
[label judge2 s99000 high-tight:831600] 1877 누적 12908
[label judge2 s99000 high-tight:831601] 3421 누적 16329
[label judge2 s123000 mid-loose:831300] 1920 누적 1920
[label judge2 s123000 mid-loose:831301] 1932 누적 3852
[label judge2 s123000 high-loose:831400] 2365 누적 6217
[label judge2 s123000 high-loose:831401] 1854 누적 8071
[label judge2 s123000 mid-tight:831500] 988 누적 9059
[label judge2 s123000 mid-tight:831501] 1471 누적 10530
[label judge2 s123000 high-tight:831600] 1410 누적 11940
[label judge2 s123000 high-tight:831601] 1842 누적 13782
[135-2 s88000] best_ep 70 select ρ 0.3914 (r 0.5185)
[135-2 s99000] best_ep 53 select ρ 0.3911 (r 0.5416)
[135-2 s123000] best_ep 7 select ρ 0.3247 (r 0.5298)
[judge2 s88000] {"VAQ2": {"r_abs": 0.6231, "top1": 0.3214, "rho": 0.402, "regret_mean": 0.9972, "n_decisions": 2355}, "VAQ1": {"r_abs": 0.5807, "top1": 0.2365, "rho": 0.2518, "regret_mean": 0.9686, "n_decisions": 2355}, "ref_131b": {"r_abs": -0.1604, "top1": 0.2747, "rho": 0.3471, "regret_mean": 0.782, "n_decisions": 2355}}
[judge2 s99000] {"VAQ2": {"r_abs": 0.5367, "top1": 0.2968, "rho": 0.3777, "regret_mean": 0.3952, "n_decisions": 1452}, "VAQ1": {"r_abs": 0.5781, "top1": 0.2404, "rho": 0.1883, "regret_mean": 0.2917, "n_decisions": 1452}, "ref_131b": {"r_abs": 0.0345, "top1": 0.3168, "rho": 0.362, "regret_mean": 0.4484, "n_decisions": 1452}}
[judge2 s123000] {"VAQ2": {"r_abs": 0.5256, "top1": 0.3889, "rho": 0.2916, "regret_mean": 1.3402, "n_decisions": 1206}, "VAQ1": {"r_abs": 0.5775, "top1": 0.1683, "rho": -0.085, "regret_mean": 0.9306, "n_decisions": 1206}, "ref_131b": {"r_abs": -0.2205, "top1": 0.3275, "rho": 0.2092, "regret_mean": 1.24, "n_decisions": 1206}}
{"J1": false, "J2": true, "J3": false, "success": false}
DONE
