/home/geonu/.venvs/yard-rl/lib/python3.12/site-packages/torch/_subclasses/functional_tensor.py:368: UserWarning: Failed to initialize NumPy: No module named 'numpy' (Triggered internally at /__w/pytorch/pytorch/torch/csrc/utils/tensor_numpy.cpp:84.)
  cpu = _conversion_method_template(device=torch.device("cpu"))
[label2 train s88000 mid-loose:830000] 1925 누적 1925
[label2 train s88000 mid-loose:830001] 1807 누적 3732
[label2 train s88000 high-loose:830100] 2446 누적 6178
[label2 train s88000 high-loose:830101] 1732 누적 7910
[label2 train s88000 mid-tight:830200] 2881 누적 10791
[label2 train s88000 mid-tight:830201] 5284 누적 16075
[label2 train s88000 high-tight:830300] 5914 누적 21989
[label2 train s88000 high-tight:830301] 1823 누적 23812
[label2 train s99000 mid-loose:830000] 1609 누적 1609
[label2 train s99000 mid-loose:830001] 2876 누적 4485
[label2 train s99000 high-loose:830100] 2094 누적 6579
[label2 train s99000 high-loose:830101] 1668 누적 8247
[label2 train s99000 mid-tight:830200] 1944 누적 10191
[label2 train s99000 mid-tight:830201] 4858 누적 15049
[label2 train s99000 high-tight:830300] 2092 누적 17141
[label2 train s99000 high-tight:830301] 1683 누적 18824
[label2 train s123000 mid-loose:830000] 1220 누적 1220
[label2 train s123000 mid-loose:830001] 926 누적 2146
[label2 train s123000 high-loose:830100] 1490 누적 3636
[label2 train s123000 high-loose:830101] 1012 누적 4648
[label2 train s123000 mid-tight:830200] 1248 누적 5896
[label2 train s123000 mid-tight:830201] 1157 누적 7053
[label2 train s123000 high-tight:830300] 1484 누적 8537
[label2 train s123000 high-tight:830301] 1627 누적 10164
[label2 select s88000 mid-loose:830700] 1370 누적 1370
[label2 select s88000 mid-loose:830701] 2575 누적 3945
[label2 select s88000 high-loose:830800] 3164 누적 7109
[label2 select s88000 high-loose:830801] 2000 누적 9109
[label2 select s88000 mid-tight:830900] 1917 누적 11026
[label2 select s88000 mid-tight:830901] 4964 누적 15990
[label2 select s88000 high-tight:831000] 2286 누적 18276
[label2 select s88000 high-tight:831001] 3365 누적 21641
[label2 select s99000 mid-loose:830700] 2311 누적 2311
[label2 select s99000 mid-loose:830701] 1914 누적 4225
[label2 select s99000 high-loose:830800] 1817 누적 6042
[label2 select s99000 high-loose:830801] 1815 누적 7857
[label2 select s99000 mid-tight:830900] 1976 누적 9833
[label2 select s99000 mid-tight:830901] 2515 누적 12348
[label2 select s99000 high-tight:831000] 1861 누적 14209
[label2 select s99000 high-tight:831001] 2352 누적 16561
[label2 select s123000 mid-loose:830700] 2913 누적 2913
[label2 select s123000 mid-loose:830701] 1459 누적 4372
[label2 select s123000 high-loose:830800] 2605 누적 6977
[label2 select s123000 high-loose:830801] 1190 누적 8167
[label2 select s123000 mid-tight:830900] 1446 누적 9613
[label2 select s123000 mid-tight:830901] 1316 누적 10929
[label2 select s123000 high-tight:831000] 1623 누적 12552
[label2 select s123000 high-tight:831001] 1225 누적 13777
[label2 judge3 s88000 mid-loose:831500] 1708 누적 1708
[label2 judge3 s88000 mid-loose:831501] 2850 누적 4558
[label2 judge3 s88000 high-loose:831600] 2345 누적 6903
[label2 judge3 s88000 high-loose:831601] 3428 누적 10331
[label2 judge3 s88000 mid-tight:831700] 4109 누적 14440
[label2 judge3 s88000 mid-tight:831701] 2768 누적 17208
[label2 judge3 s88000 high-tight:831800] 3881 누적 21089
[label2 judge3 s88000 high-tight:831801] 2072 누적 23161
[label2 judge3 s99000 mid-loose:831500] 6903 누적 6903
[label2 judge3 s99000 mid-loose:831501] 1940 누적 8843
[label2 judge3 s99000 high-loose:831600] 1640 누적 10483
[label2 judge3 s99000 high-loose:831601] 2026 누적 12509
[label2 judge3 s99000 mid-tight:831700] 2009 누적 14518
[label2 judge3 s99000 mid-tight:831701] 2680 누적 17198
[label2 judge3 s99000 high-tight:831800] 4022 누적 21220
[label2 judge3 s99000 high-tight:831801] 2004 누적 23224
[label2 judge3 s123000 mid-loose:831500] 1466 누적 1466
[label2 judge3 s123000 mid-loose:831501] 2311 누적 3777
[label2 judge3 s123000 high-loose:831600] 1624 누적 5401
[label2 judge3 s123000 high-loose:831601] 1461 누적 6862
[label2 judge3 s123000 mid-tight:831700] 1399 누적 8261
[label2 judge3 s123000 mid-tight:831701] 1565 누적 9826
[label2 judge3 s123000 high-tight:831800] 1622 누적 11448
[label2 judge3 s123000 high-tight:831801] 1956 누적 13404
[135-3 s88000] best_ep 46 select ρ 0.2983 (r 0.6526)
[135-3 s99000] best_ep 3 select ρ 0.3200 (r 0.5284)
[135-3 s123000] best_ep 84 select ρ 0.3443 (r 0.5266)
[judge3 s88000] {"VAQ3": {"r_abs": 0.6809, "top1": 0.3746, "rho": 0.3397, "regret_mean": 0.2292, "n_decisions": 2416}, "VAQ2_v1labels": {"r_abs": -0.3926, "top1": 0.4172, "rho": 0.3545, "regret_mean": 0.2389, "n_decisions": 2416}, "ref_131b": {"r_abs": -0.114, "top1": 0.3551, "rho": 0.3225, "regret_mean": 0.2614, "n_decisions": 2416}}
[judge3 s99000] {"VAQ3": {"r_abs": 0.6, "top1": 0.3125, "rho": 0.3233, "regret_mean": 0.2236, "n_decisions": 1600}, "VAQ2_v1labels": {"r_abs": -0.353, "top1": 0.2313, "rho": 0.2114, "regret_mean": 0.3089, "n_decisions": 1600}, "ref_131b": {"r_abs": -0.1834, "top1": 0.2231, "rho": 0.201, "regret_mean": 0.3017, "n_decisions": 1600}}
[judge3 s123000] {"VAQ3": {"r_abs": 0.5845, "top1": 0.4081, "rho": 0.3701, "regret_mean": 0.3368, "n_decisions": 1213}, "VAQ2_v1labels": {"r_abs": -0.3009, "top1": 0.3693, "rho": 0.3146, "regret_mean": 0.3589, "n_decisions": 1213}, "ref_131b": {"r_abs": 0.0511, "top1": 0.31, "rho": 0.2521, "regret_mean": 0.4346, "n_decisions": 1213}}
{"J1": false, "J2": true, "J3": true, "success": false}
DONE
