PILOT_START 2026-08-11 05:39:50
/mnt/c/Users/geonu/Desktop/port_reinforcement/.venv/lib/python3.12/site-packages/torch/_subclasses/functional_tensor.py:368: UserWarning: Failed to initialize NumPy: No module named 'numpy' (Triggered internally at /__w/pytorch/pytorch/torch/csrc/utils/tensor_numpy.cpp:84.)
  cpu = _conversion_method_template(device=torch.device("cpu"))
/mnt/c/Users/geonu/Desktop/port_reinforcement/.venv/lib/python3.12/site-packages/torch/_subclasses/functional_tensor.py:368: UserWarning: Failed to initialize NumPy: No module named 'numpy' (Triggered internally at /__w/pytorch/pytorch/torch/csrc/utils/tensor_numpy.cpp:84.)
  cpu = _conversion_method_template(device=torch.device("cpu"))
/mnt/c/Users/geonu/Desktop/port_reinforcement/.venv/lib/python3.12/site-packages/torch/_subclasses/functional_tensor.py:368: UserWarning: Failed to initialize NumPy: No module named 'numpy' (Triggered internally at /__w/pytorch/pytorch/torch/csrc/utils/tensor_numpy.cpp:84.)
  cpu = _conversion_method_template(device=torch.device("cpu"))
/mnt/c/Users/geonu/Desktop/port_reinforcement/.venv/lib/python3.12/site-packages/torch/_subclasses/functional_tensor.py:368: UserWarning: Failed to initialize NumPy: No module named 'numpy' (Triggered internally at /__w/pytorch/pytorch/torch/csrc/utils/tensor_numpy.cpp:84.)
  cpu = _conversion_method_template(device=torch.device("cpu"))
/mnt/c/Users/geonu/Desktop/port_reinforcement/.venv/lib/python3.12/site-packages/torch/_subclasses/functional_tensor.py:368: UserWarning: Failed to initialize NumPy: No module named 'numpy' (Triggered internally at /__w/pytorch/pytorch/torch/csrc/utils/tensor_numpy.cpp:84.)
  cpu = _conversion_method_template(device=torch.device("cpu"))
/mnt/c/Users/geonu/Desktop/port_reinforcement/.venv/lib/python3.12/site-packages/torch/_subclasses/functional_tensor.py:368: UserWarning: Failed to initialize NumPy: No module named 'numpy' (Triggered internally at /__w/pytorch/pytorch/torch/csrc/utils/tensor_numpy.cpp:84.)
  cpu = _conversion_method_template(device=torch.device("cpu"))
{"idx": 0, "valid": true, "guards": {"base_complete": true, "treat_complete": true, "no_skip": true, "no_cancel": true, "digest_equal": true, "transfer_executed": true}, "reason": null}
DONE
/mnt/c/Users/geonu/Desktop/port_reinforcement/.venv/lib/python3.12/site-packages/torch/_subclasses/functional_tensor.py:368: UserWarning: Failed to initialize NumPy: No module named 'numpy' (Triggered internally at /__w/pytorch/pytorch/torch/csrc/utils/tensor_numpy.cpp:84.)
  cpu = _conversion_method_template(device=torch.device("cpu"))
{"idx": 4, "valid": true, "guards": {"base_complete": true, "treat_complete": true, "no_skip": true, "no_cancel": true, "digest_equal": true, "transfer_executed": true}, "reason": null}
DONE
{"idx": 3, "valid": true, "guards": {"base_complete": true, "treat_complete": true, "no_skip": true, "no_cancel": true, "digest_equal": true, "transfer_executed": true}, "reason": null}
DONE
{"idx": 5, "valid": true, "guards": {"base_complete": true, "treat_complete": true, "no_skip": true, "no_cancel": true, "digest_equal": true, "transfer_executed": true}, "reason": null}
DONE
{"idx": 2, "valid": true, "guards": {"base_complete": true, "treat_complete": true, "no_skip": true, "no_cancel": true, "digest_equal": true, "transfer_executed": true}, "reason": null}
DONE
/mnt/c/Users/geonu/Desktop/port_reinforcement/.venv/lib/python3.12/site-packages/torch/_subclasses/functional_tensor.py:368: UserWarning: Failed to initialize NumPy: No module named 'numpy' (Triggered internally at /__w/pytorch/pytorch/torch/csrc/utils/tensor_numpy.cpp:84.)
  cpu = _conversion_method_template(device=torch.device("cpu"))
/mnt/c/Users/geonu/Desktop/port_reinforcement/.venv/lib/python3.12/site-packages/torch/_subclasses/functional_tensor.py:368: UserWarning: Failed to initialize NumPy: No module named 'numpy' (Triggered internally at /__w/pytorch/pytorch/torch/csrc/utils/tensor_numpy.cpp:84.)
  cpu = _conversion_method_template(device=torch.device("cpu"))
/mnt/c/Users/geonu/Desktop/port_reinforcement/.venv/lib/python3.12/site-packages/torch/_subclasses/functional_tensor.py:368: UserWarning: Failed to initialize NumPy: No module named 'numpy' (Triggered internally at /__w/pytorch/pytorch/torch/csrc/utils/tensor_numpy.cpp:84.)
  cpu = _conversion_method_template(device=torch.device("cpu"))
/mnt/c/Users/geonu/Desktop/port_reinforcement/.venv/lib/python3.12/site-packages/torch/_subclasses/functional_tensor.py:368: UserWarning: Failed to initialize NumPy: No module named 'numpy' (Triggered internally at /__w/pytorch/pytorch/torch/csrc/utils/tensor_numpy.cpp:84.)
  cpu = _conversion_method_template(device=torch.device("cpu"))
{"idx": 1, "valid": true, "guards": {"base_complete": true, "treat_complete": true, "no_skip": true, "no_cancel": true, "digest_equal": true, "transfer_executed": true}, "reason": null}
DONE
/mnt/c/Users/geonu/Desktop/port_reinforcement/.venv/lib/python3.12/site-packages/torch/_subclasses/functional_tensor.py:368: UserWarning: Failed to initialize NumPy: No module named 'numpy' (Triggered internally at /__w/pytorch/pytorch/torch/csrc/utils/tensor_numpy.cpp:84.)
  cpu = _conversion_method_template(device=torch.device("cpu"))
{"idx": 10, "valid": true, "guards": {"base_complete": true, "treat_complete": true, "no_skip": true, "no_cancel": true, "digest_equal": true, "transfer_executed": true}, "reason": null}
DONE
{"idx": 9, "valid": true, "guards": {"base_complete": true, "treat_complete": true, "no_skip": true, "no_cancel": true, "digest_equal": true, "transfer_executed": true}, "reason": null}
DONE
{"idx": 7, "valid": true, "guards": {"base_complete": true, "treat_complete": true, "no_skip": true, "no_cancel": true, "digest_equal": true, "transfer_executed": true}, "reason": null}
DONE
{"idx": 6, "valid": true, "guards": {"base_complete": true, "treat_complete": true, "no_skip": true, "no_cancel": true, "digest_equal": true, "transfer_executed": true}, "reason": null}
DONE
{"idx": 11, "valid": true, "guards": {"base_complete": true, "treat_complete": true, "no_skip": true, "no_cancel": true, "digest_equal": true, "transfer_executed": true}, "reason": null}
DONE
{"idx": 8, "valid": true, "guards": {"base_complete": true, "treat_complete": true, "no_skip": true, "no_cancel": true, "digest_equal": true, "transfer_executed": true}, "reason": null}
DONE
PAIRS_DONE 12/12
/mnt/c/Users/geonu/Desktop/port_reinforcement/.venv/lib/python3.12/site-packages/torch/_subclasses/functional_tensor.py:368: UserWarning: Failed to initialize NumPy: No module named 'numpy' (Triggered internally at /__w/pytorch/pytorch/torch/csrc/utils/tensor_numpy.cpp:84.)
  cpu = _conversion_method_template(device=torch.device("cpu"))
{"task": "YR-168-pilot", "blinded": true, "n_pairs_run": 12, "n_pairs_valid": 12, "sigma_paired_difference": 11.152, "sigma_population": 10.6772, "delta_design": 0.5, "n_required_raw": 3077, "n_final": 3077, "budget_cap": 300, "verdict": "POWER_FAIL — 산출 표본이 예산 상한 초과", "sealed_raw_sha256": "4eb13a1eec6db929f3a52dfcb6935d3924e0c390f3992b95f8bb7d3b7167fa78", "disclosure_note": "평균·부호·중앙값·개별 G·순위상관은 개봉하지 않았다 (사전등록 §E). 이 파일에는 잡음 크기만 있다.", "peak_proposals_per_seed": [2097, 1838, 1951, 1956, 2121, 2099, 1886, 2011, 2140, 1920, 1902, 1938], "night_proposals_per_seed": [1280, 1060, 1138, 965, 1351, 1251, 1162, 1144, 1088, 938, 1414, 1153]}
DONE
PILOT_END 2026-08-11 05:50:46
