/home/geonu/.venvs/yard-rl/lib/python3.12/site-packages/torch/_subclasses/functional_tensor.py:368: UserWarning: Failed to initialize NumPy: No module named 'numpy' (Triggered internally at /__w/pytorch/pytorch/torch/csrc/utils/tensor_numpy.cpp:84.)
  cpu = _conversion_method_template(device=torch.device("cpu"))
[WAITOFF s88000 ep25] wait=23.33 berth=77.9 healthy=0.06 compl=0.988
[WAITOFF s88000 ep50] wait=21.10 berth=57.8 healthy=0.25 compl=0.991
[WAITOFF s88000 ep75] wait=19.68 berth=63.9 healthy=0.06 compl=1.000
[WAITOFF s88000 ep100] wait=19.41 berth=66.6 healthy=0.12 compl=1.000
[WAITOFF s88000 ep125] wait=17.93 berth=69.6 healthy=0.12 compl=1.000
[WAITOFF s88000 ep150] wait=16.52 berth=78.1 healthy=0.19 compl=1.000
[WAITOFF s88000 ep175] wait=13.30 berth=87.0 healthy=0.44 compl=1.000
[WAITOFF s88000 ep200] wait=11.64 berth=90.6 healthy=0.50 compl=1.000
[WAITOFF s88000 ep225] wait=11.69 berth=80.5 healthy=0.62 compl=1.000
[WAITOFF s88000 ep250] wait=11.27 berth=83.4 healthy=0.69 compl=1.000
[WAITOFF s88000 ep275] wait=11.16 berth=93.6 healthy=0.50 compl=1.000
[WAITOFF s88000 ep300] wait=10.18 berth=99.0 healthy=0.56 compl=1.000
[WAITOFF s88000 ep325] wait=9.75 berth=96.8 healthy=0.56 compl=1.000
[WAITOFF s88000 ep350] wait=10.10 berth=106.2 healthy=0.50 compl=0.997
[WAITOFF s88000 ep375] wait=9.64 berth=95.2 healthy=0.62 compl=1.000
[WAITOFF s88000 ep400] wait=9.77 berth=106.3 healthy=0.62 compl=0.998
[WAITOFF s88000 ep425] wait=8.28 berth=128.0 healthy=0.56 compl=0.997
[WAITOFF s88000 ep450] wait=8.25 berth=130.3 healthy=0.62 compl=0.996
[WAITOFF s88000 ep475] wait=8.66 berth=105.2 healthy=0.69 compl=1.000
[WAITOFF s88000 ep500] wait=9.58 berth=118.5 healthy=0.69 compl=0.998
[train WAITOFF s88000] 1002s → outputs/reports/yr119_wait_retrain/waitoff_s88000/rl_net.pt
DONE
