/home/geonu/.venvs/yard-rl/lib/python3.12/site-packages/torch/_subclasses/functional_tensor.py:368: UserWarning: Failed to initialize NumPy: No module named 'numpy' (Triggered internally at /__w/pytorch/pytorch/torch/csrc/utils/tensor_numpy.cpp:84.)
  cpu = _conversion_method_template(device=torch.device("cpu"))
[WAITOFF s123000 ep25] wait=12.88 berth=67.2 healthy=1.00 compl=1.000
[WAITOFF s123000 ep50] wait=12.64 berth=73.7 healthy=1.00 compl=0.999
[WAITOFF s123000 ep75] wait=11.54 berth=95.4 healthy=1.00 compl=0.997
[WAITOFF s123000 ep100] wait=11.50 berth=81.9 healthy=1.00 compl=1.000
[WAITOFF s123000 ep125] wait=11.47 berth=81.5 healthy=0.94 compl=1.000
[WAITOFF s123000 ep150] wait=9.72 berth=90.1 healthy=0.88 compl=0.999
[WAITOFF s123000 ep175] wait=8.57 berth=94.1 healthy=1.00 compl=0.999
[WAITOFF s123000 ep200] wait=8.10 berth=90.3 healthy=0.88 compl=1.000
[WAITOFF s123000 ep225] wait=9.02 berth=92.6 healthy=1.00 compl=0.999
[WAITOFF s123000 ep250] wait=8.79 berth=97.5 healthy=1.00 compl=0.998
[WAITOFF s123000 ep275] wait=8.32 berth=85.2 healthy=1.00 compl=1.000
[WAITOFF s123000 ep300] wait=8.29 berth=92.4 healthy=0.94 compl=1.000
[WAITOFF s123000 ep325] wait=8.58 berth=85.9 healthy=1.00 compl=1.000
[WAITOFF s123000 ep350] wait=7.62 berth=89.7 healthy=1.00 compl=1.000
[WAITOFF s123000 ep375] wait=8.22 berth=95.5 healthy=0.88 compl=1.000
[WAITOFF s123000 ep400] wait=8.38 berth=88.2 healthy=1.00 compl=1.000
[WAITOFF s123000 ep425] wait=8.17 berth=92.4 healthy=0.88 compl=1.000
[WAITOFF s123000 ep450] wait=8.91 berth=94.2 healthy=0.81 compl=1.000
[WAITOFF s123000 ep475] wait=8.08 berth=96.9 healthy=0.94 compl=1.000
[WAITOFF s123000 ep500] wait=8.87 berth=99.0 healthy=0.75 compl=1.000
[train WAITOFF s123000] 763s → outputs/reports/yr119_wait_retrain/waitoff_s123000/rl_net.pt
DONE
