/home/geonu/.venvs/yard-rl/lib/python3.12/site-packages/torch/_subclasses/functional_tensor.py:368: UserWarning: Failed to initialize NumPy: No module named 'numpy' (Triggered internally at /__w/pytorch/pytorch/torch/csrc/utils/tensor_numpy.cpp:84.)
  cpu = _conversion_method_template(device=torch.device("cpu"))
[WAITON s123000 ep25] wait=70.11 berth=178.5 healthy=0.38 compl=0.728
[WAITON s123000 ep50] wait=30.61 berth=178.4 healthy=0.81 compl=0.924
[WAITON s123000 ep75] wait=15.20 berth=153.9 healthy=0.88 compl=0.982
[WAITON s123000 ep100] wait=16.74 berth=166.8 healthy=0.94 compl=0.987
[WAITON s123000 ep125] wait=21.29 berth=179.6 healthy=0.56 compl=0.989
[WAITON s123000 ep150] wait=25.24 berth=163.1 healthy=0.56 compl=0.990
[WAITON s123000 ep175] wait=29.15 berth=159.0 healthy=0.62 compl=0.995
[WAITON s123000 ep200] wait=34.59 berth=175.1 healthy=0.19 compl=0.993
[WAITON s123000 ep225] wait=40.68 berth=193.0 healthy=0.06 compl=0.973
[WAITON s123000 ep250] wait=42.69 berth=195.6 healthy=0.00 compl=0.972
[WAITON s123000 ep275] wait=45.24 berth=198.4 healthy=0.00 compl=0.965
[WAITON s123000 ep300] wait=52.93 berth=197.8 healthy=0.00 compl=0.937
[WAITON s123000 ep325] wait=52.33 berth=197.5 healthy=0.00 compl=0.964
[WAITON s123000 ep350] wait=54.29 berth=201.2 healthy=0.00 compl=0.898
[WAITON s123000 ep375] wait=43.86 berth=188.3 healthy=0.00 compl=0.982
[WAITON s123000 ep400] wait=50.32 berth=200.2 healthy=0.00 compl=0.964
[WAITON s123000 ep425] wait=48.91 berth=196.5 healthy=0.00 compl=0.981
[WAITON s123000 ep450] wait=41.64 berth=201.9 healthy=0.00 compl=0.979
[WAITON s123000 ep475] wait=52.61 berth=205.3 healthy=0.00 compl=0.978
[WAITON s123000 ep500] wait=51.27 berth=207.3 healthy=0.00 compl=0.947
[train WAITON s123000] 2547s → outputs/reports/yr119_wait_retrain/waiton_s123000/rl_net.pt
DONE
