/home/geonu/.venvs/yard-rl/lib/python3.12/site-packages/torch/_subclasses/functional_tensor.py:368: UserWarning: Failed to initialize NumPy: No module named 'numpy' (Triggered internally at /__w/pytorch/pytorch/torch/csrc/utils/tensor_numpy.cpp:84.)
  cpu = _conversion_method_template(device=torch.device("cpu"))
[WAITON s99000 ep25] wait=72.79 berth=215.6 healthy=0.00 compl=0.692
[WAITON s99000 ep50] wait=47.69 berth=211.6 healthy=0.00 compl=0.803
[WAITON s99000 ep75] wait=25.68 berth=169.2 healthy=0.88 compl=0.985
[WAITON s99000 ep100] wait=20.08 berth=143.1 healthy=1.00 compl=0.998
[WAITON s99000 ep125] wait=18.42 berth=139.5 healthy=1.00 compl=1.000
[WAITON s99000 ep150] wait=17.61 berth=145.2 healthy=1.00 compl=0.999
[WAITON s99000 ep175] wait=22.14 berth=148.7 healthy=0.88 compl=1.000
[WAITON s99000 ep200] wait=24.85 berth=155.1 healthy=0.62 compl=1.000
[WAITON s99000 ep225] wait=23.90 berth=158.7 healthy=0.50 compl=1.000
[WAITON s99000 ep250] wait=23.27 berth=160.2 healthy=0.56 compl=0.999
[WAITON s99000 ep275] wait=24.74 berth=172.7 healthy=0.31 compl=0.999
[WAITON s99000 ep300] wait=21.98 berth=167.6 healthy=0.62 compl=0.999
[WAITON s99000 ep325] wait=21.45 berth=166.5 healthy=0.88 compl=0.999
[WAITON s99000 ep350] wait=19.97 berth=159.7 healthy=0.75 compl=0.999
[WAITON s99000 ep375] wait=27.27 berth=176.9 healthy=0.31 compl=0.984
[WAITON s99000 ep400] wait=29.55 berth=205.9 healthy=0.38 compl=0.955
[WAITON s99000 ep425] wait=25.63 berth=203.9 healthy=0.50 compl=0.966
[WAITON s99000 ep450] wait=28.45 berth=205.8 healthy=0.25 compl=0.966
[WAITON s99000 ep475] wait=25.01 berth=204.2 healthy=0.44 compl=0.968
[WAITON s99000 ep500] wait=27.83 berth=211.5 healthy=0.19 compl=0.959
[train WAITON s99000] 1690s → outputs/reports/yr119_wait_retrain/waiton_s99000/rl_net.pt
DONE
