/home/geonu/.venvs/yard-rl/lib/python3.12/site-packages/torch/_subclasses/functional_tensor.py:368: UserWarning: Failed to initialize NumPy: No module named 'numpy' (Triggered internally at /__w/pytorch/pytorch/torch/csrc/utils/tensor_numpy.cpp:84.)
  cpu = _conversion_method_template(device=torch.device("cpu"))
[WAITON s88000 ep25] wait=124.20 berth=215.6 healthy=0.00 compl=0.525
[WAITON s88000 ep50] wait=173.09 berth=215.6 healthy=0.00 compl=0.325
[WAITON s88000 ep75] wait=131.42 berth=215.6 healthy=0.00 compl=0.451
[WAITON s88000 ep100] wait=108.19 berth=215.6 healthy=0.00 compl=0.621
[WAITON s88000 ep125] wait=59.28 berth=210.7 healthy=0.12 compl=0.848
[WAITON s88000 ep150] wait=29.66 berth=176.9 healthy=0.44 compl=0.982
[WAITON s88000 ep175] wait=22.67 berth=140.8 healthy=0.94 compl=0.998
[WAITON s88000 ep200] wait=15.26 berth=120.1 healthy=0.94 compl=0.999
[WAITON s88000 ep225] wait=17.30 berth=124.7 healthy=0.94 compl=1.000
[WAITON s88000 ep250] wait=18.25 berth=132.8 healthy=0.94 compl=1.000
[WAITON s88000 ep275] wait=16.32 berth=155.7 healthy=1.00 compl=0.996
[WAITON s88000 ep300] wait=14.25 berth=155.4 healthy=1.00 compl=0.998
[WAITON s88000 ep325] wait=13.04 berth=133.9 healthy=1.00 compl=1.000
[WAITON s88000 ep350] wait=19.67 berth=142.3 healthy=1.00 compl=1.000
[WAITON s88000 ep375] wait=19.22 berth=143.0 healthy=1.00 compl=1.000
[WAITON s88000 ep400] wait=18.63 berth=142.8 healthy=0.94 compl=1.000
[WAITON s88000 ep425] wait=18.65 berth=154.8 healthy=0.81 compl=0.992
[WAITON s88000 ep450] wait=23.84 berth=173.4 healthy=0.50 compl=0.961
[WAITON s88000 ep475] wait=22.30 berth=178.8 healthy=0.50 compl=0.972
[WAITON s88000 ep500] wait=29.13 berth=191.8 healthy=0.31 compl=0.960
[train WAITON s88000] 1833s → outputs/reports/yr119_wait_retrain/waiton_s88000/rl_net.pt
DONE
