/home/geonu/.venvs/yard-rl/lib/python3.12/site-packages/torch/_subclasses/functional_tensor.py:368: UserWarning: Failed to initialize NumPy: No module named 'numpy' (Triggered internally at /__w/pytorch/pytorch/torch/csrc/utils/tensor_numpy.cpp:84.)
  cpu = _conversion_method_template(device=torch.device("cpu"))
[label s88000 mid-loose:830900] 라벨 1070 누적 1070
[label s88000 mid-loose:830901] 라벨 1660 누적 2730
[label s88000 high-loose:831000] 라벨 2140 누적 4870
[label s88000 high-loose:831001] 라벨 1886 누적 6756
[label s88000 mid-tight:831100] 라벨 1978 누적 8734
[label s88000 mid-tight:831101] 라벨 3002 누적 11736
[label s88000 high-tight:831200] 라벨 3608 누적 15344
[label s88000 high-tight:831201] 라벨 1670 누적 17014
[label s99000 mid-loose:830900] 라벨 1911 누적 1911
[label s99000 mid-loose:830901] 라벨 1501 누적 3412
[label s99000 high-loose:831000] 라벨 1774 누적 5186
[label s99000 high-loose:831001] 라벨 1499 누적 6685
[label s99000 mid-tight:831100] 라벨 2459 누적 9144
[label s99000 mid-tight:831101] 라벨 2257 누적 11401
[label s99000 high-tight:831200] 라벨 2535 누적 13936
[label s99000 high-tight:831201] 라벨 1778 누적 15714
[label s123000 mid-loose:830900] 라벨 1418 누적 1418
[label s123000 mid-loose:830901] 라벨 2022 누적 3440
[label s123000 high-loose:831000] 라벨 1180 누적 4620
[label s123000 high-loose:831001] 라벨 1576 누적 6196
[label s123000 mid-tight:831100] 라벨 1434 누적 7630
[label s123000 mid-tight:831101] 라벨 1564 누적 9194
[label s123000 high-tight:831200] 라벨 1536 누적 10730
[label s123000 high-tight:831201] 라벨 1370 누적 12100
[132 s88000] 학습 완료 best_ep 11 sel(novel ρ_H) 0.4128
[132 s99000] 학습 완료 best_ep 2 sel(novel ρ_H) 0.4509
[132 s123000] 학습 완료 best_ep 14 sel(novel ρ_H) 0.3138
[eval s88000] {"YR132_DH": {"vs_DH": {"top1": 0.3727, "rho": 0.4161, "regret_mean": 0.6705, "n_decisions": 1331}, "vs_DH_hi40": {"top1": 0.3814, "rho": 0.4473, "regret_mean": 0.2936, "n_decisions": 548}, "vs_D": {"top1": 0.3569, "rho": 0.3666, "regret_mean": 0.4648, "n_decisions": 1331}}, "YR131_b": {"vs_DH": {"top1": 0.3088, "rho": 0.3304, "regret_mean": 0.8896, "n_decisions": 1331}, "vs_DH_hi40": {"top1": 0.3285, "rho": 0.4176, "regret_mean": 0.3834, "n_decisions": 548}, "vs_D": {"top1": 0.3343, "rho": 0.3885, "regret_mean": 0.5953, "n_decisions": 1331}}}
[eval s99000] {"YR132_DH": {"vs_DH": {"top1": 0.3957, "rho": 0.3913, "regret_mean": 0.6653, "n_decisions": 1150}, "vs_DH_hi40": {"top1": 0.47, "rho": 0.3555, "regret_mean": 0.2875, "n_decisions": 483}, "vs_D": {"top1": 0.3687, "rho": 0.2757, "regret_mean": 0.4333, "n_decisions": 1150}}, "YR131_b": {"vs_DH": {"top1": 0.3817, "rho": 0.3337, "regret_mean": 0.8234, "n_decisions": 1150}, "vs_DH_hi40": {"top1": 0.4803, "rho": 0.3209, "regret_mean": 0.3242, "n_decisions": 483}, "vs_D": {"top1": 0.3817, "rho": 0.312, "regret_mean": 0.513, "n_decisions": 1150}}}
[eval s123000] {"YR132_DH": {"vs_DH": {"top1": 0.3847, "rho": 0.2976, "regret_mean": 0.8287, "n_decisions": 1110}, "vs_DH_hi40": {"top1": 0.3841, "rho": 0.2479, "regret_mean": 0.4087, "n_decisions": 453}, "vs_D": {"top1": 0.3658, "rho": 0.2229, "regret_mean": 0.5673, "n_decisions": 1110}}, "YR131_b": {"vs_DH": {"top1": 0.3946, "rho": 0.2988, "regret_mean": 0.6708, "n_decisions": 1110}, "vs_DH_hi40": {"top1": 0.4172, "rho": 0.2639, "regret_mean": 0.4252, "n_decisions": 453}, "vs_D": {"top1": 0.4009, "rho": 0.2699, "regret_mean": 0.3824, "n_decisions": 1110}}}
{"J1": false, "J2": false, "success": false}
DONE
