/home/geonu/.venvs/yard-rl/lib/python3.12/site-packages/torch/_subclasses/functional_tensor.py:368: UserWarning: Failed to initialize NumPy: No module named 'numpy' (Triggered internally at /__w/pytorch/pytorch/torch/csrc/utils/tensor_numpy.cpp:84.)
  cpu = _conversion_method_template(device=torch.device("cpu"))
[s88000 train mid-loose:830000] 라벨 1922 누적 1922
[s88000 train mid-loose:830001] 라벨 1804 누적 3726
[s88000 train high-loose:830100] 라벨 2446 누적 6172
[s88000 train high-loose:830101] 라벨 1732 누적 7904
[s88000 train mid-tight:830200] 라벨 2514 누적 10418
[s88000 train mid-tight:830201] 라벨 5276 누적 15694
[s88000 train high-tight:830300] 라벨 5860 누적 21554
[s88000 train high-tight:830301] 라벨 1799 누적 23353
[s88000 novel mid-loose:830700] 라벨 1348 누적 24701
[s88000 novel mid-loose:830701] 라벨 2565 누적 27266
[s88000 novel high-loose:830800] 라벨 3164 누적 30430
[s88000 novel high-loose:830801] 라벨 1821 누적 32251
[s88000 novel mid-tight:830900] 라벨 1841 누적 34092
[s88000 novel mid-tight:830901] 라벨 4913 누적 39005
[s88000 novel high-tight:831000] 라벨 2286 누적 41291
[s88000 novel high-tight:831001] 라벨 3365 누적 44656
[s88000] 완료
[s99000 train mid-loose:830000] 라벨 1599 누적 1599
[s99000 train mid-loose:830001] 라벨 2873 누적 4472
[s99000 train high-loose:830100] 라벨 2033 누적 6505
[s99000 train high-loose:830101] 라벨 1627 누적 8132
[s99000 train mid-tight:830200] 라벨 1935 누적 10067
[s99000 train mid-tight:830201] 라벨 4794 누적 14861
[s99000 train high-tight:830300] 라벨 2055 누적 16916
[s99000 train high-tight:830301] 라벨 1679 누적 18595
[s99000 novel mid-loose:830700] 라벨 2269 누적 20864
[s99000 novel mid-loose:830701] 라벨 1888 누적 22752
[s99000 novel high-loose:830800] 라벨 1746 누적 24498
[s99000 novel high-loose:830801] 라벨 1801 누적 26299
[s99000 novel mid-tight:830900] 라벨 1953 누적 28252
[s99000 novel mid-tight:830901] 라벨 2183 누적 30435
[s99000 novel high-tight:831000] 라벨 1823 누적 32258
[s99000 novel high-tight:831001] 라벨 2342 누적 34600
[s99000] 완료
[s123000 train mid-loose:830000] 라벨 1165 누적 1165
[s123000 train mid-loose:830001] 라벨 916 누적 2081
[s123000 train high-loose:830100] 라벨 1470 누적 3551
[s123000 train high-loose:830101] 라벨 995 누적 4546
[s123000 train mid-tight:830200] 라벨 974 누적 5520
[s123000 train mid-tight:830201] 라벨 1114 누적 6634
[s123000 train high-tight:830300] 라벨 1484 누적 8118
[s123000 train high-tight:830301] 라벨 1627 누적 9745
[s123000 novel mid-loose:830700] 라벨 2907 누적 12652
[s123000 novel mid-loose:830701] 라벨 1444 누적 14096
[s123000 novel high-loose:830800] 라벨 2483 누적 16579
[s123000 novel high-loose:830801] 라벨 1183 누적 17762
[s123000 novel mid-tight:830900] 라벨 1425 누적 19187
[s123000 novel mid-tight:830901] 라벨 1306 누적 20493
[s123000 novel high-tight:831000] 라벨 1616 누적 22109
[s123000 novel high-tight:831001] 라벨 1210 누적 23319
[s123000] 완료
DONE
