REPLAY_START 2026-08-10 10:52:50
/mnt/c/Users/geonu/Desktop/port_reinforcement/.venv/lib/python3.12/site-packages/torch/_subclasses/functional_tensor.py:368: UserWarning: Failed to initialize NumPy: No module named 'numpy' (Triggered internally at /__w/pytorch/pytorch/torch/csrc/utils/tensor_numpy.cpp:84.)
  cpu = _conversion_method_template(device=torch.device("cpu"))
/mnt/c/Users/geonu/Desktop/port_reinforcement/.venv/lib/python3.12/site-packages/torch/_subclasses/functional_tensor.py:368: UserWarning: Failed to initialize NumPy: No module named 'numpy' (Triggered internally at /__w/pytorch/pytorch/torch/csrc/utils/tensor_numpy.cpp:84.)
  cpu = _conversion_method_template(device=torch.device("cpu"))
/mnt/c/Users/geonu/Desktop/port_reinforcement/.venv/lib/python3.12/site-packages/torch/_subclasses/functional_tensor.py:368: UserWarning: Failed to initialize NumPy: No module named 'numpy' (Triggered internally at /__w/pytorch/pytorch/torch/csrc/utils/tensor_numpy.cpp:84.)
  cpu = _conversion_method_template(device=torch.device("cpu"))
{"idx": 1, "gain_realized": 4.662963, "parts": {"T_src": 0.084264, "T_dst": -0.181606, "T_other": 4.769472, "V_all": 0.0, "R_wait": -0.009167}, "identity_ok": true}
DONE
/mnt/c/Users/geonu/Desktop/port_reinforcement/.venv/lib/python3.12/site-packages/torch/_subclasses/functional_tensor.py:368: UserWarning: Failed to initialize NumPy: No module named 'numpy' (Triggered internally at /__w/pytorch/pytorch/torch/csrc/utils/tensor_numpy.cpp:84.)
  cpu = _conversion_method_template(device=torch.device("cpu"))
{"idx": 2, "gain_realized": 2.876081, "parts": {"T_src": 0.334808, "T_dst": -0.201104, "T_other": 2.757654, "V_all": 0.0, "R_wait": -0.015278}, "identity_ok": true}
DONE
{"idx": 0, "gain_realized": 0.057999, "parts": {"T_src": 0.261032, "T_dst": -0.198862, "T_other": 0.008051, "V_all": 0.0, "R_wait": -0.012222}, "identity_ok": true}
DONE
/mnt/c/Users/geonu/Desktop/port_reinforcement/.venv/lib/python3.12/site-packages/torch/_subclasses/functional_tensor.py:368: UserWarning: Failed to initialize NumPy: No module named 'numpy' (Triggered internally at /__w/pytorch/pytorch/torch/csrc/utils/tensor_numpy.cpp:84.)
  cpu = _conversion_method_template(device=torch.device("cpu"))
/mnt/c/Users/geonu/Desktop/port_reinforcement/.venv/lib/python3.12/site-packages/torch/_subclasses/functional_tensor.py:368: UserWarning: Failed to initialize NumPy: No module named 'numpy' (Triggered internally at /__w/pytorch/pytorch/torch/csrc/utils/tensor_numpy.cpp:84.)
  cpu = _conversion_method_template(device=torch.device("cpu"))
{"idx": 3, "gain_realized": 2.514423, "parts": {"T_src": 0.102343, "T_dst": -0.198355, "T_other": 2.622658, "V_all": 0.0, "R_wait": -0.012222}, "identity_ok": true}
DONE
/mnt/c/Users/geonu/Desktop/port_reinforcement/.venv/lib/python3.12/site-packages/torch/_subclasses/functional_tensor.py:368: UserWarning: Failed to initialize NumPy: No module named 'numpy' (Triggered internally at /__w/pytorch/pytorch/torch/csrc/utils/tensor_numpy.cpp:84.)
  cpu = _conversion_method_template(device=torch.device("cpu"))
{"idx": 4, "gain_realized": 1.838078, "parts": {"T_src": 0.327731, "T_dst": -0.168697, "T_other": 1.691266, "V_all": 0.0, "R_wait": -0.012222}, "identity_ok": true}
DONE
/mnt/c/Users/geonu/Desktop/port_reinforcement/.venv/lib/python3.12/site-packages/torch/_subclasses/functional_tensor.py:368: UserWarning: Failed to initialize NumPy: No module named 'numpy' (Triggered internally at /__w/pytorch/pytorch/torch/csrc/utils/tensor_numpy.cpp:84.)
  cpu = _conversion_method_template(device=torch.device("cpu"))
{"idx": 5, "gain_realized": 0.916376, "parts": {"T_src": 0.471116, "T_dst": -0.275681, "T_other": 0.736219, "V_all": 0.0, "R_wait": -0.015278}, "identity_ok": true}
DONE
/mnt/c/Users/geonu/Desktop/port_reinforcement/.venv/lib/python3.12/site-packages/torch/_subclasses/functional_tensor.py:368: UserWarning: Failed to initialize NumPy: No module named 'numpy' (Triggered internally at /__w/pytorch/pytorch/torch/csrc/utils/tensor_numpy.cpp:84.)
  cpu = _conversion_method_template(device=torch.device("cpu"))
{"idx": 6, "gain_realized": 2.514423, "parts": {"T_src": 0.102343, "T_dst": -0.198355, "T_other": 2.622658, "V_all": 0.0, "R_wait": -0.012222}, "identity_ok": true}
DONE
/mnt/c/Users/geonu/Desktop/port_reinforcement/.venv/lib/python3.12/site-packages/torch/_subclasses/functional_tensor.py:368: UserWarning: Failed to initialize NumPy: No module named 'numpy' (Triggered internally at /__w/pytorch/pytorch/torch/csrc/utils/tensor_numpy.cpp:84.)
  cpu = _conversion_method_template(device=torch.device("cpu"))
{"idx": 8, "gain_realized": -0.091833, "parts": {"T_src": -1.181616, "T_dst": 1.35084, "T_other": -0.248835, "V_all": 0.0, "R_wait": -0.012222}, "identity_ok": true}
DONE
/mnt/c/Users/geonu/Desktop/port_reinforcement/.venv/lib/python3.12/site-packages/torch/_subclasses/functional_tensor.py:368: UserWarning: Failed to initialize NumPy: No module named 'numpy' (Triggered internally at /__w/pytorch/pytorch/torch/csrc/utils/tensor_numpy.cpp:84.)
  cpu = _conversion_method_template(device=torch.device("cpu"))
{"idx": 7, "gain_realized": 0.197985, "parts": {"T_src": 0.154329, "T_dst": -0.19916, "T_other": 0.261149, "V_all": 0.0, "R_wait": -0.018333}, "identity_ok": true}
DONE
/mnt/c/Users/geonu/Desktop/port_reinforcement/.venv/lib/python3.12/site-packages/torch/_subclasses/functional_tensor.py:368: UserWarning: Failed to initialize NumPy: No module named 'numpy' (Triggered internally at /__w/pytorch/pytorch/torch/csrc/utils/tensor_numpy.cpp:84.)
  cpu = _conversion_method_template(device=torch.device("cpu"))
{"idx": 9, "gain_realized": -0.14515, "parts": {"T_src": -0.68545, "T_dst": -0.062162, "T_other": 0.620796, "V_all": 0.0, "R_wait": -0.018333}, "identity_ok": true}
DONE
/mnt/c/Users/geonu/Desktop/port_reinforcement/.venv/lib/python3.12/site-packages/torch/_subclasses/functional_tensor.py:368: UserWarning: Failed to initialize NumPy: No module named 'numpy' (Triggered internally at /__w/pytorch/pytorch/torch/csrc/utils/tensor_numpy.cpp:84.)
  cpu = _conversion_method_template(device=torch.device("cpu"))
{"idx": 10, "gain_realized": -0.01295, "parts": {"T_src": 0.186883, "T_dst": -0.186525, "T_other": -0.016364, "V_all": 0.0, "R_wait": 0.003056}, "identity_ok": true}
DONE
/mnt/c/Users/geonu/Desktop/port_reinforcement/.venv/lib/python3.12/site-packages/torch/_subclasses/functional_tensor.py:368: UserWarning: Failed to initialize NumPy: No module named 'numpy' (Triggered internally at /__w/pytorch/pytorch/torch/csrc/utils/tensor_numpy.cpp:84.)
  cpu = _conversion_method_template(device=torch.device("cpu"))
{"idx": 11, "gain_realized": -0.01295, "parts": {"T_src": 0.186883, "T_dst": -0.186525, "T_other": -0.016364, "V_all": 0.0, "R_wait": 0.003056}, "identity_ok": true}
DONE
/mnt/c/Users/geonu/Desktop/port_reinforcement/.venv/lib/python3.12/site-packages/torch/_subclasses/functional_tensor.py:368: UserWarning: Failed to initialize NumPy: No module named 'numpy' (Triggered internally at /__w/pytorch/pytorch/torch/csrc/utils/tensor_numpy.cpp:84.)
  cpu = _conversion_method_template(device=torch.device("cpu"))
{"idx": 12, "gain_realized": -0.000122, "parts": {"T_src": 0.162404, "T_dst": -0.203359, "T_other": 0.05, "V_all": 0.0, "R_wait": -0.009167}, "identity_ok": true}
DONE
/mnt/c/Users/geonu/Desktop/port_reinforcement/.venv/lib/python3.12/site-packages/torch/_subclasses/functional_tensor.py:368: UserWarning: Failed to initialize NumPy: No module named 'numpy' (Triggered internally at /__w/pytorch/pytorch/torch/csrc/utils/tensor_numpy.cpp:84.)
  cpu = _conversion_method_template(device=torch.device("cpu"))
{"idx": 13, "gain_realized": -0.482588, "parts": {"T_src": 0.192295, "T_dst": -0.211152, "T_other": -0.442342, "V_all": 0.0, "R_wait": -0.021389}, "identity_ok": true}
DONE
/mnt/c/Users/geonu/Desktop/port_reinforcement/.venv/lib/python3.12/site-packages/torch/_subclasses/functional_tensor.py:368: UserWarning: Failed to initialize NumPy: No module named 'numpy' (Triggered internally at /__w/pytorch/pytorch/torch/csrc/utils/tensor_numpy.cpp:84.)
  cpu = _conversion_method_template(device=torch.device("cpu"))
{"idx": 14, "gain_realized": -1.447259, "parts": {"T_src": 0.196369, "T_dst": -1.121832, "T_other": -0.515684, "V_all": 0.0, "R_wait": -0.006111}, "identity_ok": true}
DONE
/mnt/c/Users/geonu/Desktop/port_reinforcement/.venv/lib/python3.12/site-packages/torch/_subclasses/functional_tensor.py:368: UserWarning: Failed to initialize NumPy: No module named 'numpy' (Triggered internally at /__w/pytorch/pytorch/torch/csrc/utils/tensor_numpy.cpp:84.)
  cpu = _conversion_method_template(device=torch.device("cpu"))
{"idx": 16, "gain_realized": 0.584388, "parts": {"T_src": -0.582779, "T_dst": 0.515273, "T_other": 0.658006, "V_all": 0.0, "R_wait": -0.006111}, "identity_ok": true}
DONE
/mnt/c/Users/geonu/Desktop/port_reinforcement/.venv/lib/python3.12/site-packages/torch/_subclasses/functional_tensor.py:368: UserWarning: Failed to initialize NumPy: No module named 'numpy' (Triggered internally at /__w/pytorch/pytorch/torch/csrc/utils/tensor_numpy.cpp:84.)
  cpu = _conversion_method_template(device=torch.device("cpu"))
{"idx": 15, "gain_realized": -1.447259, "parts": {"T_src": 0.196369, "T_dst": -1.121832, "T_other": -0.515684, "V_all": 0.0, "R_wait": -0.006111}, "identity_ok": true}
DONE
/mnt/c/Users/geonu/Desktop/port_reinforcement/.venv/lib/python3.12/site-packages/torch/_subclasses/functional_tensor.py:368: UserWarning: Failed to initialize NumPy: No module named 'numpy' (Triggered internally at /__w/pytorch/pytorch/torch/csrc/utils/tensor_numpy.cpp:84.)
  cpu = _conversion_method_template(device=torch.device("cpu"))
{"idx": 17, "gain_realized": 0.584388, "parts": {"T_src": -0.582779, "T_dst": 0.515273, "T_other": 0.658006, "V_all": 0.0, "R_wait": -0.006111}, "identity_ok": true}
DONE
/mnt/c/Users/geonu/Desktop/port_reinforcement/.venv/lib/python3.12/site-packages/torch/_subclasses/functional_tensor.py:368: UserWarning: Failed to initialize NumPy: No module named 'numpy' (Triggered internally at /__w/pytorch/pytorch/torch/csrc/utils/tensor_numpy.cpp:84.)
  cpu = _conversion_method_template(device=torch.device("cpu"))
{"idx": 18, "gain_realized": -0.031967, "parts": {"T_src": 0.254188, "T_dst": -0.280044, "T_other": 0.0, "V_all": 0.0, "R_wait": -0.006111}, "identity_ok": true}
DONE
/mnt/c/Users/geonu/Desktop/port_reinforcement/.venv/lib/python3.12/site-packages/torch/_subclasses/functional_tensor.py:368: UserWarning: Failed to initialize NumPy: No module named 'numpy' (Triggered internally at /__w/pytorch/pytorch/torch/csrc/utils/tensor_numpy.cpp:84.)
  cpu = _conversion_method_template(device=torch.device("cpu"))
{"idx": 19, "gain_realized": 0.003042, "parts": {"T_src": 0.195318, "T_dst": -0.189221, "T_other": 0.0, "V_all": 0.0, "R_wait": -0.003056}, "identity_ok": true}
DONE
{"idx": 20, "gain_realized": 2.199832, "parts": {"T_src": -0.089603, "T_dst": -0.214659, "T_other": 2.525483, "V_all": 0.0, "R_wait": -0.021389}, "identity_ok": true}
DONE
/mnt/c/Users/geonu/Desktop/port_reinforcement/.venv/lib/python3.12/site-packages/torch/_subclasses/functional_tensor.py:368: UserWarning: Failed to initialize NumPy: No module named 'numpy' (Triggered internally at /__w/pytorch/pytorch/torch/csrc/utils/tensor_numpy.cpp:84.)
  cpu = _conversion_method_template(device=torch.device("cpu"))
/mnt/c/Users/geonu/Desktop/port_reinforcement/.venv/lib/python3.12/site-packages/torch/_subclasses/functional_tensor.py:368: UserWarning: Failed to initialize NumPy: No module named 'numpy' (Triggered internally at /__w/pytorch/pytorch/torch/csrc/utils/tensor_numpy.cpp:84.)
  cpu = _conversion_method_template(device=torch.device("cpu"))
{"idx": 21, "gain_realized": 2.157376, "parts": {"T_src": -0.05627, "T_dst": 0.191733, "T_other": 2.03108, "V_all": 0.0, "R_wait": -0.009167}, "identity_ok": true}
DONE
/mnt/c/Users/geonu/Desktop/port_reinforcement/.venv/lib/python3.12/site-packages/torch/_subclasses/functional_tensor.py:368: UserWarning: Failed to initialize NumPy: No module named 'numpy' (Triggered internally at /__w/pytorch/pytorch/torch/csrc/utils/tensor_numpy.cpp:84.)
  cpu = _conversion_method_template(device=torch.device("cpu"))
{"idx": 22, "gain_realized": 2.141599, "parts": {"T_src": -0.123164, "T_dst": -1.17169, "T_other": 3.442565, "V_all": 0.0, "R_wait": -0.006111}, "identity_ok": true}
DONE
/mnt/c/Users/geonu/Desktop/port_reinforcement/.venv/lib/python3.12/site-packages/torch/_subclasses/functional_tensor.py:368: UserWarning: Failed to initialize NumPy: No module named 'numpy' (Triggered internally at /__w/pytorch/pytorch/torch/csrc/utils/tensor_numpy.cpp:84.)
  cpu = _conversion_method_template(device=torch.device("cpu"))
{"idx": 23, "gain_realized": -0.00432, "parts": {"T_src": 0.165937, "T_dst": -0.171646, "T_other": 0.016667, "V_all": 0.0, "R_wait": -0.015278}, "identity_ok": true}
DONE
/mnt/c/Users/geonu/Desktop/port_reinforcement/.venv/lib/python3.12/site-packages/torch/_subclasses/functional_tensor.py:368: UserWarning: Failed to initialize NumPy: No module named 'numpy' (Triggered internally at /__w/pytorch/pytorch/torch/csrc/utils/tensor_numpy.cpp:84.)
  cpu = _conversion_method_template(device=torch.device("cpu"))
{"idx": 24, "gain_realized": 0.371685, "parts": {"T_src": 0.566667, "T_dst": -0.18276, "T_other": 0.0, "V_all": 0.0, "R_wait": -0.012222}, "identity_ok": true}
DONE
/mnt/c/Users/geonu/Desktop/port_reinforcement/.venv/lib/python3.12/site-packages/torch/_subclasses/functional_tensor.py:368: UserWarning: Failed to initialize NumPy: No module named 'numpy' (Triggered internally at /__w/pytorch/pytorch/torch/csrc/utils/tensor_numpy.cpp:84.)
  cpu = _conversion_method_template(device=torch.device("cpu"))
{"idx": 25, "gain_realized": 0.276868, "parts": {"T_src": 0.483333, "T_dst": -0.194243, "T_other": 0.0, "V_all": 0.0, "R_wait": -0.012222}, "identity_ok": true}
DONE
/mnt/c/Users/geonu/Desktop/port_reinforcement/.venv/lib/python3.12/site-packages/torch/_subclasses/functional_tensor.py:368: UserWarning: Failed to initialize NumPy: No module named 'numpy' (Triggered internally at /__w/pytorch/pytorch/torch/csrc/utils/tensor_numpy.cpp:84.)
  cpu = _conversion_method_template(device=torch.device("cpu"))
{"idx": 26, "gain_realized": 0.95597, "parts": {"T_src": 1.481457, "T_dst": -0.344212, "T_other": -0.175163, "V_all": 0.0, "R_wait": -0.006111}, "identity_ok": true}
DONE
/mnt/c/Users/geonu/Desktop/port_reinforcement/.venv/lib/python3.12/site-packages/torch/_subclasses/functional_tensor.py:368: UserWarning: Failed to initialize NumPy: No module named 'numpy' (Triggered internally at /__w/pytorch/pytorch/torch/csrc/utils/tensor_numpy.cpp:84.)
  cpu = _conversion_method_template(device=torch.device("cpu"))
{"idx": 27, "gain_realized": 0.95597, "parts": {"T_src": 1.481457, "T_dst": -0.344212, "T_other": -0.175163, "V_all": 0.0, "R_wait": -0.006111}, "identity_ok": true}
DONE
/mnt/c/Users/geonu/Desktop/port_reinforcement/.venv/lib/python3.12/site-packages/torch/_subclasses/functional_tensor.py:368: UserWarning: Failed to initialize NumPy: No module named 'numpy' (Triggered internally at /__w/pytorch/pytorch/torch/csrc/utils/tensor_numpy.cpp:84.)
  cpu = _conversion_method_template(device=torch.device("cpu"))
{"idx": 28, "gain_realized": -0.006956, "parts": {"T_src": 0.145327, "T_dst": -0.200616, "T_other": 0.066667, "V_all": 0.0, "R_wait": -0.018333}, "identity_ok": true}
DONE
/mnt/c/Users/geonu/Desktop/port_reinforcement/.venv/lib/python3.12/site-packages/torch/_subclasses/functional_tensor.py:368: UserWarning: Failed to initialize NumPy: No module named 'numpy' (Triggered internally at /__w/pytorch/pytorch/torch/csrc/utils/tensor_numpy.cpp:84.)
  cpu = _conversion_method_template(device=torch.device("cpu"))
{"idx": 29, "gain_realized": 3.749496, "parts": {"T_src": 2.237417, "T_dst": -0.238783, "T_other": 1.756974, "V_all": 0.0, "R_wait": -0.006111}, "identity_ok": true}
DONE
/mnt/c/Users/geonu/Desktop/port_reinforcement/.venv/lib/python3.12/site-packages/torch/_subclasses/functional_tensor.py:368: UserWarning: Failed to initialize NumPy: No module named 'numpy' (Triggered internally at /__w/pytorch/pytorch/torch/csrc/utils/tensor_numpy.cpp:84.)
  cpu = _conversion_method_template(device=torch.device("cpu"))
{"idx": 32, "gain_realized": -1.37985, "parts": {"T_src": 0.60659, "T_dst": -0.185545, "T_other": -1.803951, "V_all": 0.0, "R_wait": 0.003056}, "identity_ok": true}
DONE
/mnt/c/Users/geonu/Desktop/port_reinforcement/.venv/lib/python3.12/site-packages/torch/_subclasses/functional_tensor.py:368: UserWarning: Failed to initialize NumPy: No module named 'numpy' (Triggered internally at /__w/pytorch/pytorch/torch/csrc/utils/tensor_numpy.cpp:84.)
  cpu = _conversion_method_template(device=torch.device("cpu"))
{"idx": 30, "gain_realized": 0.395334, "parts": {"T_src": 0.145327, "T_dst": 0.165285, "T_other": 0.1, "V_all": 0.0, "R_wait": -0.015278}, "identity_ok": true}
DONE
/mnt/c/Users/geonu/Desktop/port_reinforcement/.venv/lib/python3.12/site-packages/torch/_subclasses/functional_tensor.py:368: UserWarning: Failed to initialize NumPy: No module named 'numpy' (Triggered internally at /__w/pytorch/pytorch/torch/csrc/utils/tensor_numpy.cpp:84.)
  cpu = _conversion_method_template(device=torch.device("cpu"))
{"idx": 31, "gain_realized": 0.395334, "parts": {"T_src": 0.145327, "T_dst": 0.165285, "T_other": 0.1, "V_all": 0.0, "R_wait": -0.015278}, "identity_ok": true}
DONE
/mnt/c/Users/geonu/Desktop/port_reinforcement/.venv/lib/python3.12/site-packages/torch/_subclasses/functional_tensor.py:368: UserWarning: Failed to initialize NumPy: No module named 'numpy' (Triggered internally at /__w/pytorch/pytorch/torch/csrc/utils/tensor_numpy.cpp:84.)
  cpu = _conversion_method_template(device=torch.device("cpu"))
{"idx": 33, "gain_realized": -2.372401, "parts": {"T_src": -1.042192, "T_dst": -0.168833, "T_other": -1.164432, "V_all": 0.0, "R_wait": 0.003056}, "identity_ok": true}
DONE
/mnt/c/Users/geonu/Desktop/port_reinforcement/.venv/lib/python3.12/site-packages/torch/_subclasses/functional_tensor.py:368: UserWarning: Failed to initialize NumPy: No module named 'numpy' (Triggered internally at /__w/pytorch/pytorch/torch/csrc/utils/tensor_numpy.cpp:84.)
  cpu = _conversion_method_template(device=torch.device("cpu"))
{"idx": 34, "gain_realized": -1.970112, "parts": {"T_src": -1.726755, "T_dst": 0.589991, "T_other": -0.81807, "V_all": 0.0, "R_wait": -0.015278}, "identity_ok": true}
DONE
/mnt/c/Users/geonu/Desktop/port_reinforcement/.venv/lib/python3.12/site-packages/torch/_subclasses/functional_tensor.py:368: UserWarning: Failed to initialize NumPy: No module named 'numpy' (Triggered internally at /__w/pytorch/pytorch/torch/csrc/utils/tensor_numpy.cpp:84.)
  cpu = _conversion_method_template(device=torch.device("cpu"))
{"idx": 35, "gain_realized": -1.970112, "parts": {"T_src": -1.726755, "T_dst": 0.589991, "T_other": -0.81807, "V_all": 0.0, "R_wait": -0.015278}, "identity_ok": true}
DONE
/mnt/c/Users/geonu/Desktop/port_reinforcement/.venv/lib/python3.12/site-packages/torch/_subclasses/functional_tensor.py:368: UserWarning: Failed to initialize NumPy: No module named 'numpy' (Triggered internally at /__w/pytorch/pytorch/torch/csrc/utils/tensor_numpy.cpp:84.)
  cpu = _conversion_method_template(device=torch.device("cpu"))
{"idx": 36, "gain_realized": -2.260668, "parts": {"T_src": 0.111593, "T_dst": -0.139582, "T_other": -2.226569, "V_all": 0.0, "R_wait": -0.006111}, "identity_ok": true}
DONE
/mnt/c/Users/geonu/Desktop/port_reinforcement/.venv/lib/python3.12/site-packages/torch/_subclasses/functional_tensor.py:368: UserWarning: Failed to initialize NumPy: No module named 'numpy' (Triggered internally at /__w/pytorch/pytorch/torch/csrc/utils/tensor_numpy.cpp:84.)
  cpu = _conversion_method_template(device=torch.device("cpu"))
{"idx": 37, "gain_realized": 0.249114, "parts": {"T_src": 0.185727, "T_dst": -0.177054, "T_other": 0.258775, "V_all": 0.0, "R_wait": -0.018333}, "identity_ok": true}
DONE
{"idx": 38, "gain_realized": -1.005475, "parts": {"T_src": 0.248547, "T_dst": -0.089179, "T_other": -1.146509, "V_all": 0.0, "R_wait": -0.018333}, "identity_ok": true}
DONE
{"idx": 39, "gain_realized": -1.005475, "parts": {"T_src": 0.248547, "T_dst": -0.089179, "T_other": -1.146509, "V_all": 0.0, "R_wait": -0.018333}, "identity_ok": true}
DONE
/mnt/c/Users/geonu/Desktop/port_reinforcement/.venv/lib/python3.12/site-packages/torch/_subclasses/functional_tensor.py:368: UserWarning: Failed to initialize NumPy: No module named 'numpy' (Triggered internally at /__w/pytorch/pytorch/torch/csrc/utils/tensor_numpy.cpp:84.)
  cpu = _conversion_method_template(device=torch.device("cpu"))
{"n_valid": 40, "parts_median": {"T_src": 0.175832, "T_dst": -0.186525, "T_other": 0.012359, "V_all": 0.0, "R_wait": -0.012222}, "residual_median": {"res_route": 0.0, "res_unmodeled": -0.012359}, "dominant_by_rule": "res_unmodeled"}
DONE
REPLAY_END 2026-08-10 11:53:43
